ARM Linker, 5.03 [Build 76] [MDK-ARM Lite]

==============================================================================

Section Cross References

    system_stm32f4xx.o(.text) refers to system_stm32f4xx.o(.data) for SystemCoreClock
    startup_stm32f4xx.o(RESET) refers to startup_stm32f4xx.o(STACK) for __initial_sp
    startup_stm32f4xx.o(RESET) refers to startup_stm32f4xx.o(.text) for Reset_Handler
    startup_stm32f4xx.o(RESET) refers to hal_cm4.o(.emb_text) for SVC_Handler
    startup_stm32f4xx.o(RESET) refers to main.o(.text) for EXTI0_IRQHandler
    startup_stm32f4xx.o(.text) refers to system_stm32f4xx.o(.text) for SystemInit
    startup_stm32f4xx.o(.text) refers to entry.o(.ARM.Collect$$$$00000000) for __main
    rtx_conf_cm.o(.ARM.Collect$$$$000000FF) refers to rt_cmsis.o(i.osKernelStart) for osKernelStart
    rtx_conf_cm.o(.ARM.Collect$$$$000000FF) refers to rtx_conf_cm.o(.constdata) for .constdata
    rtx_conf_cm.o(.constdata) refers to rt_cmsis.o(i.osTimerThread) for osTimerThread
    rtx_conf_cm.o(.constdata) refers to rtx_conf_cm.o(.bss) for os_messageQ_q_osTimerMessageQ
    rtx_conf_cm.o(.constdata) refers to main.o(.text) for main
    main.o(.text) refers to lab4_init.o(.text) for init_TIM2
    main.o(.text) refers to rt_cmsis.o(i.osMutexCreate) for osMutexCreate
    main.o(.text) refers to rt_cmsis.o(i.osThreadCreate) for osThreadCreate
    main.o(.text) refers to rt_cmsis.o(i.osDelay) for osDelay
    main.o(.text) refers to lab4_accelerometer.o(.text) for init_orientation
    main.o(.text) refers to rt_cmsis.o(i.osSignalWait) for osSignalWait
    main.o(.text) refers to rt_cmsis.o(i.osMutexWait) for osMutexWait
    main.o(.text) refers to rt_cmsis.o(i.osMutexRelease) for osMutexRelease
    main.o(.text) refers to lab4_temp.o(.text) for init_temp_reader
    main.o(.text) refers to stm32f4xx_gpio.o(.text) for GPIO_ReadInputDataBit
    main.o(.text) refers to rt_cmsis.o(i.osSignalClear) for osSignalClear
    main.o(.text) refers to stm32f4xx_tim.o(.text) for TIM_GetITStatus
    main.o(.text) refers to rt_cmsis.o(i.osSignalSet) for osSignalSet
    main.o(.text) refers to stm32f4xx_exti.o(.text) for EXTI_GetITStatus
    main.o(.text) refers to main.o(.constdata) for os_mutex_def_led_mutex
    main.o(.text) refers to main.o(.data) for led_mutex
    main.o(.constdata) refers to main.o(.text) for accelerometer_thread
    main.o(.constdata) refers to main.o(.bss) for os_mutex_cb_led_mutex
    lab4_init.o(.text) refers to stm32f4xx_rcc.o(.text) for RCC_APB1PeriphClockCmd
    lab4_init.o(.text) refers to stm32f4xx_tim.o(.text) for TIM_TimeBaseInit
    lab4_init.o(.text) refers to misc.o(.text) for NVIC_Init
    lab4_init.o(.text) refers to stm32f4xx_gpio.o(.text) for GPIO_StructInit
    lab4_init.o(.text) refers to stm32f4xx_syscfg.o(.text) for SYSCFG_EXTILineConfig
    lab4_init.o(.text) refers to stm32f4xx_exti.o(.text) for EXTI_StructInit
    lab4_init.o(.text) refers to stm32f4_discovery_lis302dl.o(.text) for LIS302DL_Init
    lab4_init.o(.text) refers to stm32f4xx_adc.o(.text) for ADC_CommonInit
    lab4_init.o(.text) refers to system_stm32f4xx.o(.data) for SystemCoreClock
    lab4_accelerometer.o(.text) refers to stm32f4_discovery_lis302dl.o(.text) for LIS302DL_ReadACC
    lab4_accelerometer.o(.text) refers to dflti.o(.text) for __aeabi_i2d
    lab4_accelerometer.o(.text) refers to dmul.o(.text) for __aeabi_dmul
    lab4_accelerometer.o(.text) refers to dadd.o(.text) for __aeabi_dadd
    lab4_accelerometer.o(.text) refers to dfixi.o(.text) for __aeabi_d2iz
    lab4_accelerometer.o(.text) refers to pow.o(i.__hardfp_pow) for __hardfp_pow
    lab4_accelerometer.o(.text) refers to sqrt.o(i.__hardfp_sqrt) for __hardfp_sqrt
    lab4_accelerometer.o(.text) refers to ddiv.o(.text) for __aeabi_ddiv
    lab4_accelerometer.o(.text) refers to atan.o(i.__hardfp_atan) for __hardfp_atan
    lab4_accelerometer.o(.text) refers to d2f.o(.text) for __aeabi_d2f
    lab4_accelerometer.o(.text) refers to stm32f4xx_tim.o(.text) for TIM_SetCompare1
    lab4_accelerometer.o(.text) refers to lab4_filter.o(.text) for insert_value
    lab4_filter.o(.text) refers to f2d.o(.text) for __aeabi_f2d
    lab4_filter.o(.text) refers to dadd.o(.text) for __aeabi_dadd
    lab4_filter.o(.text) refers to dfltui.o(.text) for __aeabi_ui2d
    lab4_filter.o(.text) refers to ddiv.o(.text) for __aeabi_ddiv
    lab4_filter.o(.text) refers to d2f.o(.text) for __aeabi_d2f
    lab4_temp.o(.text) refers to stm32f4xx_gpio.o(.text) for GPIO_Write
    lab4_temp.o(.text) refers to memcpya.o(.text) for __aeabi_memcpy4
    lab4_temp.o(.text) refers to lab4_filter.o(.text) for init_moving_average
    lab4_temp.o(.text) refers to stm32f4xx_adc.o(.text) for ADC_SoftwareStartConv
    stm32f4xx_adc.o(.text) refers to stm32f4xx_rcc.o(.text) for RCC_APB2PeriphResetCmd
    stm32f4xx_can.o(.text) refers to stm32f4xx_rcc.o(.text) for RCC_APB1PeriphResetCmd
    stm32f4xx_cryp.o(.text) refers to stm32f4xx_rcc.o(.text) for RCC_AHB2PeriphResetCmd
[...]
    i.osMutexCreate                          0x08005494   Section        0  rt_cmsis.o(i.osMutexCreate)
    i.osMutexRelease                         0x080054ac   Section        0  rt_cmsis.o(i.osMutexRelease)
    i.osMutexWait                            0x080054c4   Section        0  rt_cmsis.o(i.osMutexWait)
    i.osSignalClear                          0x080054dc   Section        0  rt_cmsis.o(i.osSignalClear)
    i.osSignalSet                            0x080054f4   Section        0  rt_cmsis.o(i.osSignalSet)
    i.osSignalWait                           0x08005528   Section        0  rt_cmsis.o(i.osSignalWait)
    i.osThreadCreate                         0x08005540   Section        0  rt_cmsis.o(i.osThreadCreate)
    i.osThreadExit                           0x08005558   Section        0  rt_cmsis.o(i.osThreadExit)
    i.osTimerCall                            0x08005570   Section        0  rt_cmsis.o(i.osTimerCall)
    i.osTimerThread                          0x0800557c   Section        0  rt_cmsis.o(i.osTimerThread)
    i.rt_alloc_box                           0x080055a8   Section        0  rt_membox.o(i.rt_alloc_box)
    i.rt_alloc_mem                           0x080055c4   Section        0  rt_memory.o(i.rt_alloc_mem)
    i.rt_block                               0x08005600   Section        0  rt_task.o(i.rt_block)
    i.rt_chk_robin                           0x08005638   Section        0  rt_robin.o(i.rt_chk_robin)
    i.rt_dec_dly                             0x08005680   Section        0  rt_list.o(i.rt_dec_dly)
    i.rt_dispatch                            0x080056f0   Section        0  rt_task.o(i.rt_dispatch)
    i.rt_dly_wait                            0x08005734   Section        0  rt_time.o(i.rt_dly_wait)
    i.rt_evt_clr                             0x0800573c   Section        0  rt_event.o(i.rt_evt_clr)
    i.rt_evt_psh                             0x08005758   Section        0  rt_event.o(i.rt_evt_psh)
    i.rt_evt_set                             0x080057a8   Section        0  rt_event.o(i.rt_evt_set)
    i.rt_evt_wait                            0x08005804   Section        0  rt_event.o(i.rt_evt_wait)
    i.rt_free_box                            0x08005844   Section        0  rt_membox.o(i.rt_free_box)
    i.rt_free_mem                            0x08005864   Section        0  rt_memory.o(i.rt_free_mem)
    i.rt_get_first                           0x0800588c   Section        0  rt_list.o(i.rt_get_first)
    i.rt_id2obj                              0x080058b4   Section        0  rt_cmsis.o(i.rt_id2obj)
    rt_id2obj                                0x080058b5   Thumb Code     8  rt_cmsis.o(i.rt_id2obj)
    i.rt_init_context                        0x080058bc   Section        0  rt_task.o(i.rt_init_context)
    rt_init_context                          0x080058bd   Thumb Code    60  rt_task.o(i.rt_init_context)
    i.rt_init_mem                            0x080058fc   Section        0  rt_memory.o(i.rt_init_mem)
    i.rt_init_robin                          0x08005918   Section        0  rt_robin.o(i.rt_init_robin)
    i.rt_init_stack                          0x08005930   Section        0  hal_cm.o(i.rt_init_stack)
    i.rt_mbx_check                           0x08005980   Section        0  rt_mailbox.o(i.rt_mbx_check)
    i.rt_mbx_init                            0x08005988   Section        0  rt_mailbox.o(i.rt_mbx_init)
    i.rt_mbx_psh                             0x080059a4   Section        0  rt_mailbox.o(i.rt_mbx_psh)
    i.rt_mbx_wait                            0x08005aa0   Section        0  rt_mailbox.o(i.rt_mbx_wait)
    i.rt_ms2tick                             0x08005b54   Section        0  rt_cmsis.o(i.rt_ms2tick)
    rt_ms2tick                               0x08005b55   Thumb Code    50  rt_cmsis.o(i.rt_ms2tick)
    i.rt_mut_init                            0x08005b90   Section        0  rt_mutex.o(i.rt_mut_init)
    i.rt_mut_release                         0x08005ba0   Section        0  rt_mutex.o(i.rt_mut_release)
    i.rt_mut_wait                            0x08005c40   Section        0  rt_mutex.o(i.rt_mut_wait)
    i.rt_pop_req                             0x08005ca4   Section        0  rt_system.o(i.rt_pop_req)
    i.rt_psh_req                             0x08005d1c   Section        0  rt_system.o(i.rt_psh_req)
    i.rt_psq_enq                             0x08005d3c   Section        0  rt_list.o(i.rt_psq_enq)
    i.rt_put_dly                             0x08005d94   Section        0  rt_list.o(i.rt_put_dly)
    i.rt_put_prio                            0x08005df0   Section        0  rt_list.o(i.rt_put_prio)
    i.rt_put_rdy_first                       0x08005e28   Section        0  rt_list.o(i.rt_put_rdy_first)
    i.rt_resort_prio                         0x08005e3c   Section        0  rt_list.o(i.rt_resort_prio)
    i.rt_ret_regs                            0x08005e70   Section        0  hal_cm.o(i.rt_ret_regs)
    rt_ret_regs                              0x08005e71   Thumb Code    16  hal_cm.o(i.rt_ret_regs)
    i.rt_ret_val                             0x08005e80   Section        0  hal_cm.o(i.rt_ret_val)
    i.rt_ret_val2                            0x08005e8c   Section        0  hal_cm.o(i.rt_ret_val2)
    i.rt_rmv_dly                             0x08005e9c   Section        0  rt_list.o(i.rt_rmv_dly)
    i.rt_rmv_list                            0x08005ec4   Section        0  rt_list.o(i.rt_rmv_list)
    i.rt_sem_psh                             0x08005ef4   Section        0  rt_semaphore.o(i.rt_sem_psh)
    i.rt_stk_check                           0x08005f28   Section        0  rt_system.o(i.rt_stk_check)
    i.rt_switch_req                          0x08005f4c   Section        0  rt_task.o(i.rt_switch_req)
    i.rt_sys_init                            0x08005f74   Section        0  rt_task.o(i.rt_sys_init)
    i.rt_systick                             0x080060b4   Section        0  rt_system.o(i.rt_systick)
    i.rt_tid2ptcb                            0x080060f0   Section        0  rt_cmsis.o(i.rt_tid2ptcb)
    rt_tid2ptcb                              0x080060f1   Thumb Code    18  rt_cmsis.o(i.rt_tid2ptcb)
    i.rt_timer_insert                        0x08006104   Section        0  rt_cmsis.o(i.rt_timer_insert)
    rt_timer_insert                          0x08006105   Thumb Code    56  rt_cmsis.o(i.rt_timer_insert)
    i.rt_tsk_create                          0x08006140   Section        0  rt_task.o(i.rt_tsk_create)
    i.rt_tsk_delete                          0x080061c0   Section        0  rt_task.o(i.rt_tsk_delete)
    i.rt_tsk_self                            0x0800626c   Section        0  rt_task.o(i.rt_tsk_self)
    i.sqrt                                   0x0800627c   Section        0  sqrt.o(i.sqrt)
    i.svcDelay                               0x080062ea   Section        0  rt_cmsis.o(i.svcDelay)
    i.svcKernelStart                         0x08006300   Section        0  rt_cmsis.o(i.svcKernelStart)
    i.svcMessageCreate                       0x080063d4   Section        0  rt_cmsis.o(i.svcMessageCreate)
    i.svcMessageGet                          0x080063f8   Section        0  rt_cmsis.o(i.svcMessageGet)
    i.svcMutexCreate                         0x08006432   Section        0  rt_cmsis.o(i.svcMutexCreate)
    i.svcMutexRelease                        0x0800644e   Section        0  rt_cmsis.o(i.svcMutexRelease)
    i.svcMutexWait                           0x08006470   Section        0  rt_cmsis.o(i.svcMutexWait)
    i.svcSignalClear                         0x080064a6   Section        0  rt_cmsis.o(i.svcSignalClear)
    i.svcSignalSet                           0x080064ca   Section        0  rt_cmsis.o(i.svcSignalSet)
    i.svcSignalWait                          0x080064f0   Section        0  rt_cmsis.o(i.svcSignalWait)
    i.svcThreadCreate                        0x08006544   Section        0  rt_cmsis.o(i.svcThreadCreate)
    i.svcThreadGetId                         0x080065b4   Section        0  rt_cmsis.o(i.svcThreadGetId)
    i.svcThreadTerminate                     0x080065d0   Section        0  rt_cmsis.o(i.svcThreadTerminate)
    i.svcTimerCall                           0x08006608   Section        0  rt_cmsis.o(i.svcTimerCall)
    i.sysTimerTick                           0x08006620   Section        0  rt_cmsis.o(i.sysTimerTick)
    .constdata                               0x08006674   Section       88  rtx_conf_cm.o(.constdata)
    __tagsym$$used                           0x08006688   Number         0  rtx_conf_cm.o(.constdata)
    __tagsym$$used                           0x0800668c   Number         0  rtx_conf_cm.o(.constdata)
    .constdata                               0x080066cc   Section      104  main.o(.constdata)
    .constdata                               0x08006738   Section      152  atan.o(.constdata)
    atanhi                                   0x08006738   Data          32  atan.o(.constdata)
    atanlo                                   0x08006758   Data          32  atan.o(.constdata)
    aTodd                                    0x08006778   Data          40  atan.o(.constdata)
    aTeven                                   0x080067a0   Data          48  atan.o(.constdata)
    .constdata                               0x080067d0   Section      136  pow.o(.constdata)
    bp                                       0x080067d0   Data          16  pow.o(.constdata)
    dp_h                                     0x080067e0   Data          16  pow.o(.constdata)
    dp_l                                     0x080067f0   Data          16  pow.o(.constdata)
    L                                        0x08006800   Data          48  pow.o(.constdata)
    P                                        0x08006830   Data          40  pow.o(.constdata)
    .constdata                               0x08006858   Section        8  qnan.o(.constdata)
    .bss                                     0x10000000   Section    10644  rtx_conf_cm.o(.bss)
    .data                                    0x20000000   Section       20  system_stm32f4xx.o(.data)
    .data                                    0x20000014   Section       16  rtx_conf_cm.o(.data)
    .data                                    0x20000024   Section       36  main.o(.data)
    tid_accelerometer_thread                 0x20000024   Data           4  main.o(.data)
    tid_temperature_thread                   0x20000028   Data           4  main.o(.data)
    tid_tap_thread                           0x2000002c   Data           4  main.o(.data)
    tid_pushbutton_thread                    0x20000030   Data           4  main.o(.data)
    tid_sw_pwm_thread                        0x20000034   Data           4  main.o(.data)
    tid_hw_pwm_thread                        0x20000038   Data           4  main.o(.data)
    led_mutex                                0x2000003c   Data           4  main.o(.data)
    mode_mutex                               0x20000040   Data           4  main.o(.data)
    mode                                     0x20000044   Data           4  main.o(.data)
    .data                                    0x20000048   Section       16  stm32f4xx_rcc.o(.data)
    APBAHBPrescTable                         0x20000048   Data          16  stm32f4xx_rcc.o(.data)
    .data                                    0x20000058   Section        4  stm32f4_discovery_lis302dl.o(.data)
    .data                                    0x2000005c   Section        4  rt_cmsis.o(.data)
    .data                                    0x20000060   Section        8  rt_task.o(.data)
    .data                                    0x20000068   Section        3  rt_system.o(.data)
    os_lock                                  0x20000068   Data           1  rt_system.o(.data)
    os_psh_flag                              0x20000069   Data           1  rt_system.o(.data)
    pend_flags                               0x2000006a   Data           1  rt_system.o(.data)
    .data                                    0x2000006c   Section        2  rt_time.o(.data)
    .data                                    0x2000006e   Section        1  hal_cm.o(.data)
    .data                                    0x20000070   Section        8  rt_robin.o(.data)
    .data                                    0x20000078   Section        4  errno.o(.data)
    _errno                                   0x20000078   Data           4  errno.o(.data)
    .bss                                     0x2000007c   Section       24  main.o(.bss)
    .bss                                     0x20000094   Section       48  rt_task.o(.bss)
    .bss                                     0x200000c4   Section       48  rt_list.o(.bss)
    STACK                                    0x200000f8   Section     1024  startup_stm32f4xx.o(STACK)

    Global Symbols

    Symbol Name                              Value     Ov Type        Size  Object(Section)

    BuildAttributes$$THM_ISAv4$E$P$D$K$B$S$7EM$VFPi3$EXTD16$VFPS$VFMA$PE$A:L22UL41UL21$X:L11$S22US41US21$IEEE1$IW$USESV6$~STKCKD$USESV7$~SHL$OTIME$ROPI$IEEEX$EBA8$MICROLIB$REQ8$PRES8$EABIv2 0x00000000   Number         0  anon$$obj.o ABSOLUTE
    __ARM_use_no_argv                        0x00000000   Number         0  main.o ABSOLUTE
    __use_no_errno                           0x00000000   Number         0  useno.o ABSOLUTE
    __use_no_exception_handling              0x00000000   Number         0  useno.o ABSOLUTE
    __use_no_fp                              0x00000000   Number         0  useno.o ABSOLUTE
    __use_no_heap                            0x00000000   Number         0  useno.o ABSOLUTE
    __use_no_heap_region                     0x00000000   Number         0  useno.o ABSOLUTE
    __use_no_semihosting                     0x00000000   Number         0  useno.o ABSOLUTE
    __use_no_semihosting_swi                 0x00000000   Number         0  useno.o ABSOLUTE
    __use_no_signal_handling                 0x00000000   Number         0  useno.o ABSOLUTE
    __cpp_initialize__aeabi_                  - Undefined Weak Reference
    __cxa_finalize                            - Undefined Weak Reference
    __decompress                              - Undefined Weak Reference
    _clock_init                               - Undefined Weak Reference
    _microlib_exit                            - Undefined Weak Reference
    __Vectors_Size                           0x00000188   Number         0  startup_stm32f4xx.o ABSOLUTE
    __RL_RTX_VER                             0x00000422   Number         0  rt_system.o ABSOLUTE
    __Vectors                                0x08000000   Data           4  startup_stm32f4xx.o(RESET)
    __Vectors_End                            0x08000188   Data           0  startup_stm32f4xx.o(RESET)
    __main                                   0x08000189   Thumb Code     0  entry.o(.ARM.Collect$$$$00000000)
    _main_stk                                0x08000189   Thumb Code     0  entry2.o(.ARM.Collect$$$$00000001)
    _main_scatterload                        0x0800018d   Thumb Code     0  entry5.o(.ARM.Collect$$$$00000004)
    __main_after_scatterload                 0x08000191   Thumb Code     0  entry5.o(.ARM.Collect$$$$00000004)
    __rt_final_cpp                           0x08000191   Thumb Code     0  entry10a.o(.ARM.Collect$$$$0000000D)
    __rt_final_exit                          0x08000191   Thumb Code     0  entry11a.o(.ARM.Collect$$$$0000000F)
    _main_clock                              0x08000191   Thumb Code     0  entry7b.o(.ARM.Collect$$$$00000008)
    _main_cpp_init                           0x08000191   Thumb Code     0  entry8b.o(.ARM.Collect$$$$0000000A)
    _main_init                               0x08000191   Thumb Code    10  rtx_conf_cm.o(.ARM.Collect$$$$000000FF)
    rt_set_PSP                               0x080001a5   Thumb Code     6  hal_cm4.o(.emb_text)
    os_set_env                               0x080001ab   Thumb Code    26  hal_cm4.o(.emb_text)
    _alloc_box                               0x080001c9   Thumb Code    28  hal_cm4.o(.emb_text)
    _free_box                                0x080001e9   Thumb Code    28  hal_cm4.o(.emb_text)
    SVC_Handler                              0x08000209   Thumb Code   152  hal_cm4.o(.emb_text)
    PendSV_Handler                           0x080002ad   Thumb Code     0  hal_cm4.o(.emb_text)
    Sys_Handler                              0x080002ad   Thumb Code   104  hal_cm4.o(.emb_text)
    SysTick_Handler                          0x0800030d   Thumb Code     0  hal_cm4.o(.emb_text)
    SystemInit                               0x080003f3   Thumb Code    88  system_stm32f4xx.o(.text)
    SystemCoreClockUpdate                    0x0800044b   Thumb Code   174  system_stm32f4xx.o(.text)
    Reset_Handler                            0x08000525   Thumb Code     8  startup_stm32f4xx.o(.text)
    NMI_Handler                              0x0800052d   Thumb Code     2  startup_stm32f4xx.o(.text)
    HardFault_Handler                        0x0800052f   Thumb Code     2  startup_stm32f4xx.o(.text)
    MemManage_Handler                        0x08000531   Thumb Code     2  startup_stm32f4xx.o(.text)
    BusFault_Handler                         0x08000533   Thumb Code     2  startup_stm32f4xx.o(.text)
    UsageFault_Handler                       0x08000535   Thumb Code     2  startup_stm32f4xx.o(.text)
    DebugMon_Handler                         0x08000539   Thumb Code     2  startup_stm32f4xx.o(.text)
    ADC_IRQHandler                           0x0800053f   Thumb Code     0  startup_stm32f4xx.o(.text)
    CAN1_RX0_IRQHandler                      0x0800053f   Thumb Code     0  startup_stm32f4xx.o(.text)
    CAN1_RX1_IRQHandler                      0x0800053f   Thumb Code     0  startup_stm32f4xx.o(.text)
    CAN1_SCE_IRQHandler                      0x0800053f   Thumb Code     0  startup_stm32f4xx.o(.text)
    CAN1_TX_IRQHandler                       0x0800053f   Thumb Code     0  startup_stm32f4xx.o(.text)
    CAN2_RX0_IRQHandler                      0x0800053f   Thumb Code     0  startup_stm32f4xx.o(.text)
    CAN2_RX1_IRQHandler                      0x0800053f   Thumb Code     0  startup_stm32f4xx.o(.text)
    CAN2_SCE_IRQHandler                      0x0800053f   Thumb Code     0  startup_stm32f4xx.o(.text)
    CAN2_TX_IRQHandler                       0x0800053f   Thumb Code     0  startup_stm32f4xx.o(.text)
    CRYP_IRQHandler                          0x0800053f   Thumb Code     0  startup_stm32f4xx.o(.text)
    DCMI_IRQHandler                          0x0800053f   Thumb Code     0  startup_stm32f4xx.o(.text)
    DMA1_Stream0_IRQHandler                  0x0800053f   Thumb Code     0  startup_stm32f4xx.o(.text)
    DMA1_Stream1_IRQHandler                  0x0800053f   Thumb Code     0  startup_stm32f4xx.o(.text)
    DMA1_Stream2_IRQHandler                  0x0800053f   Thumb Code     0  startup_stm32f4xx.o(.text)
    DMA1_Stream3_IRQHandler                  0x0800053f   Thumb Code     0  startup_stm32f4xx.o(.text)
    DMA1_Stream4_IRQHandler                  0x0800053f   Thumb Code     0  startup_stm32f4xx.o(.text)
    DMA1_Stream5_IRQHandler                  0x0800053f   Thumb Code     0  startup_stm32f4xx.o(.text)
    DMA1_Stream6_IRQHandler                  0x0800053f   Thumb Code     0  startup_stm32f4xx.o(.text)
    DMA1_Stream7_IRQHandler                  0x0800053f   Thumb Code     0  startup_stm32f4xx.o(.text)
    DMA2_Stream0_IRQHandler                  0x0800053f   Thumb Code     0  startup_stm32f4xx.o(.text)
    DMA2_Stream1_IRQHandler                  0x0800053f   Thumb Code     0  startup_stm32f4xx.o(.text)
    DMA2_Stream2_IRQHandler                  0x0800053f   Thumb Code     0  startup_stm32f4xx.o(.text)
    DMA2_Stream3_IRQHandler                  0x0800053f   Thumb Code     0  startup_stm32f4xx.o(.text)
    DMA2_Stream4_IRQHandler                  0x0800053f   Thumb Code     0  startup_stm32f4xx.o(.text)
    DMA2_Stream5_IRQHandler                  0x0800053f   Thumb Code     0  startup_stm32f4xx.o(.text)
    DMA2_Stream6_IRQHandler                  0x0800053f   Thumb Code     0  startup_stm32f4xx.o(.text)
    DMA2_Stream7_IRQHandler                  0x0800053f   Thumb Code     0  startup_stm32f4xx.o(.text)
    ETH_IRQHandler                           0x0800053f   Thumb Code     0  startup_stm32f4xx.o(.text)
    ETH_WKUP_IRQHandler                      0x0800053f   Thumb Code     0  startup_stm32f4xx.o(.text)
    EXTI15_10_IRQHandler                     0x0800053f   Thumb Code     0  startup_stm32f4xx.o(.text)
    EXTI2_IRQHandler                         0x0800053f   Thumb Code     0  startup_stm32f4xx.o(.text)
    EXTI3_IRQHandler                         0x0800053f   Thumb Code     0  startup_stm32f4xx.o(.text)
    EXTI4_IRQHandler                         0x0800053f   Thumb Code     0  startup_stm32f4xx.o(.text)
    EXTI9_5_IRQHandler                       0x0800053f   Thumb Code     0  startup_stm32f4xx.o(.text)
    FLASH_IRQHandler                         0x0800053f   Thumb Code     0  startup_stm32f4xx.o(.text)
    FPU_IRQHandler                           0x0800053f   Thumb Code     0  startup_stm32f4xx.o(.text)
    FSMC_IRQHandler                          0x0800053f   Thumb Code     0  startup_stm32f4xx.o(.text)
    HASH_RNG_IRQHandler                      0x0800053f   Thumb Code     0  startup_stm32f4xx.o(.text)
    I2C1_ER_IRQHandler                       0x0800053f   Thumb Code     0  startup_stm32f4xx.o(.text)
    I2C1_EV_IRQHandler                       0x0800053f   Thumb Code     0  startup_stm32f4xx.o(.text)
    I2C2_ER_IRQHandler                       0x0800053f   Thumb Code     0  startup_stm32f4xx.o(.text)
    I2C2_EV_IRQHandler                       0x0800053f   Thumb Code     0  startup_stm32f4xx.o(.text)
    I2C3_ER_IRQHandler                       0x0800053f   Thumb Code     0  startup_stm32f4xx.o(.text)
    I2C3_EV_IRQHandler                       0x0800053f   Thumb Code     0  startup_stm32f4xx.o(.text)
    OTG_FS_IRQHandler                        0x0800053f   Thumb Code     0  startup_stm32f4xx.o(.text)
    OTG_FS_WKUP_IRQHandler                   0x0800053f   Thumb Code     0  startup_stm32f4xx.o(.text)
    OTG_HS_EP1_IN_IRQHandler                 0x0800053f   Thumb Code     0  startup_stm32f4xx.o(.text)
    OTG_HS_EP1_OUT_IRQHandler                0x0800053f   Thumb Code     0  startup_stm32f4xx.o(.text)
    OTG_HS_IRQHandler                        0x0800053f   Thumb Code     0  startup_stm32f4xx.o(.text)
    OTG_HS_WKUP_IRQHandler                   0x0800053f   Thumb Code     0  startup_stm32f4xx.o(.text)
    PVD_IRQHandler                           0x0800053f   Thumb Code     0  startup_stm32f4xx.o(.text)
    RCC_IRQHandler                           0x0800053f   Thumb Code     0  startup_stm32f4xx.o(.text)
    RTC_Alarm_IRQHandler                     0x0800053f   Thumb Code     0  startup_stm32f4xx.o(.text)
    RTC_WKUP_IRQHandler                      0x0800053f   Thumb Code     0  startup_stm32f4xx.o(.text)
    SDIO_IRQHandler                          0x0800053f   Thumb Code     0  startup_stm32f4xx.o(.text)
    SPI1_IRQHandler                          0x0800053f   Thumb Code     0  startup_stm32f4xx.o(.text)
    SPI2_IRQHandler                          0x0800053f   Thumb Code     0  startup_stm32f4xx.o(.text)
    SPI3_IRQHandler                          0x0800053f   Thumb Code     0  startup_stm32f4xx.o(.text)
    TAMP_STAMP_IRQHandler                    0x0800053f   Thumb Code     0  startup_stm32f4xx.o(.text)
    TIM1_BRK_TIM9_IRQHandler                 0x0800053f   Thumb Code     0  startup_stm32f4xx.o(.text)
    TIM1_CC_IRQHandler                       0x0800053f   Thumb Code     0  startup_stm32f4xx.o(.text)
    TIM1_TRG_COM_TIM11_IRQHandler            0x0800053f   Thumb Code     0  startup_stm32f4xx.o(.text)
    TIM1_UP_TIM10_IRQHandler                 0x0800053f   Thumb Code     0  startup_stm32f4xx.o(.text)
    TIM6_DAC_IRQHandler                      0x0800053f   Thumb Code     0  startup_stm32f4xx.o(.text)
    TIM7_IRQHandler                          0x0800053f   Thumb Code     0  startup_stm32f4xx.o(.text)
    TIM8_BRK_TIM12_IRQHandler                0x0800053f   Thumb Code     0  startup_stm32f4xx.o(.text)
    TIM8_CC_IRQHandler                       0x0800053f   Thumb Code     0  startup_stm32f4xx.o(.text)
    TIM8_TRG_COM_TIM14_IRQHandler            0x0800053f   Thumb Code     0  startup_stm32f4xx.o(.text)
    TIM8_UP_TIM13_IRQHandler                 0x0800053f   Thumb Code     0  startup_stm32f4xx.o(.text)
    UART4_IRQHandler                         0x0800053f   Thumb Code     0  startup_stm32f4xx.o(.text)
    UART5_IRQHandler                         0x0800053f   Thumb Code     0  startup_stm32f4xx.o(.text)
    USART1_IRQHandler                        0x0800053f   Thumb Code     0  startup_stm32f4xx.o(.text)
    USART2_IRQHandler                        0x0800053f   Thumb Code     0  startup_stm32f4xx.o(.text)
    USART3_IRQHandler                        0x0800053f   Thumb Code     0  startup_stm32f4xx.o(.text)
    USART6_IRQHandler                        0x0800053f   Thumb Code     0  startup_stm32f4xx.o(.text)
    WWDG_IRQHandler                          0x0800053f   Thumb Code     0  startup_stm32f4xx.o(.text)
    os_idle_demon                            0x08000549   Thumb Code     4  rtx_conf_cm.o(.text)
    os_error                                 0x0800054d   Thumb Code     4  rtx_conf_cm.o(.text)
    main                                     0x08000551   Thumb Code   144  main.o(.text)
    accelerometer_thread                     0x080005e1   Thumb Code    84  main.o(.text)
    temperature_thread                       0x08000635   Thumb Code   102  main.o(.text)
    tap_thread                               0x0800069b   Thumb Code   126  main.o(.text)
    pushbutton_thread                        0x08000719   Thumb Code   126  main.o(.text)
    sw_pwm_thread                            0x08000797   Thumb Code   158  main.o(.text)
    hw_pwm_thread                            0x08000835   Thumb Code   106  main.o(.text)
    TIM2_IRQHandler                          0x0800089f   Thumb Code    32  main.o(.text)
    TIM3_IRQHandler                          0x080008bf   Thumb Code    32  main.o(.text)
    TIM4_IRQHandler                          0x080008df   Thumb Code    26  main.o(.text)
    TIM5_IRQHandler                          0x080008f9   Thumb Code    32  main.o(.text)
    EXTI0_IRQHandler                         0x08000919   Thumb Code    28  main.o(.text)
    EXTI1_IRQHandler                         0x08000935   Thumb Code    28  main.o(.text)
    init_TIM2                                0x080009a9   Thumb Code   114  lab4_init.o(.text)
    init_TIM3                                0x08000a1b   Thumb Code   114  lab4_init.o(.text)
    init_TIM4                                0x08000a8d   Thumb Code   162  lab4_init.o(.text)
    init_pushbutton                          0x08000b2f   Thumb Code   138  lab4_init.o(.text)
    init_EXTI1                               0x08000bb9   Thumb Code   132  lab4_init.o(.text)
    init_accelerometer                       0x08000c3d   Thumb Code   138  lab4_init.o(.text)
    init_LEDS_HW_PWM                         0x08000cc7   Thumb Code    86  lab4_init.o(.text)
    init_LEDS                                0x08000d1d   Thumb Code    54  lab4_init.o(.text)
    init_adc                                 0x08000d53   Thumb Code    70  lab4_init.o(.text)
    init_temp_sensor                         0x08000d99   Thumb Code    52  lab4_init.o(.text)
    init_TIM5                                0x08000dcd   Thumb Code   108  lab4_init.o(.text)
    update_led_intensities                   0x08001347   Thumb Code    46  lab4_accelerometer.o(.text)
    update_orientation                       0x08001375   Thumb Code    60  lab4_accelerometer.o(.text)
    init_orientation                         0x080013b1   Thumb Code    74  lab4_accelerometer.o(.text)
    display_orientation                      0x080013fb   Thumb Code   190  lab4_accelerometer.o(.text)
    init_moving_average                      0x080014c9   Thumb Code    44  lab4_filter.o(.text)
    insert_value                             0x080014f5   Thumb Code    46  lab4_filter.o(.text)
    calculate_average                        0x08001523   Thumb Code   152  lab4_filter.o(.text)
    rotate_led                               0x080015fb   Thumb Code   128  lab4_temp.o(.text)
    init_temp_reader                         0x0800167b   Thumb Code    28  lab4_temp.o(.text)
    read_temp                                0x08001697   Thumb Code    74  lab4_temp.o(.text)
    NVIC_PriorityGroupConfig                 0x080016f9   Thumb Code    10  misc.o(.text)
    NVIC_Init                                0x08001703   Thumb Code   108  misc.o(.text)
    NVIC_SetVectorTable                      0x0800176f   Thumb Code    14  misc.o(.text)
    NVIC_SystemLPConfig                      0x0800177d   Thumb Code    34  misc.o(.text)
    SysTick_CLKSourceConfig                  0x0800179f   Thumb Code    40  misc.o(.text)
    ADC_DeInit                               0x080017dd   Thumb Code    22  stm32f4xx_adc.o(.text)
    ADC_Init                                 0x080017f3   Thumb Code    74  stm32f4xx_adc.o(.text)
    ADC_StructInit                           0x0800183d   Thumb Code    20  stm32f4xx_adc.o(.text)
    ADC_CommonInit                           0x08001851   Thumb Code    44  stm32f4xx_adc.o(.text)
    ADC_CommonStructInit                     0x0800187d   Thumb Code    12  stm32f4xx_adc.o(.text)
    ADC_Cmd                                  0x08001889   Thumb Code    22  stm32f4xx_adc.o(.text)
    ADC_AnalogWatchdogCmd                    0x0800189f   Thumb Code    16  stm32f4xx_adc.o(.text)
    ADC_AnalogWatchdogThresholdsConfig       0x080018af   Thumb Code     6  stm32f4xx_adc.o(.text)
    ADC_AnalogWatchdogSingleChannelConfig    0x080018b5   Thumb Code    16  stm32f4xx_adc.o(.text)
    ADC_TempSensorVrefintCmd                 0x080018c5   Thumb Code    34  stm32f4xx_adc.o(.text)
    ADC_VBATCmd                              0x080018e7   Thumb Code    34  stm32f4xx_adc.o(.text)
    ADC_RegularChannelConfig                 0x08001909   Thumb Code   184  stm32f4xx_adc.o(.text)
    ADC_SoftwareStartConv                    0x080019c1   Thumb Code    10  stm32f4xx_adc.o(.text)
    ADC_GetSoftwareStartConvStatus           0x080019cb   Thumb Code    20  stm32f4xx_adc.o(.text)
    ADC_EOCOnEachRegularChannelCmd           0x080019df   Thumb Code    22  stm32f4xx_adc.o(.text)
    ADC_ContinuousModeCmd                    0x080019f5   Thumb Code    22  stm32f4xx_adc.o(.text)
    ADC_DiscModeChannelCountConfig           0x08001a0b   Thumb Code    24  stm32f4xx_adc.o(.text)
    ADC_DiscModeCmd                          0x08001a23   Thumb Code    22  stm32f4xx_adc.o(.text)
    ADC_GetConversionValue                   0x08001a39   Thumb Code     8  stm32f4xx_adc.o(.text)
    ADC_GetMultiModeConversionValue          0x08001a41   Thumb Code     6  stm32f4xx_adc.o(.text)
    ADC_DMACmd                               0x08001a47   Thumb Code    22  stm32f4xx_adc.o(.text)
    ADC_DMARequestAfterLastTransferCmd       0x08001a5d   Thumb Code    22  stm32f4xx_adc.o(.text)
    ADC_MultiModeDMARequestAfterLastTransferCmd 0x08001a73   Thumb Code    34  stm32f4xx_adc.o(.text)
    ADC_InjectedChannelConfig                0x08001a95   Thumb Code   130  stm32f4xx_adc.o(.text)
    ADC_InjectedSequencerLengthConfig        0x08001b17   Thumb Code    24  stm32f4xx_adc.o(.text)
    ADC_SetInjectedOffset                    0x08001b2f   Thumb Code    20  stm32f4xx_adc.o(.text)
    ADC_ExternalTrigInjectedConvConfig       0x08001b43   Thumb Code    16  stm32f4xx_adc.o(.text)
    ADC_ExternalTrigInjectedConvEdgeConfig   0x08001b53   Thumb Code    16  stm32f4xx_adc.o(.text)
    ADC_SoftwareStartInjectedConv            0x08001b63   Thumb Code    10  stm32f4xx_adc.o(.text)
    ADC_GetSoftwareStartInjectedConvCmdStatus 0x08001b6d   Thumb Code    20  stm32f4xx_adc.o(.text)
    ADC_AutoInjectedConvCmd                  0x08001b81   Thumb Code    22  stm32f4xx_adc.o(.text)
    ADC_InjectedDiscModeCmd                  0x08001b97   Thumb Code    22  stm32f4xx_adc.o(.text)
    ADC_GetInjectedConversionValue           0x08001bad   Thumb Code    28  stm32f4xx_adc.o(.text)
    ADC_ITConfig                             0x08001bc9   Thumb Code    60  stm32f4xx_adc.o(.text)
    ADC_GetFlagStatus                        0x08001c05   Thumb Code    18  stm32f4xx_adc.o(.text)
    ADC_ClearFlag                            0x08001c17   Thumb Code     6  stm32f4xx_adc.o(.text)
    ADC_GetITStatus                          0x08001c1d   Thumb Code    38  stm32f4xx_adc.o(.text)
    ADC_ClearITPendingBit                    0x08001c43   Thumb Code    10  stm32f4xx_adc.o(.text)
    EXTI_DeInit                              0x08001c4d   Thumb Code    28  stm32f4xx_exti.o(.text)
    EXTI_Init                                0x08001c69   Thumb Code   142  stm32f4xx_exti.o(.text)
    EXTI_StructInit                          0x08001cf7   Thumb Code    16  stm32f4xx_exti.o(.text)
    EXTI_GenerateSWInterrupt                 0x08001d07   Thumb Code    16  stm32f4xx_exti.o(.text)
    EXTI_GetFlagStatus                       0x08001d17   Thumb Code    22  stm32f4xx_exti.o(.text)
    EXTI_ClearFlag                           0x08001d2d   Thumb Code     8  stm32f4xx_exti.o(.text)
    EXTI_GetITStatus                         0x08001d35   Thumb Code    34  stm32f4xx_exti.o(.text)
    EXTI_ClearITPendingBit                   0x08001d57   Thumb Code     8  stm32f4xx_exti.o(.text)
    GPIO_DeInit                              0x08001d69   Thumb Code   220  stm32f4xx_gpio.o(.text)
    GPIO_Init                                0x08001e45   Thumb Code   144  stm32f4xx_gpio.o(.text)
    GPIO_StructInit                          0x08001ed5   Thumb Code    18  stm32f4xx_gpio.o(.text)
    GPIO_PinLockConfig                       0x08001ee7   Thumb Code    34  stm32f4xx_gpio.o(.text)
    GPIO_ReadInputDataBit                    0x08001f09   Thumb Code    18  stm32f4xx_gpio.o(.text)
    GPIO_ReadInputData                       0x08001f1b   Thumb Code     8  stm32f4xx_gpio.o(.text)
    GPIO_ReadOutputDataBit                   0x08001f23   Thumb Code    18  stm32f4xx_gpio.o(.text)
    GPIO_ReadOutputData                      0x08001f35   Thumb Code     8  stm32f4xx_gpio.o(.text)
    GPIO_SetBits                             0x08001f3d   Thumb Code     4  stm32f4xx_gpio.o(.text)
    GPIO_ResetBits                           0x08001f41   Thumb Code     4  stm32f4xx_gpio.o(.text)
    GPIO_WriteBit                            0x08001f45   Thumb Code    10  stm32f4xx_gpio.o(.text)
    GPIO_Write                               0x08001f4f   Thumb Code     4  stm32f4xx_gpio.o(.text)
    GPIO_ToggleBits                          0x08001f53   Thumb Code     8  stm32f4xx_gpio.o(.text)
    GPIO_PinAFConfig                         0x08001f5b   Thumb Code    70  stm32f4xx_gpio.o(.text)
    RCC_DeInit                               0x08001fc5   Thumb Code    60  stm32f4xx_rcc.o(.text)
    RCC_HSEConfig                            0x08002001   Thumb Code    14  stm32f4xx_rcc.o(.text)
    RCC_GetFlagStatus                        0x0800200f   Thumb Code    60  stm32f4xx_rcc.o(.text)
    RCC_WaitForHSEStartUp                    0x0800204b   Thumb Code    56  stm32f4xx_rcc.o(.text)
    RCC_AdjustHSICalibrationValue            0x08002083   Thumb Code    20  stm32f4xx_rcc.o(.text)
    RCC_HSICmd                               0x08002097   Thumb Code     6  stm32f4xx_rcc.o(.text)
    RCC_LSEConfig                            0x0800209d   Thumb Code    46  stm32f4xx_rcc.o(.text)
    RCC_LSICmd                               0x080020cb   Thumb Code     6  stm32f4xx_rcc.o(.text)
    RCC_PLLConfig                            0x080020d1   Thumb Code    32  stm32f4xx_rcc.o(.text)
    RCC_PLLCmd                               0x080020f1   Thumb Code     6  stm32f4xx_rcc.o(.text)
    RCC_PLLI2SConfig                         0x080020f7   Thumb Code    14  stm32f4xx_rcc.o(.text)
    RCC_PLLI2SCmd                            0x08002105   Thumb Code     6  stm32f4xx_rcc.o(.text)
    RCC_ClockSecuritySystemCmd               0x0800210b   Thumb Code     6  stm32f4xx_rcc.o(.text)
    RCC_MCO1Config                           0x08002111   Thumb Code    28  stm32f4xx_rcc.o(.text)
    RCC_MCO2Config                           0x0800212d   Thumb Code    28  stm32f4xx_rcc.o(.text)
    RCC_SYSCLKConfig                         0x08002149   Thumb Code    20  stm32f4xx_rcc.o(.text)
    RCC_GetSYSCLKSource                      0x0800215d   Thumb Code    12  stm32f4xx_rcc.o(.text)
    RCC_HCLKConfig                           0x08002169   Thumb Code    20  stm32f4xx_rcc.o(.text)
    RCC_PCLK1Config                          0x0800217d   Thumb Code    20  stm32f4xx_rcc.o(.text)
    RCC_PCLK2Config                          0x08002191   Thumb Code    22  stm32f4xx_rcc.o(.text)
    RCC_GetClocksFreq                        0x080021a7   Thumb Code   222  stm32f4xx_rcc.o(.text)
    RCC_RTCCLKConfig                         0x08002285   Thumb Code    54  stm32f4xx_rcc.o(.text)
    RCC_RTCCLKCmd                            0x080022bb   Thumb Code     8  stm32f4xx_rcc.o(.text)
    RCC_BackupResetCmd                       0x080022c3   Thumb Code     8  stm32f4xx_rcc.o(.text)
    RCC_I2SCLKConfig                         0x080022cb   Thumb Code     6  stm32f4xx_rcc.o(.text)
    RCC_AHB1PeriphClockCmd                   0x080022d1   Thumb Code    34  stm32f4xx_rcc.o(.text)
    RCC_AHB2PeriphClockCmd                   0x080022f3   Thumb Code    34  stm32f4xx_rcc.o(.text)
    RCC_AHB3PeriphClockCmd                   0x08002315   Thumb Code    34  stm32f4xx_rcc.o(.text)
    RCC_APB1PeriphClockCmd                   0x08002337   Thumb Code    34  stm32f4xx_rcc.o(.text)
    RCC_APB2PeriphClockCmd                   0x08002359   Thumb Code    34  stm32f4xx_rcc.o(.text)
    RCC_AHB1PeriphResetCmd                   0x0800237b   Thumb Code    34  stm32f4xx_rcc.o(.text)
    RCC_AHB2PeriphResetCmd                   0x0800239d   Thumb Code    72  stm32f4xx_rcc.o(.text)
    RCC_AHB3PeriphResetCmd                   0x080023e5   Thumb Code    34  stm32f4xx_rcc.o(.text)
    RCC_APB1PeriphResetCmd                   0x08002407   Thumb Code    34  stm32f4xx_rcc.o(.text)
    RCC_APB2PeriphResetCmd                   0x08002429   Thumb Code    34  stm32f4xx_rcc.o(.text)
    RCC_AHB1PeriphClockLPModeCmd             0x0800244b   Thumb Code    34  stm32f4xx_rcc.o(.text)
    RCC_AHB2PeriphClockLPModeCmd             0x0800246d   Thumb Code    34  stm32f4xx_rcc.o(.text)
    RCC_AHB3PeriphClockLPModeCmd             0x0800248f   Thumb Code    34  stm32f4xx_rcc.o(.text)
    RCC_APB1PeriphClockLPModeCmd             0x080024b1   Thumb Code    34  stm32f4xx_rcc.o(.text)
    RCC_APB2PeriphClockLPModeCmd             0x080024d3   Thumb Code    34  stm32f4xx_rcc.o(.text)
    RCC_ITConfig                             0x080024f5   Thumb Code    34  stm32f4xx_rcc.o(.text)
    RCC_ClearFlag                            0x08002517   Thumb Code    18  stm32f4xx_rcc.o(.text)
    RCC_GetITStatus                          0x08002529   Thumb Code    22  stm32f4xx_rcc.o(.text)
    RCC_ClearITPendingBit                    0x0800253f   Thumb Code     8  stm32f4xx_rcc.o(.text)
    SPI_I2S_DeInit                           0x0800254d   Thumb Code    76  stm32f4xx_spi.o(.text)
    SPI_Init                                 0x08002599   Thumb Code    60  stm32f4xx_spi.o(.text)
    I2S_Init                                 0x080025d5   Thumb Code   346  stm32f4xx_spi.o(.text)
    SPI_StructInit                           0x0800272f   Thumb Code    24  stm32f4xx_spi.o(.text)
    I2S_StructInit                           0x08002747   Thumb Code    20  stm32f4xx_spi.o(.text)
    SPI_Cmd                                  0x0800275b   Thumb Code    24  stm32f4xx_spi.o(.text)
    I2S_Cmd                                  0x08002773   Thumb Code    24  stm32f4xx_spi.o(.text)
    SPI_DataSizeConfig                       0x0800278b   Thumb Code    18  stm32f4xx_spi.o(.text)
    SPI_BiDirectionalLineConfig              0x0800279d   Thumb Code    28  stm32f4xx_spi.o(.text)
    SPI_NSSInternalSoftwareConfig            0x080027b9   Thumb Code    30  stm32f4xx_spi.o(.text)
    SPI_SSOutputCmd                          0x080027d7   Thumb Code    24  stm32f4xx_spi.o(.text)
    SPI_TIModeCmd                            0x080027ef   Thumb Code    24  stm32f4xx_spi.o(.text)
    I2S_FullDuplexConfig                     0x08002807   Thumb Code    80  stm32f4xx_spi.o(.text)
    SPI_I2S_ReceiveData                      0x08002857   Thumb Code     6  stm32f4xx_spi.o(.text)
    SPI_I2S_SendData                         0x0800285d   Thumb Code     4  stm32f4xx_spi.o(.text)
    SPI_CalculateCRC                         0x08002861   Thumb Code    24  stm32f4xx_spi.o(.text)
    SPI_TransmitCRC                          0x08002879   Thumb Code    10  stm32f4xx_spi.o(.text)
    SPI_GetCRC                               0x08002883   Thumb Code    16  stm32f4xx_spi.o(.text)
    SPI_GetCRCPolynomial                     0x08002893   Thumb Code     6  stm32f4xx_spi.o(.text)
    SPI_I2S_DMACmd                           0x08002899   Thumb Code    18  stm32f4xx_spi.o(.text)
    SPI_I2S_ITConfig                         0x080028ab   Thumb Code    32  stm32f4xx_spi.o(.text)
    SPI_I2S_GetFlagStatus                    0x080028cb   Thumb Code    18  stm32f4xx_spi.o(.text)
    SPI_I2S_ClearFlag                        0x080028dd   Thumb Code     6  stm32f4xx_spi.o(.text)
    SPI_I2S_GetITStatus                      0x080028e3   Thumb Code    52  stm32f4xx_spi.o(.text)
    SPI_I2S_ClearITPendingBit                0x08002917   Thumb Code    20  stm32f4xx_spi.o(.text)
    SYSCFG_DeInit                            0x08002941   Thumb Code    22  stm32f4xx_syscfg.o(.text)
    SYSCFG_MemoryRemapConfig                 0x08002957   Thumb Code     6  stm32f4xx_syscfg.o(.text)
    SYSCFG_EXTILineConfig                    0x0800295d   Thumb Code    66  stm32f4xx_syscfg.o(.text)
    SYSCFG_ETH_MediaInterfaceConfig          0x0800299f   Thumb Code     6  stm32f4xx_syscfg.o(.text)
    SYSCFG_CompensationCellCmd               0x080029a5   Thumb Code     6  stm32f4xx_syscfg.o(.text)
    SYSCFG_GetCompensationCellStatus         0x080029ab   Thumb Code    22  stm32f4xx_syscfg.o(.text)
    TIM_DeInit                               0x080029cd   Thumb Code   346  stm32f4xx_tim.o(.text)
    TIM_TimeBaseInit                         0x08002b27   Thumb Code   104  stm32f4xx_tim.o(.text)
    TIM_TimeBaseStructInit                   0x08002b8f   Thumb Code    18  stm32f4xx_tim.o(.text)
    TIM_PrescalerConfig                      0x08002ba1   Thumb Code     6  stm32f4xx_tim.o(.text)
    TIM_CounterModeConfig                    0x08002ba7   Thumb Code    18  stm32f4xx_tim.o(.text)
    TIM_SetCounter                           0x08002bb9   Thumb Code     4  stm32f4xx_tim.o(.text)
    TIM_SetAutoreload                        0x08002bbd   Thumb Code     4  stm32f4xx_tim.o(.text)
    TIM_GetCounter                           0x08002bc1   Thumb Code     6  stm32f4xx_tim.o(.text)
    TIM_GetPrescaler                         0x08002bc7   Thumb Code     6  stm32f4xx_tim.o(.text)
    TIM_UpdateDisableConfig                  0x08002bcd   Thumb Code    24  stm32f4xx_tim.o(.text)
    TIM_UpdateRequestConfig                  0x08002be5   Thumb Code    24  stm32f4xx_tim.o(.text)
    TIM_ARRPreloadConfig                     0x08002bfd   Thumb Code    24  stm32f4xx_tim.o(.text)
    TIM_SelectOnePulseMode                   0x08002c15   Thumb Code    18  stm32f4xx_tim.o(.text)
    TIM_SetClockDivision                     0x08002c27   Thumb Code    18  stm32f4xx_tim.o(.text)
    TIM_Cmd                                  0x08002c39   Thumb Code    24  stm32f4xx_tim.o(.text)
    TIM_OC1Init                              0x08002c51   Thumb Code   114  stm32f4xx_tim.o(.text)
    TIM_OC2Init                              0x08002cc3   Thumb Code   154  stm32f4xx_tim.o(.text)
    TIM_OC3Init                              0x08002d5d   Thumb Code   204  stm32f4xx_tim.o(.text)
    TIM_OC4Init                              0x08002e29   Thumb Code   112  stm32f4xx_tim.o(.text)
    TIM_OCStructInit                         0x08002e99   Thumb Code    20  stm32f4xx_tim.o(.text)
    TIM_SelectOCxM                           0x08002ead   Thumb Code    86  stm32f4xx_tim.o(.text)
    TIM_SetCompare1                          0x08002f03   Thumb Code     4  stm32f4xx_tim.o(.text)
    TIM_SetCompare2                          0x08002f07   Thumb Code     4  stm32f4xx_tim.o(.text)
    TIM_SetCompare3                          0x08002f0b   Thumb Code     4  stm32f4xx_tim.o(.text)
    TIM_SetCompare4                          0x08002f0f   Thumb Code     4  stm32f4xx_tim.o(.text)
    TIM_ForcedOC1Config                      0x08002f13   Thumb Code    18  stm32f4xx_tim.o(.text)
    TIM_ForcedOC2Config                      0x08002f25   Thumb Code    26  stm32f4xx_tim.o(.text)
    TIM_ForcedOC3Config                      0x08002f3f   Thumb Code    18  stm32f4xx_tim.o(.text)
    TIM_ForcedOC4Config                      0x08002f51   Thumb Code    26  stm32f4xx_tim.o(.text)
    TIM_OC1PreloadConfig                     0x08002f6b   Thumb Code    18  stm32f4xx_tim.o(.text)
    TIM_OC2PreloadConfig                     0x08002f7d   Thumb Code    26  stm32f4xx_tim.o(.text)
    TIM_OC3PreloadConfig                     0x08002f97   Thumb Code    18  stm32f4xx_tim.o(.text)
    TIM_OC4PreloadConfig                     0x08002fa9   Thumb Code    26  stm32f4xx_tim.o(.text)
    TIM_OC1FastConfig                        0x08002fc3   Thumb Code    18  stm32f4xx_tim.o(.text)
    TIM_OC2FastConfig                        0x08002fd5   Thumb Code    26  stm32f4xx_tim.o(.text)
    TIM_OC3FastConfig                        0x08002fef   Thumb Code    18  stm32f4xx_tim.o(.text)
    TIM_OC4FastConfig                        0x08003001   Thumb Code    26  stm32f4xx_tim.o(.text)
    TIM_ClearOC1Ref                          0x0800301b   Thumb Code    18  stm32f4xx_tim.o(.text)
    TIM_ClearOC2Ref                          0x0800302d   Thumb Code    24  stm32f4xx_tim.o(.text)
    TIM_ClearOC3Ref                          0x08003045   Thumb Code    18  stm32f4xx_tim.o(.text)
    TIM_ClearOC4Ref                          0x08003057   Thumb Code    24  stm32f4xx_tim.o(.text)
    TIM_OC1PolarityConfig                    0x0800306f   Thumb Code    18  stm32f4xx_tim.o(.text)
    TIM_OC1NPolarityConfig                   0x08003081   Thumb Code    18  stm32f4xx_tim.o(.text)
    TIM_OC2PolarityConfig                    0x08003093   Thumb Code    26  stm32f4xx_tim.o(.text)
    TIM_OC2NPolarityConfig                   0x080030ad   Thumb Code    26  stm32f4xx_tim.o(.text)
    TIM_OC3PolarityConfig                    0x080030c7   Thumb Code    26  stm32f4xx_tim.o(.text)
    TIM_OC3NPolarityConfig                   0x080030e1   Thumb Code    26  stm32f4xx_tim.o(.text)
    TIM_OC4PolarityConfig                    0x080030fb   Thumb Code    26  stm32f4xx_tim.o(.text)
    TIM_CCxCmd                               0x08003115   Thumb Code    30  stm32f4xx_tim.o(.text)
    TIM_CCxNCmd                              0x08003133   Thumb Code    30  stm32f4xx_tim.o(.text)
    TIM_SetIC4Prescaler                      0x08003151   Thumb Code    26  stm32f4xx_tim.o(.text)
    TIM_SetIC3Prescaler                      0x080031bb   Thumb Code    18  stm32f4xx_tim.o(.text)
    TIM_SetIC2Prescaler                      0x08003215   Thumb Code    26  stm32f4xx_tim.o(.text)
    TIM_SetIC1Prescaler                      0x08003289   Thumb Code    18  stm32f4xx_tim.o(.text)
    TIM_ICInit                               0x080032d5   Thumb Code   110  stm32f4xx_tim.o(.text)
    TIM_ICStructInit                         0x08003343   Thumb Code    18  stm32f4xx_tim.o(.text)
    TIM_PWMIConfig                           0x08003355   Thumb Code   124  stm32f4xx_tim.o(.text)
    TIM_GetCapture1                          0x080033d1   Thumb Code     6  stm32f4xx_tim.o(.text)
    TIM_GetCapture2                          0x080033d7   Thumb Code     6  stm32f4xx_tim.o(.text)
    TIM_GetCapture3                          0x080033dd   Thumb Code     6  stm32f4xx_tim.o(.text)
    TIM_GetCapture4                          0x080033e3   Thumb Code     6  stm32f4xx_tim.o(.text)
    TIM_BDTRConfig                           0x080033e9   Thumb Code    32  stm32f4xx_tim.o(.text)
    TIM_BDTRStructInit                       0x08003409   Thumb Code    18  stm32f4xx_tim.o(.text)
    TIM_CtrlPWMOutputs                       0x0800341b   Thumb Code    30  stm32f4xx_tim.o(.text)
    TIM_SelectCOM                            0x08003439   Thumb Code    24  stm32f4xx_tim.o(.text)
    TIM_CCPreloadControl                     0x08003451   Thumb Code    24  stm32f4xx_tim.o(.text)
    TIM_ITConfig                             0x08003469   Thumb Code    18  stm32f4xx_tim.o(.text)
    TIM_GenerateEvent                        0x0800347b   Thumb Code     4  stm32f4xx_tim.o(.text)
    TIM_GetFlagStatus                        0x0800347f   Thumb Code    18  stm32f4xx_tim.o(.text)
    TIM_ClearFlag                            0x08003491   Thumb Code     6  stm32f4xx_tim.o(.text)
    TIM_GetITStatus                          0x08003497   Thumb Code    34  stm32f4xx_tim.o(.text)
    TIM_ClearITPendingBit                    0x080034b9   Thumb Code     6  stm32f4xx_tim.o(.text)
    TIM_DMAConfig                            0x080034bf   Thumb Code    10  stm32f4xx_tim.o(.text)
    TIM_DMACmd                               0x080034c9   Thumb Code    18  stm32f4xx_tim.o(.text)
    TIM_SelectCCDMA                          0x080034db   Thumb Code    24  stm32f4xx_tim.o(.text)
    TIM_InternalClockConfig                  0x080034f3   Thumb Code    12  stm32f4xx_tim.o(.text)
    TIM_SelectInputTrigger                   0x080034ff   Thumb Code    18  stm32f4xx_tim.o(.text)
    TIM_ITRxExternalClockConfig              0x08003511   Thumb Code    24  stm32f4xx_tim.o(.text)
    TIM_TIxExternalClockConfig               0x08003529   Thumb Code    62  stm32f4xx_tim.o(.text)
    TIM_ETRConfig                            0x08003567   Thumb Code    28  stm32f4xx_tim.o(.text)
    TIM_ETRClockMode1Config                  0x08003583   Thumb Code    54  stm32f4xx_tim.o(.text)
    TIM_ETRClockMode2Config                  0x080035b9   Thumb Code    32  stm32f4xx_tim.o(.text)
    TIM_SelectOutputTrigger                  0x080035d9   Thumb Code    18  stm32f4xx_tim.o(.text)
    TIM_SelectSlaveMode                      0x080035eb   Thumb Code    18  stm32f4xx_tim.o(.text)
    TIM_SelectMasterSlaveMode                0x080035fd   Thumb Code    18  stm32f4xx_tim.o(.text)
    TIM_EncoderInterfaceConfig               0x0800360f   Thumb Code    66  stm32f4xx_tim.o(.text)
    TIM_SelectHallSensor                     0x08003651   Thumb Code    24  stm32f4xx_tim.o(.text)
    TIM_RemapConfig                          0x08003669   Thumb Code     6  stm32f4xx_tim.o(.text)
    LIS302DL_TIMEOUT_UserCallback            0x08003671   Thumb Code     4  stm32f4_discovery_lis302dl.o(.text)
    LIS302DL_Write                           0x080036d7   Thumb Code    58  stm32f4_discovery_lis302dl.o(.text)
    LIS302DL_Init                            0x08003837   Thumb Code    44  stm32f4_discovery_lis302dl.o(.text)
    LIS302DL_Read                            0x08003863   Thumb Code    66  stm32f4_discovery_lis302dl.o(.text)
    LIS302DL_FilterConfig                    0x080038a5   Thumb Code    58  stm32f4_discovery_lis302dl.o(.text)
    LIS302DL_InterruptConfig                 0x080038df   Thumb Code    42  stm32f4_discovery_lis302dl.o(.text)
    LIS302DL_LowpowerCmd                     0x08003909   Thumb Code    44  stm32f4_discovery_lis302dl.o(.text)
    LIS302DL_DataRateCmd                     0x08003935   Thumb Code    44  stm32f4_discovery_lis302dl.o(.text)
    LIS302DL_FullScaleCmd                    0x08003961   Thumb Code    44  stm32f4_discovery_lis302dl.o(.text)
    LIS302DL_RebootCmd                       0x0800398d   Thumb Code    34  stm32f4_discovery_lis302dl.o(.text)
    LIS302DL_ReadACC                         0x080039af   Thumb Code   112  stm32f4_discovery_lis302dl.o(.text)
    __aeabi_memcpy                           0x08003a31   Thumb Code    36  memcpya.o(.text)
    __aeabi_memcpy4                          0x08003a31   Thumb Code     0  memcpya.o(.text)
    __aeabi_memcpy8                          0x08003a31   Thumb Code     0  memcpya.o(.text)
    __aeabi_dadd                             0x08003a55   Thumb Code   322  dadd.o(.text)
    __aeabi_dsub                             0x08003b97   Thumb Code     6  dadd.o(.text)
    __aeabi_drsub                            0x08003b9d   Thumb Code     6  dadd.o(.text)
    __aeabi_dmul                             0x08003ba3   Thumb Code   228  dmul.o(.text)
    __aeabi_ddiv                             0x08003c87   Thumb Code   222  ddiv.o(.text)
    __aeabi_i2d                              0x08003d65   Thumb Code    34  dflti.o(.text)
    __aeabi_ui2d                             0x08003d87   Thumb Code    26  dfltui.o(.text)
    __aeabi_d2iz                             0x08003da1   Thumb Code    62  dfixi.o(.text)
    __aeabi_f2d                              0x08003ddf   Thumb Code    38  f2d.o(.text)
    __aeabi_d2f                              0x08003e05   Thumb Code    56  d2f.o(.text)
    __aeabi_llsl                             0x08003e3d   Thumb Code    30  llshl.o(.text)
    _ll_shift_l                              0x08003e3d   Thumb Code     0  llshl.o(.text)
    __aeabi_llsr                             0x08003e5b   Thumb Code    32  llushr.o(.text)
    _ll_ushift_r                             0x08003e5b   Thumb Code     0  llushr.o(.text)
    __aeabi_lasr                             0x08003e7b   Thumb Code    36  llsshr.o(.text)
    _ll_sshift_r                             0x08003e7b   Thumb Code     0  llsshr.o(.text)
    __I$use$fp                               0x08003e9f   Thumb Code     0  iusefp.o(.text)
    _float_round                             0x08003e9f   Thumb Code    18  fepilogue.o(.text)
    _float_epilogue                          0x08003eb1   Thumb Code    90  fepilogue.o(.text)
    _double_round                            0x08003f0b   Thumb Code    26  depilogue.o(.text)
    _double_epilogue                         0x08003f25   Thumb Code   164  depilogue.o(.text)
    __ARM_scalbn                             0x08003fc9   Thumb Code    46  dscalb.o(.text)
    scalbn                                   0x08003fc9   Thumb Code     0  dscalb.o(.text)
    _dsqrt                                   0x08003ff7   Thumb Code   162  dsqrt.o(.text)
    __aeabi_cdrcmple                         0x08004099   Thumb Code    38  cdrcmple.o(.text)
    __scatterload                            0x080040c1   Thumb Code    28  init.o(.text)
    __scatterload_rt2                        0x080040c1   Thumb Code     0  init.o(.text)
    SVC_Count                                0x080040e4   Data           4  SVC_Table.o(SVC_TABLE)
    SVC_Table                                0x080040e8   Data           0  SVC_Table.o(SVC_TABLE)
    __ARM_fpclassify                         0x080040e9   Thumb Code    48  fpclassify.o(i.__ARM_fpclassify)
    __hardfp_atan                            0x08004119   Thumb Code   636  atan.o(i.__hardfp_atan)
    __hardfp_pow                             0x08004401   Thumb Code  3132  pow.o(i.__hardfp_pow)
    __hardfp_sqrt                            0x08005091   Thumb Code   122  sqrt.o(i.__hardfp_sqrt)
    __kernel_poly                            0x0800510b   Thumb Code   248  poly.o(i.__kernel_poly)
    __mathlib_dbl_underflow                  0x08005209   Thumb Code    24  dunder.o(i.__mathlib_dbl_underflow)
    __scatterload_copy                       0x08005229   Thumb Code    14  handlers.o(i.__scatterload_copy)
    __scatterload_null                       0x08005237   Thumb Code     2  handlers.o(i.__scatterload_null)
    __scatterload_zeroinit                   0x08005239   Thumb Code    14  handlers.o(i.__scatterload_zeroinit)
    __set_errno                              0x08005249   Thumb Code     6  errno.o(i.__set_errno)
    _init_box                                0x08005255   Thumb Code    70  rt_membox.o(i._init_box)
    dbg_init                                 0x0800529d   Thumb Code    34  hal_cm.o(i.dbg_init)
    dbg_task_notify                          0x080052cd   Thumb Code    32  hal_cm.o(i.dbg_task_notify)
    dbg_task_switch                          0x080052ed   Thumb Code    16  hal_cm.o(i.dbg_task_switch)
    fabs                                     0x080052fd   Thumb Code    32  fabs.o(i.fabs)
    isr_evt_set                              0x08005349   Thumb Code    34  rt_event.o(i.isr_evt_set)
    isr_mbx_receive                          0x08005371   Thumb Code    80  rt_mailbox.o(i.isr_mbx_receive)
    isr_mbx_send                             0x080053c1   Thumb Code    14  rt_mailbox.o(i.isr_mbx_send)
    osDelay                                  0x080053d1   Thumb Code    18  rt_cmsis.o(i.osDelay)
    osKernelStart                            0x080053e9   Thumb Code    94  rt_cmsis.o(i.osKernelStart)
    osMessageGet                             0x08005451   Thumb Code    64  rt_cmsis.o(i.osMessageGet)
    osMutexCreate                            0x08005495   Thumb Code    18  rt_cmsis.o(i.osMutexCreate)
    osMutexRelease                           0x080054ad   Thumb Code    18  rt_cmsis.o(i.osMutexRelease)
    osMutexWait                              0x080054c5   Thumb Code    18  rt_cmsis.o(i.osMutexWait)
    osSignalClear                            0x080054dd   Thumb Code    18  rt_cmsis.o(i.osSignalClear)
    osSignalSet                              0x080054f5   Thumb Code    48  rt_cmsis.o(i.osSignalSet)
    osSignalWait                             0x08005529   Thumb Code    18  rt_cmsis.o(i.osSignalWait)
    osThreadCreate                           0x08005541   Thumb Code    18  rt_cmsis.o(i.osThreadCreate)
    osThreadExit                             0x08005559   Thumb Code    14  rt_cmsis.o(i.osThreadExit)
    osTimerCall                              0x08005571   Thumb Code     8  rt_cmsis.o(i.osTimerCall)
    osTimerThread                            0x0800557d   Thumb Code    38  rt_cmsis.o(i.osTimerThread)
    rt_alloc_box                             0x080055a9   Thumb Code    28  rt_membox.o(i.rt_alloc_box)
    rt_alloc_mem                             0x080055c5   Thumb Code    60  rt_memory.o(i.rt_alloc_mem)
    rt_block                                 0x08005601   Thumb Code    48  rt_task.o(i.rt_block)
    rt_chk_robin                             0x08005639   Thumb Code    58  rt_robin.o(i.rt_chk_robin)
    rt_dec_dly                               0x08005681   Thumb Code   102  rt_list.o(i.rt_dec_dly)
    rt_dispatch                              0x080056f1   Thumb Code    60  rt_task.o(i.rt_dispatch)
    rt_dly_wait                              0x08005735   Thumb Code     6  rt_time.o(i.rt_dly_wait)
    rt_evt_clr                               0x0800573d   Thumb Code    22  rt_event.o(i.rt_evt_clr)
    rt_evt_psh                               0x08005759   Thumb Code    76  rt_event.o(i.rt_evt_psh)
    rt_evt_set                               0x080057a9   Thumb Code    88  rt_event.o(i.rt_evt_set)
    rt_evt_wait                              0x08005805   Thumb Code    58  rt_event.o(i.rt_evt_wait)
    rt_free_box                              0x08005845   Thumb Code    32  rt_membox.o(i.rt_free_box)
    rt_free_mem                              0x08005865   Thumb Code    40  rt_memory.o(i.rt_free_mem)
    rt_get_first                             0x0800588d   Thumb Code    40  rt_list.o(i.rt_get_first)
    rt_init_mem                              0x080058fd   Thumb Code    26  rt_memory.o(i.rt_init_mem)
    rt_init_robin                            0x08005919   Thumb Code    14  rt_robin.o(i.rt_init_robin)
    rt_init_stack                            0x08005931   Thumb Code    70  hal_cm.o(i.rt_init_stack)
    rt_mbx_check                             0x08005981   Thumb Code     8  rt_mailbox.o(i.rt_mbx_check)
    rt_mbx_init                              0x08005989   Thumb Code    26  rt_mailbox.o(i.rt_mbx_init)
    rt_mbx_psh                               0x080059a5   Thumb Code   248  rt_mailbox.o(i.rt_mbx_psh)
    rt_mbx_wait                              0x08005aa1   Thumb Code   174  rt_mailbox.o(i.rt_mbx_wait)
    rt_mut_init                              0x08005b91   Thumb Code    16  rt_mutex.o(i.rt_mut_init)
    rt_mut_release                           0x08005ba1   Thumb Code   150  rt_mutex.o(i.rt_mut_release)
    rt_mut_wait                              0x08005c41   Thumb Code    96  rt_mutex.o(i.rt_mut_wait)
    rt_pop_req                               0x08005ca5   Thumb Code   106  rt_system.o(i.rt_pop_req)
    rt_psh_req                               0x08005d1d   Thumb Code    22  rt_system.o(i.rt_psh_req)
    rt_psq_enq                               0x08005d3d   Thumb Code    82  rt_list.o(i.rt_psq_enq)
    rt_put_dly                               0x08005d95   Thumb Code    88  rt_list.o(i.rt_put_dly)
    rt_put_prio                              0x08005df1   Thumb Code    56  rt_list.o(i.rt_put_prio)
    rt_put_rdy_first                         0x08005e29   Thumb Code    14  rt_list.o(i.rt_put_rdy_first)
    rt_resort_prio                           0x08005e3d   Thumb Code    46  rt_list.o(i.rt_resort_prio)
    rt_ret_val                               0x08005e81   Thumb Code    12  hal_cm.o(i.rt_ret_val)
    rt_ret_val2                              0x08005e8d   Thumb Code    16  hal_cm.o(i.rt_ret_val2)
    rt_rmv_dly                               0x08005e9d   Thumb Code    40  rt_list.o(i.rt_rmv_dly)
    rt_rmv_list                              0x08005ec5   Thumb Code    44  rt_list.o(i.rt_rmv_list)
    rt_sem_psh                               0x08005ef5   Thumb Code    48  rt_semaphore.o(i.rt_sem_psh)
    rt_stk_check                             0x08005f29   Thumb Code    28  rt_system.o(i.rt_stk_check)
    rt_switch_req                            0x08005f4d   Thumb Code    30  rt_task.o(i.rt_switch_req)
    rt_sys_init                              0x08005f75   Thumb Code   242  rt_task.o(i.rt_sys_init)
    rt_systick                               0x080060b5   Thumb Code    48  rt_system.o(i.rt_systick)
    rt_tsk_create                            0x08006141   Thumb Code   112  rt_task.o(i.rt_tsk_create)
    rt_tsk_delete                            0x080061c1   Thumb Code   146  rt_task.o(i.rt_tsk_delete)
    rt_tsk_self                              0x0800626d   Thumb Code    12  rt_task.o(i.rt_tsk_self)
    sqrt                                     0x0800627d   Thumb Code   110  sqrt.o(i.sqrt)
    svcDelay                                 0x080062eb   Thumb Code    20  rt_cmsis.o(i.svcDelay)
    svcKernelStart                           0x08006301   Thumb Code   174  rt_cmsis.o(i.svcKernelStart)
    svcMessageCreate                         0x080063d5   Thumb Code    36  rt_cmsis.o(i.svcMessageCreate)
    svcMessageGet                            0x080063f9   Thumb Code    58  rt_cmsis.o(i.svcMessageGet)
    svcMutexCreate                           0x08006433   Thumb Code    28  rt_cmsis.o(i.svcMutexCreate)
    svcMutexRelease                          0x0800644f   Thumb Code    34  rt_cmsis.o(i.svcMutexRelease)
    svcMutexWait                             0x08006471   Thumb Code    54  rt_cmsis.o(i.svcMutexWait)
    svcSignalClear                           0x080064a7   Thumb Code    36  rt_cmsis.o(i.svcSignalClear)
    svcSignalSet                             0x080064cb   Thumb Code    36  rt_cmsis.o(i.svcSignalSet)
    svcSignalWait                            0x080064f1   Thumb Code    80  rt_cmsis.o(i.svcSignalWait)
    svcThreadCreate                          0x08006545   Thumb Code   100  rt_cmsis.o(i.svcThreadCreate)
    svcThreadGetId                           0x080065b5   Thumb Code    22  rt_cmsis.o(i.svcThreadGetId)
    svcThreadTerminate                       0x080065d1   Thumb Code    52  rt_cmsis.o(i.svcThreadTerminate)
    svcTimerCall                             0x08006609   Thumb Code    24  rt_cmsis.o(i.svcTimerCall)
    sysTimerTick                             0x08006621   Thumb Code    76  rt_cmsis.o(i.sysTimerTick)
    os_maxtaskrun                            0x08006674   Data           2  rtx_conf_cm.o(.constdata)
    os_stackinfo                             0x08006678   Data           4  rtx_conf_cm.o(.constdata)
    os_rrobin                                0x0800667c   Data           4  rtx_conf_cm.o(.constdata)
    os_trv                                   0x08006680   Data           4  rtx_conf_cm.o(.constdata)
    os_flags                                 0x08006684   Data           1  rtx_conf_cm.o(.constdata)
    os_clockrate                             0x08006688   Data           4  rtx_conf_cm.o(.constdata)
    os_timernum                              0x0800668c   Data           4  rtx_conf_cm.o(.constdata)
    mp_tcb_size                              0x08006690   Data           2  rtx_conf_cm.o(.constdata)
    mp_stk_size                              0x08006694   Data           4  rtx_conf_cm.o(.constdata)
    os_stack_sz                              0x08006698   Data           4  rtx_conf_cm.o(.constdata)
    os_fifo_size                             0x0800669c   Data           1  rtx_conf_cm.o(.constdata)
    os_thread_def_osTimerThread              0x080066a0   Data          16  rtx_conf_cm.o(.constdata)
    os_messageQ_def_osTimerMessageQ          0x080066b0   Data           8  rtx_conf_cm.o(.constdata)
    mp_tmr_size                              0x080066b8   Data           2  rtx_conf_cm.o(.constdata)
    os_thread_def_main                       0x080066bc   Data          16  rtx_conf_cm.o(.constdata)
    os_thread_def_accelerometer_thread       0x080066cc   Data          16  main.o(.constdata)
    os_thread_def_temperature_thread         0x080066dc   Data          16  main.o(.constdata)
    os_thread_def_tap_thread                 0x080066ec   Data          16  main.o(.constdata)
    os_thread_def_pushbutton_thread          0x080066fc   Data          16  main.o(.constdata)
    os_thread_def_sw_pwm_thread              0x0800670c   Data          16  main.o(.constdata)
    os_thread_def_hw_pwm_thread              0x0800671c   Data          16  main.o(.constdata)
    os_mutex_def_led_mutex                   0x0800672c   Data           4  main.o(.constdata)
    os_mutex_def_mode_mutex                  0x08006730   Data           4  main.o(.constdata)
    __mathlib_zero                           0x08006858   Data           8  qnan.o(.constdata)
    Region$$Table$$Base                      0x08006860   Number         0  anon$$obj.o(Region$$Table)
    Region$$Table$$Limit                     0x08006890   Number         0  anon$$obj.o(Region$$Table)
    mp_tcb                                   0x10000000   Data         396  rtx_conf_cm.o(.bss)
    mp_stk                                   0x10000190   Data        8416  rtx_conf_cm.o(.bss)
    os_stack_mem                             0x10002270   Data        1632  rtx_conf_cm.o(.bss)
    os_fifo                                  0x100028d0   Data         132  rtx_conf_cm.o(.bss)
    os_active_TCB                            0x10002954   Data          32  rtx_conf_cm.o(.bss)
    os_messageQ_q_osTimerMessageQ            0x10002974   Data          32  rtx_conf_cm.o(.bss)
    SystemCoreClock                          0x20000000   Data           4  system_stm32f4xx.o(.data)
    AHBPrescTable                            0x20000004   Data          16  system_stm32f4xx.o(.data)
    os_tmr                                   0x20000014   Data           4  rtx_conf_cm.o(.data)
    m_tmr                                    0x20000018   Data           4  rtx_conf_cm.o(.data)
    osThreadId_osTimerThread                 0x2000001c   Data           4  rtx_conf_cm.o(.data)
    osMessageQId_osTimerMessageQ             0x20000020   Data           4  rtx_conf_cm.o(.data)
    LIS302DLTimeout                          0x20000058   Data           4  stm32f4_discovery_lis302dl.o(.data)
    os_timer_head                            0x2000005c   Data           4  rt_cmsis.o(.data)
    os_tsk                                   0x20000060   Data           8  rt_task.o(.data)
    os_time                                  0x2000006c   Data           2  rt_time.o(.data)
    dbg_msg                                  0x2000006e   Data           1  hal_cm.o(.data)
    os_robin                                 0x20000070   Data           8  rt_robin.o(.data)
    os_mutex_cb_led_mutex                    0x2000007c   Data          12  main.o(.bss)
    os_mutex_cb_mode_mutex                   0x20000088   Data          12  main.o(.bss)
    os_idle_TCB                              0x20000094   Data          48  rt_task.o(.bss)
    os_rdy                                   0x200000c4   Data          24  rt_list.o(.bss)
    os_dly                                   0x200000dc   Data          24  rt_list.o(.bss)
    __initial_sp                             0x200004f8   Data           0  startup_stm32f4xx.o(STACK)



==============================================================================

Memory Map of the image

  Image Entry point : 0x08000189

  Load Region LR_IROM1 (Base: 0x08000000, Size: 0x0000690c, Max: 0x00100000, ABSOLUTE)

    Execution Region ER_IROM1 (Base: 0x08000000, Size: 0x00006890, Max: 0x00100000, ABSOLUTE)

    Base Addr    Size         Type   Attr      Idx    E Section Name        Object

    0x08000000   0x00000188   Data   RO          132    RESET               startup_stm32f4xx.o
    0x08000188   0x00000000   Code   RO         2226  * .ARM.Collect$$$$00000000  mc_w.l(entry.o)
    0x08000188   0x00000004   Code   RO         2262    .ARM.Collect$$$$00000001  mc_w.l(entry2.o)
    0x0800018c   0x00000004   Code   RO         2265    .ARM.Collect$$$$00000004  mc_w.l(entry5.o)
    0x08000190   0x00000000   Code   RO         2267    .ARM.Collect$$$$00000008  mc_w.l(entry7b.o)
    0x08000190   0x00000000   Code   RO         2269    .ARM.Collect$$$$0000000A  mc_w.l(entry8b.o)
    0x08000190   0x00000000   Code   RO         2270    .ARM.Collect$$$$0000000D  mc_w.l(entry10a.o)
    0x08000190   0x00000000   Code   RO         2272    .ARM.Collect$$$$0000000F  mc_w.l(entry11a.o)
    0x08000190   0x00000010   Code   RO          137    .ARM.Collect$$$$000000FF  rtx_conf_cm.o
    0x080001a0   0x00000004   Code   RO         2263    .ARM.Collect$$$$00002712  mc_w.l(entry2.o)
    0x080001a4   0x00000174   Code   RO         2173    .emb_text           RTX_CM4.lib(hal_cm4.o)
    0x08000318   0x0000020c   Code   RO            3    .text               system_stm32f4xx.o
    0x08000524   0x00000024   Code   RO          133    .text               startup_stm32f4xx.o
    0x08000548   0x00000008   Code   RO          138    .text               rtx_conf_cm.o
    0x08000550   0x00000458   Code   RO          171    .text               main.o
    0x080009a8   0x00000498   Code   RO          235    .text               lab4_init.o
    0x08000e40   0x00000688   Code   RO          258    .text               lab4_accelerometer.o
    0x080014c8   0x00000100   Code   RO          287    .text               lab4_filter.o
    0x080015c8   0x00000130   Code   RO          307    .text               lab4_temp.o
    0x080016f8   0x000000e4   Code   RO          365    .text               misc.o
    0x080017dc   0x00000470   Code   RO          463    .text               stm32f4xx_adc.o
    0x08001c4c   0x0000011c   Code   RO          704    .text               stm32f4xx_exti.o
    0x08001d68   0x0000025c   Code   RO          773    .text               stm32f4xx_gpio.o
    0x08001fc4   0x00000588   Code   RO          922    .text               stm32f4xx_rcc.o
    0x0800254c   0x000003f4   Code   RO         1013    .text               stm32f4xx_spi.o
    0x08002940   0x0000008c   Code   RO         1036    .text               stm32f4xx_syscfg.o
    0x080029cc   0x00000ca2   Code   RO         1056    .text               stm32f4xx_tim.o
    0x0800366e   0x00000002   PAD
    0x08003670   0x000003c0   Code   RO         1122    .text               stm32f4_discovery_lis302dl.o
    0x08003a30   0x00000024   Code   RO         2229    .text               mc_w.l(memcpya.o)
    0x08003a54   0x0000014e   Code   RO         2233    .text               mf_w.l(dadd.o)
    0x08003ba2   0x000000e4   Code   RO         2235    .text               mf_w.l(dmul.o)
    0x08003c86   0x000000de   Code   RO         2237    .text               mf_w.l(ddiv.o)
    0x08003d64   0x00000022   Code   RO         2239    .text               mf_w.l(dflti.o)
    0x08003d86   0x0000001a   Code   RO         2241    .text               mf_w.l(dfltui.o)
    0x08003da0   0x0000003e   Code   RO         2243    .text               mf_w.l(dfixi.o)
    0x08003dde   0x00000026   Code   RO         2245    .text               mf_w.l(f2d.o)
    0x08003e04   0x00000038   Code   RO         2247    .text               mf_w.l(d2f.o)
    0x08003e3c   0x0000001e   Code   RO         2274    .text               mc_w.l(llshl.o)
    0x08003e5a   0x00000020   Code   RO         2276    .text               mc_w.l(llushr.o)
    0x08003e7a   0x00000024   Code   RO         2278    .text               mc_w.l(llsshr.o)
    0x08003e9e   0x00000000   Code   RO         2287    .text               mc_w.l(iusefp.o)
    0x08003e9e   0x0000006c   Code   RO         2288    .text               mf_w.l(fepilogue.o)
    0x08003f0a   0x000000be   Code   RO         2290    .text               mf_w.l(depilogue.o)
    0x08003fc8   0x0000002e   Code   RO         2294    .text               mf_w.l(dscalb.o)
    0x08003ff6   0x000000a2   Code   RO         2296    .text               mf_w.l(dsqrt.o)
    0x08004098   0x00000028   Code   RO         2300    .text               mf_w.l(cdrcmple.o)
    0x080040c0   0x00000024   Code   RO         2302    .text               mc_w.l(init.o)
    0x080040e4   0x00000004   Code   RO         2183    SVC_TABLE           RTX_CM4.lib(SVC_Table.o)
    0x080040e8   0x00000030   Code   RO         2257    i.__ARM_fpclassify  m_wm.l(fpclassify.o)
    0x08004118   0x000002e8   Code   RO         2186    i.__hardfp_atan     m_wm.l(atan.o)
    0x08004400   0x00000c90   Code   RO         2200    i.__hardfp_pow      m_wm.l(pow.o)
    0x08005090   0x0000007a   Code   RO         2214    i.__hardfp_sqrt     m_wm.l(sqrt.o)
    0x0800510a   0x000000f8   Code   RO         2259    i.__kernel_poly     m_wm.l(poly.o)
    0x08005202   0x00000006   PAD
    0x08005208   0x00000020   Code   RO         2249    i.__mathlib_dbl_underflow  m_wm.l(dunder.o)
    0x08005228   0x0000000e   Code   RO         2306    i.__scatterload_copy  mc_w.l(handlers.o)
    0x08005236   0x00000002   Code   RO         2307    i.__scatterload_null  mc_w.l(handlers.o)
    0x08005238   0x0000000e   Code   RO         2308    i.__scatterload_zeroinit  mc_w.l(handlers.o)
    0x08005246   0x00000002   PAD
    0x08005248   0x0000000c   Code   RO         2282    i.__set_errno       mc_w.l(errno.o)
    0x08005254   0x00000046   Code   RO         2046    i._init_box         RTX_CM4.lib(rt_membox.o)
    0x0800529a   0x00000002   PAD
    0x0800529c   0x00000030   Code   RO         2099    i.dbg_init          RTX_CM4.lib(hal_cm.o)
    0x080052cc   0x00000020   Code   RO         2100    i.dbg_task_notify   RTX_CM4.lib(hal_cm.o)
    0x080052ec   0x00000010   Code   RO         2101    i.dbg_task_switch   RTX_CM4.lib(hal_cm.o)
    0x080052fc   0x00000020   Code   RO         2253    i.fabs              m_wm.l(fabs.o)
    0x0800531c   0x0000002c   Code   RO         1145    i.isrMessagePut     RTX_CM4.lib(rt_cmsis.o)
    0x08005348   0x00000028   Code   RO         1792    i.isr_evt_set       RTX_CM4.lib(rt_event.o)
    0x08005370   0x00000050   Code   RO         1910    i.isr_mbx_receive   RTX_CM4.lib(rt_mailbox.o)
    0x080053c0   0x0000000e   Code   RO         1911    i.isr_mbx_send      RTX_CM4.lib(rt_mailbox.o)
    0x080053ce   0x00000002   PAD
    0x080053d0   0x00000018   Code   RO         1146    i.osDelay           RTX_CM4.lib(rt_cmsis.o)
    0x080053e8   0x00000068   Code   RO         1148    i.osKernelStart     RTX_CM4.lib(rt_cmsis.o)
    0x08005450   0x00000044   Code   RO         1156    i.osMessageGet      RTX_CM4.lib(rt_cmsis.o)
    0x08005494   0x00000018   Code   RO         1158    i.osMutexCreate     RTX_CM4.lib(rt_cmsis.o)
    0x080054ac   0x00000018   Code   RO         1159    i.osMutexRelease    RTX_CM4.lib(rt_cmsis.o)
    0x080054c4   0x00000018   Code   RO         1160    i.osMutexWait       RTX_CM4.lib(rt_cmsis.o)
    0x080054dc   0x00000018   Code   RO         1168    i.osSignalClear     RTX_CM4.lib(rt_cmsis.o)
    0x080054f4   0x00000034   Code   RO         1170    i.osSignalSet       RTX_CM4.lib(rt_cmsis.o)
    0x08005528   0x00000018   Code   RO         1171    i.osSignalWait      RTX_CM4.lib(rt_cmsis.o)
    0x08005540   0x00000018   Code   RO         1172    i.osThreadCreate    RTX_CM4.lib(rt_cmsis.o)
    0x08005558   0x00000018   Code   RO         1173    i.osThreadExit      RTX_CM4.lib(rt_cmsis.o)
    0x08005570   0x0000000c   Code   RO         1179    i.osTimerCall       RTX_CM4.lib(rt_cmsis.o)
    0x0800557c   0x0000002c   Code   RO         1183    i.osTimerThread     RTX_CM4.lib(rt_cmsis.o)
    0x080055a8   0x0000001c   Code   RO         2047    i.rt_alloc_box      RTX_CM4.lib(rt_membox.o)
    0x080055c4   0x0000003c   Code   RO         2075    i.rt_alloc_mem      RTX_CM4.lib(rt_memory.o)
    0x08005600   0x00000038   Code   RO         1667    i.rt_block          RTX_CM4.lib(rt_task.o)
    0x08005638   0x00000048   Code   RO         2152    i.rt_chk_robin      RTX_CM4.lib(rt_robin.o)
    0x08005680   0x00000070   Code   RO         1834    i.rt_dec_dly        RTX_CM4.lib(rt_list.o)
    0x080056f0   0x00000044   Code   RO         1668    i.rt_dispatch       RTX_CM4.lib(rt_task.o)
    0x08005734   0x00000006   Code   RO         1994    i.rt_dly_wait       RTX_CM4.lib(rt_time.o)
    0x0800573a   0x00000002   PAD
    0x0800573c   0x0000001c   Code   RO         1793    i.rt_evt_clr        RTX_CM4.lib(rt_event.o)
    0x08005758   0x00000050   Code   RO         1795    i.rt_evt_psh        RTX_CM4.lib(rt_event.o)
    0x080057a8   0x0000005c   Code   RO         1796    i.rt_evt_set        RTX_CM4.lib(rt_event.o)
    0x08005804   0x00000040   Code   RO         1797    i.rt_evt_wait       RTX_CM4.lib(rt_event.o)
    0x08005844   0x00000020   Code   RO         2048    i.rt_free_box       RTX_CM4.lib(rt_membox.o)
    0x08005864   0x00000028   Code   RO         2076    i.rt_free_mem       RTX_CM4.lib(rt_memory.o)
    0x0800588c   0x00000028   Code   RO         1835    i.rt_get_first      RTX_CM4.lib(rt_list.o)
    0x080058b4   0x00000008   Code   RO         1186    i.rt_id2obj         RTX_CM4.lib(rt_cmsis.o)
    0x080058bc   0x00000040   Code   RO         1669    i.rt_init_context   RTX_CM4.lib(rt_task.o)
    0x080058fc   0x0000001a   Code   RO         2077    i.rt_init_mem       RTX_CM4.lib(rt_memory.o)
    0x08005916   0x00000002   PAD
    0x08005918   0x00000018   Code   RO         2153    i.rt_init_robin     RTX_CM4.lib(rt_robin.o)
    0x08005930   0x00000050   Code   RO         2102    i.rt_init_stack     RTX_CM4.lib(hal_cm.o)
    0x08005980   0x00000008   Code   RO         1912    i.rt_mbx_check      RTX_CM4.lib(rt_mailbox.o)
    0x08005988   0x0000001a   Code   RO         1913    i.rt_mbx_init       RTX_CM4.lib(rt_mailbox.o)
    0x080059a2   0x00000002   PAD
    0x080059a4   0x000000fc   Code   RO         1914    i.rt_mbx_psh        RTX_CM4.lib(rt_mailbox.o)
    0x08005aa0   0x000000b4   Code   RO         1916    i.rt_mbx_wait       RTX_CM4.lib(rt_mailbox.o)
    0x08005b54   0x0000003c   Code   RO         1187    i.rt_ms2tick        RTX_CM4.lib(rt_cmsis.o)
    0x08005b90   0x00000010   Code   RO         2021    i.rt_mut_init       RTX_CM4.lib(rt_mutex.o)
    0x08005ba0   0x000000a0   Code   RO         2022    i.rt_mut_release    RTX_CM4.lib(rt_mutex.o)
    0x08005c40   0x00000064   Code   RO         2023    i.rt_mut_wait       RTX_CM4.lib(rt_mutex.o)
    0x08005ca4   0x00000078   Code   RO         1746    i.rt_pop_req        RTX_CM4.lib(rt_system.o)
    0x08005d1c   0x00000020   Code   RO         1747    i.rt_psh_req        RTX_CM4.lib(rt_system.o)
    0x08005d3c   0x00000058   Code   RO         1837    i.rt_psq_enq        RTX_CM4.lib(rt_list.o)
    0x08005d94   0x0000005c   Code   RO         1838    i.rt_put_dly        RTX_CM4.lib(rt_list.o)
    0x08005df0   0x00000038   Code   RO         1839    i.rt_put_prio       RTX_CM4.lib(rt_list.o)
    0x08005e28   0x00000014   Code   RO         1840    i.rt_put_rdy_first  RTX_CM4.lib(rt_list.o)
    0x08005e3c   0x00000034   Code   RO         1841    i.rt_resort_prio    RTX_CM4.lib(rt_list.o)
    0x08005e70   0x00000010   Code   RO         2103    i.rt_ret_regs       RTX_CM4.lib(hal_cm.o)
    0x08005e80   0x0000000c   Code   RO         2104    i.rt_ret_val        RTX_CM4.lib(hal_cm.o)
    0x08005e8c   0x00000010   Code   RO         2105    i.rt_ret_val2       RTX_CM4.lib(hal_cm.o)
    0x08005e9c   0x00000028   Code   RO         1842    i.rt_rmv_dly        RTX_CM4.lib(rt_list.o)
    0x08005ec4   0x00000030   Code   RO         1843    i.rt_rmv_list       RTX_CM4.lib(rt_list.o)
    0x08005ef4   0x00000034   Code   RO         1960    i.rt_sem_psh        RTX_CM4.lib(rt_semaphore.o)
    0x08005f28   0x00000024   Code   RO         1748    i.rt_stk_check      RTX_CM4.lib(rt_system.o)
    0x08005f4c   0x00000028   Code   RO         1670    i.rt_switch_req     RTX_CM4.lib(rt_task.o)
    0x08005f74   0x00000140   Code   RO         1671    i.rt_sys_init       RTX_CM4.lib(rt_task.o)
    0x080060b4   0x0000003c   Code   RO         1749    i.rt_systick        RTX_CM4.lib(rt_system.o)
    0x080060f0   0x00000012   Code   RO         1188    i.rt_tid2ptcb       RTX_CM4.lib(rt_cmsis.o)
    0x08006102   0x00000002   PAD
    0x08006104   0x0000003c   Code   RO         1189    i.rt_timer_insert   RTX_CM4.lib(rt_cmsis.o)
    0x08006140   0x00000080   Code   RO         1672    i.rt_tsk_create     RTX_CM4.lib(rt_task.o)
    0x080061c0   0x000000ac   Code   RO         1673    i.rt_tsk_delete     RTX_CM4.lib(rt_task.o)
    0x0800626c   0x00000010   Code   RO         1676    i.rt_tsk_self       RTX_CM4.lib(rt_task.o)
    0x0800627c   0x0000006e   Code   RO         2216    i.sqrt              m_wm.l(sqrt.o)
    0x080062ea   0x00000014   Code   RO         1191    i.svcDelay          RTX_CM4.lib(rt_cmsis.o)
    0x080062fe   0x00000002   PAD
    0x08006300   0x000000d4   Code   RO         1192    i.svcKernelStart    RTX_CM4.lib(rt_cmsis.o)
    0x080063d4   0x00000024   Code   RO         1194    i.svcMessageCreate  RTX_CM4.lib(rt_cmsis.o)
    0x080063f8   0x0000003a   Code   RO         1195    i.svcMessageGet     RTX_CM4.lib(rt_cmsis.o)
    0x08006432   0x0000001c   Code   RO         1197    i.svcMutexCreate    RTX_CM4.lib(rt_cmsis.o)
    0x0800644e   0x00000022   Code   RO         1198    i.svcMutexRelease   RTX_CM4.lib(rt_cmsis.o)
    0x08006470   0x00000036   Code   RO         1199    i.svcMutexWait      RTX_CM4.lib(rt_cmsis.o)
    0x080064a6   0x00000024   Code   RO         1204    i.svcSignalClear    RTX_CM4.lib(rt_cmsis.o)
    0x080064ca   0x00000024   Code   RO         1206    i.svcSignalSet      RTX_CM4.lib(rt_cmsis.o)
    0x080064ee   0x00000002   PAD
    0x080064f0   0x00000054   Code   RO         1207    i.svcSignalWait     RTX_CM4.lib(rt_cmsis.o)
    0x08006544   0x00000070   Code   RO         1208    i.svcThreadCreate   RTX_CM4.lib(rt_cmsis.o)
    0x080065b4   0x0000001c   Code   RO         1209    i.svcThreadGetId    RTX_CM4.lib(rt_cmsis.o)
    0x080065d0   0x00000038   Code   RO         1212    i.svcThreadTerminate  RTX_CM4.lib(rt_cmsis.o)
    0x08006608   0x00000018   Code   RO         1214    i.svcTimerCall      RTX_CM4.lib(rt_cmsis.o)
    0x08006620   0x00000054   Code   RO         1222    i.sysTimerTick      RTX_CM4.lib(rt_cmsis.o)
    0x08006674   0x00000058   Data   RO          140    .constdata          rtx_conf_cm.o
    0x080066cc   0x00000068   Data   RO          173    .constdata          main.o
    0x08006734   0x00000004   PAD
    0x08006738   0x00000098   Data   RO         2189    .constdata          m_wm.l(atan.o)
    0x080067d0   0x00000088   Data   RO         2203    .constdata          m_wm.l(pow.o)
    0x08006858   0x00000008   Data   RO         2261    .constdata          m_wm.l(qnan.o)
    0x08006860   0x00000030   Data   RO         2304    Region$$Table       anon$$obj.o


    Execution Region RW_IRAM1 (Base: 0x10000000, Size: 0x00002994, Max: 0x0001ffff, ABSOLUTE)

    Base Addr    Size         Type   Attr      Idx    E Section Name        Object

    0x10000000   0x00002994   Zero   RW          139    .bss                rtx_conf_cm.o


    Execution Region RW_IRAM2 (Base: 0x20000000, Size: 0x000004f8, Max: 0x0001ffff, ABSOLUTE)

    Base Addr    Size         Type   Attr      Idx    E Section Name        Object

    0x20000000   0x00000014   Data   RW            4    .data               system_stm32f4xx.o
    0x20000014   0x00000010   Data   RW          141    .data               rtx_conf_cm.o
    0x20000024   0x00000024   Data   RW          174    .data               main.o
    0x20000048   0x00000010   Data   RW          923    .data               stm32f4xx_rcc.o
    0x20000058   0x00000004   Data   RW         1123    .data               stm32f4_discovery_lis302dl.o
    0x2000005c   0x00000004   Data   RW         1223    .data               RTX_CM4.lib(rt_cmsis.o)
    0x20000060   0x00000008   Data   RW         1678    .data               RTX_CM4.lib(rt_task.o)
    0x20000068   0x00000003   Data   RW         1752    .data               RTX_CM4.lib(rt_system.o)
    0x2000006b   0x00000001   PAD
    0x2000006c   0x00000002   Data   RW         1997    .data               RTX_CM4.lib(rt_time.o)
    0x2000006e   0x00000001   Data   RW         2106    .data               RTX_CM4.lib(hal_cm.o)
    0x2000006f   0x00000001   PAD
    0x20000070   0x00000008   Data   RW         2154    .data               RTX_CM4.lib(rt_robin.o)
    0x20000078   0x00000004   Data   RW         2283    .data               mc_w.l(errno.o)
    0x2000007c   0x00000018   Zero   RW          172    .bss                main.o
    0x20000094   0x00000030   Zero   RW         1677    .bss                RTX_CM4.lib(rt_task.o)
    0x200000c4   0x00000030   Zero   RW         1844    .bss                RTX_CM4.lib(rt_list.o)
    0x200000f4   0x00000004   PAD
    0x200000f8   0x00000400   Zero   RW          130    STACK               startup_stm32f4xx.o


==============================================================================

Image component sizes


      Code (inc. data)   RO Data    RW Data    ZI Data      Debug   Object Name

      1672        136          0          0          0       3189   lab4_accelerometer.o
       256         14          0          0          0       1553   lab4_filter.o
      1176         38          0          0          0       8445   lab4_init.o
       304         32          0          0          0       1524   lab4_temp.o
      1112         88        104         36         24       9349   main.o
       228         22          0          0          0       3553   misc.o
        24          6         88         16      10644       6408   rtx_conf_cm.o
        36          8        392          0       1024        764   startup_stm32f4xx.o
       960         18          0          4          0       4196   stm32f4_discovery_lis302dl.o
      1136         28          0          0          0      24430   stm32f4xx_adc.o
       284         10          0          0          0       4735   stm32f4xx_exti.o
       604         36          0          0          0      10465   stm32f4xx_gpio.o
      1416         48          0         16          0      23871   stm32f4xx_rcc.o
      1012         22          0          0          0      14889   stm32f4xx_spi.o
       140         12          0          0          0       1679   stm32f4xx_syscfg.o
      3234         60          0          0          0      42108   stm32f4xx_tim.o
       524         44          0         20          0     265323   system_stm32f4xx.o

    ----------------------------------------------------------------------
     14120        622        636         92      11692     426481   Object Totals
         0          0         48          0          0          0   (incl. Generated)
         2          0          4          0          0          0   (incl. Padding)

    ----------------------------------------------------------------------

      Code (inc. data)   RO Data    RW Data    ZI Data      Debug   Library Member Name

         4          4          0          0          0        132   SVC_Table.o
       220         24          0          1          0       3876   hal_cm.o
       372         32          0          0          0        616   hal_cm4.o
      1564        166          0          4          0      34593   rt_cmsis.o
       304         26          0          0          0       3059   rt_event.o
       548         36          0          0         48       7201   rt_list.o
       560         10          0          0          0       3829   rt_mailbox.o
       130          0          0          0          0       1837   rt_membox.o
       126          0          0          0          0       2159   rt_memory.o
       276         14          0          0          0       1869   rt_mutex.o
        96         24          0          8          0       1042   rt_robin.o
        52          4          0          0          0        557   rt_semaphore.o
       248         44          0          3          0       2066   rt_system.o
       864        154          0          8         48       7224   rt_task.o
         6          0          0          2          0        572   rt_time.o
       744        108        152          0          0        220   atan.o
        32          8          0          0          0        124   dunder.o
        32          0          0          0          0        124   fabs.o
        48          0          0          0          0        124   fpclassify.o
       248          0          0          0          0        152   poly.o
      3216        310        136          0          0        216   pow.o
         0          0          8          0          0          0   qnan.o
       232          0          0          0          0        296   sqrt.o
         0          0          0          0          0          0   entry.o
         0          0          0          0          0          0   entry10a.o
         0          0          0          0          0          0   entry11a.o
         8          4          0          0          0          0   entry2.o
         4          0          0          0          0          0   entry5.o
         0          0          0          0          0          0   entry7b.o
         0          0          0          0          0          0   entry8b.o
        12          6          0          4          0         68   errno.o
        30          0          0          0          0          0   handlers.o
        36          8          0          0          0         68   init.o
         0          0          0          0          0          0   iusefp.o
        30          0          0          0          0         68   llshl.o
        36          0          0          0          0         68   llsshr.o
        32          0          0          0          0         68   llushr.o
        36          0          0          0          0         68   memcpya.o
        40          2          0          0          0         68   cdrcmple.o
        56          0          0          0          0         88   d2f.o
       334          0          0          0          0        148   dadd.o
       222          0          0          0          0        100   ddiv.o
       190          0          0          0          0        176   depilogue.o
        62          0          0          0          0         80   dfixi.o
        34          0          0          0          0         76   dflti.o
        26          0          0          0          0         76   dfltui.o
       228          0          0          0          0         96   dmul.o
        46          0          0          0          0         80   dscalb.o
       162          0          0          0          0        100   dsqrt.o
        38          0          0          0          0         68   f2d.o
       108          0          0          0          0        168   fepilogue.o

    ----------------------------------------------------------------------
     11716        984        296         32        100      73620   Library Totals
        24          0          0          2          4          0   (incl. Padding)

    ----------------------------------------------------------------------

      Code (inc. data)   RO Data    RW Data    ZI Data      Debug   Library Name

      5370        538          0         26         96      70632   RTX_CM4.lib
      4552        426        296          0          0       1256   m_wm.l
       224         18          0          4          0        408   mc_w.l
      1546          2          0          0          0       1324   mf_w.l

    ----------------------------------------------------------------------
     11716        984        296         32        100      73620   Library Totals

    ----------------------------------------------------------------------

==============================================================================


      Code (inc. data)   RO Data    RW Data    ZI Data      Debug   

     25836       1606        932        124      11792     486769   Grand Totals
     25836       1606        932        124      11792     486769   ELF Image Totals
     25836       1606        932        124          0          0   ROM Totals

==============================================================================

    Total RO  Size (Code + RO Data)                26768 (  26.14kB)
    Total RW  Size (RW Data + ZI Data)             11916 (  11.64kB)
    Total ROM Size (Code + RO Data + RW Data)      26892 (  26.26kB)

==============================================================================

