ARM Linker, 5.03 [Build 76] [MDK-ARM Lite]

==============================================================================

Section Cross References

    system_stm32f4xx.o(.text) refers to system_stm32f4xx.o(.data) for SystemCoreClock
    startup_stm32f4xx.o(RESET) refers to startup_stm32f4xx.o(STACK) for __initial_sp
    startup_stm32f4xx.o(RESET) refers to startup_stm32f4xx.o(.text) for Reset_Handler
    startup_stm32f4xx.o(RESET) refers to hal_cm4.o(.emb_text) for SVC_Handler
    startup_stm32f4xx.o(RESET) refers to main.o(.text) for EXTI1_IRQHandler
    startup_stm32f4xx.o(.text) refers to system_stm32f4xx.o(.text) for SystemInit
    startup_stm32f4xx.o(.text) refers to entry.o(.ARM.Collect$$$$00000000) for __main
    rtx_conf_cm.o(.ARM.Collect$$$$000000FF) refers to rt_cmsis.o(i.osKernelStart) for osKernelStart
    rtx_conf_cm.o(.ARM.Collect$$$$000000FF) refers to rtx_conf_cm.o(.constdata) for .constdata
    rtx_conf_cm.o(.constdata) refers to rt_cmsis.o(i.osTimerThread) for osTimerThread
    rtx_conf_cm.o(.constdata) refers to rtx_conf_cm.o(.bss) for os_messageQ_q_osTimerMessageQ
    rtx_conf_cm.o(.constdata) refers to main.o(.text) for main
    main.o(.text) refers to lab4_accelerometer.o(.text) for init_orientation
    main.o(.text) refers to lab4_temp.o(.text) for init_temp_reader
    main.o(.text) refers to lab4_init.o(.text) for init_accelerometer
    main.o(.text) refers to rt_cmsis.o(i.osMutexCreate) for osMutexCreate
    main.o(.text) refers to rt_cmsis.o(i.osThreadCreate) for osThreadCreate
    main.o(.text) refers to rt_cmsis.o(i.osTimerCreate) for osTimerCreate
    main.o(.text) refers to rt_cmsis.o(i.osTimerStart) for osTimerStart
    main.o(.text) refers to rt_cmsis.o(i.osDelay) for osDelay
    main.o(.text) refers to rt_cmsis.o(i.osSignalWait) for osSignalWait
    main.o(.text) refers to rt_cmsis.o(i.osMutexWait) for osMutexWait
    main.o(.text) refers to rt_cmsis.o(i.osMutexRelease) for osMutexRelease
    main.o(.text) refers to rt_cmsis.o(i.osSignalSet) for osSignalSet
    main.o(.text) refers to stm32f4xx_gpio.o(.text) for GPIO_SetBits
    main.o(.text) refers to stm32f4xx_tim.o(.text) for TIM_GetITStatus
    main.o(.text) refers to stm32f4xx_exti.o(.text) for EXTI_GetITStatus
    main.o(.text) refers to system_stm32f4xx.o(.data) for SystemCoreClock
    main.o(.text) refers to main.o(.constdata) for os_mutex_def_orientation_mutex
    main.o(.text) refers to main.o(.data) for orientation_mutex
    main.o(.constdata) refers to main.o(.text) for accelerometer_thread
    main.o(.constdata) refers to main.o(.bss) for os_mutex_cb_orientation_mutex
    lab4_init.o(.text) refers to stm32f4xx_rcc.o(.text) for RCC_APB1PeriphClockCmd
    lab4_init.o(.text) refers to stm32f4xx_tim.o(.text) for TIM_TimeBaseInit
    lab4_init.o(.text) refers to misc.o(.text) for NVIC_Init
    lab4_init.o(.text) refers to stm32f4xx_gpio.o(.text) for GPIO_StructInit
    lab4_init.o(.text) refers to stm32f4xx_syscfg.o(.text) for SYSCFG_EXTILineConfig
    lab4_init.o(.text) refers to stm32f4xx_exti.o(.text) for EXTI_StructInit
    lab4_init.o(.text) refers to stm32f4_discovery_lis302dl.o(.text) for LIS302DL_Init
    lab4_init.o(.text) refers to stm32f4xx_adc.o(.text) for ADC_CommonInit
    lab4_init.o(.text) refers to system_stm32f4xx.o(.data) for SystemCoreClock
    lab4_accelerometer.o(.text) refers to stm32f4_discovery_lis302dl.o(.text) for LIS302DL_ReadACC
    lab4_accelerometer.o(.text) refers to dflti.o(.text) for __aeabi_i2d
    lab4_accelerometer.o(.text) refers to dmul.o(.text) for __aeabi_dmul
    lab4_accelerometer.o(.text) refers to dadd.o(.text) for __aeabi_dadd
    lab4_accelerometer.o(.text) refers to dfixi.o(.text) for __aeabi_d2iz
    lab4_accelerometer.o(.text) refers to pow.o(i.__hardfp_pow) for __hardfp_pow
    lab4_accelerometer.o(.text) refers to sqrt.o(i.__hardfp_sqrt) for __hardfp_sqrt
    lab4_accelerometer.o(.text) refers to ddiv.o(.text) for __aeabi_ddiv
    lab4_accelerometer.o(.text) refers to atan.o(i.__hardfp_atan) for __hardfp_atan
    lab4_accelerometer.o(.text) refers to d2f.o(.text) for __aeabi_d2f
    lab4_accelerometer.o(.text) refers to lab4_filter.o(.text) for insert_value
    lab4_accelerometer.o(.text) refers to lab4_hw_pwm.o(.text) for update_led_intensities
    lab4_filter.o(.text) refers to f2d.o(.text) for __aeabi_f2d
    lab4_filter.o(.text) refers to dadd.o(.text) for __aeabi_dadd
    lab4_filter.o(.text) refers to ddiv.o(.text) for __aeabi_ddiv
    lab4_filter.o(.text) refers to d2f.o(.text) for __aeabi_d2f
    lab4_temp.o(.text) refers to stm32f4xx_gpio.o(.text) for GPIO_Write
    lab4_temp.o(.text) refers to memcpya.o(.text) for __aeabi_memcpy4
    lab4_temp.o(.text) refers to lab4_filter.o(.text) for init_moving_average
    lab4_temp.o(.text) refers to stm32f4xx_adc.o(.text) for ADC_SoftwareStartConv
    lab4_hw_pwm.o(.text) refers to dfltui.o(.text) for __aeabi_ui2d
    lab4_hw_pwm.o(.text) refers to f2d.o(.text) for __aeabi_f2d
[...]
    i.rt_put_dly                             0x08006520   Section        0  rt_list.o(i.rt_put_dly)
    i.rt_put_prio                            0x0800657c   Section        0  rt_list.o(i.rt_put_prio)
    i.rt_put_rdy_first                       0x080065b4   Section        0  rt_list.o(i.rt_put_rdy_first)
    i.rt_resort_prio                         0x080065c8   Section        0  rt_list.o(i.rt_resort_prio)
    i.rt_ret_regs                            0x080065fc   Section        0  hal_cm.o(i.rt_ret_regs)
    rt_ret_regs                              0x080065fd   Thumb Code    16  hal_cm.o(i.rt_ret_regs)
    i.rt_ret_val                             0x0800660c   Section        0  hal_cm.o(i.rt_ret_val)
    i.rt_ret_val2                            0x08006618   Section        0  hal_cm.o(i.rt_ret_val2)
    i.rt_rmv_dly                             0x08006628   Section        0  rt_list.o(i.rt_rmv_dly)
    i.rt_rmv_list                            0x08006650   Section        0  rt_list.o(i.rt_rmv_list)
    i.rt_sem_psh                             0x08006680   Section        0  rt_semaphore.o(i.rt_sem_psh)
    i.rt_stk_check                           0x080066b4   Section        0  rt_system.o(i.rt_stk_check)
    i.rt_switch_req                          0x080066d8   Section        0  rt_task.o(i.rt_switch_req)
    i.rt_sys_init                            0x08006700   Section        0  rt_task.o(i.rt_sys_init)
    i.rt_systick                             0x08006840   Section        0  rt_system.o(i.rt_systick)
    i.rt_tid2ptcb                            0x0800687c   Section        0  rt_cmsis.o(i.rt_tid2ptcb)
    rt_tid2ptcb                              0x0800687d   Thumb Code    18  rt_cmsis.o(i.rt_tid2ptcb)
    i.rt_timer_insert                        0x08006890   Section        0  rt_cmsis.o(i.rt_timer_insert)
    rt_timer_insert                          0x08006891   Thumb Code    56  rt_cmsis.o(i.rt_timer_insert)
    i.rt_timer_remove                        0x080068cc   Section        0  rt_cmsis.o(i.rt_timer_remove)
    rt_timer_remove                          0x080068cd   Thumb Code    56  rt_cmsis.o(i.rt_timer_remove)
    i.rt_tsk_create                          0x08006908   Section        0  rt_task.o(i.rt_tsk_create)
    i.rt_tsk_delete                          0x08006988   Section        0  rt_task.o(i.rt_tsk_delete)
    i.rt_tsk_self                            0x08006a34   Section        0  rt_task.o(i.rt_tsk_self)
    i.sqrt                                   0x08006a44   Section        0  sqrt.o(i.sqrt)
    i.svcDelay                               0x08006ab2   Section        0  rt_cmsis.o(i.svcDelay)
    i.svcKernelStart                         0x08006ac8   Section        0  rt_cmsis.o(i.svcKernelStart)
    i.svcMessageCreate                       0x08006b9c   Section        0  rt_cmsis.o(i.svcMessageCreate)
    i.svcMessageGet                          0x08006bc0   Section        0  rt_cmsis.o(i.svcMessageGet)
    i.svcMutexCreate                         0x08006bfa   Section        0  rt_cmsis.o(i.svcMutexCreate)
    i.svcMutexRelease                        0x08006c16   Section        0  rt_cmsis.o(i.svcMutexRelease)
    i.svcMutexWait                           0x08006c38   Section        0  rt_cmsis.o(i.svcMutexWait)
    i.svcSignalSet                           0x08006c6e   Section        0  rt_cmsis.o(i.svcSignalSet)
    i.svcSignalWait                          0x08006c94   Section        0  rt_cmsis.o(i.svcSignalWait)
    i.svcThreadCreate                        0x08006ce8   Section        0  rt_cmsis.o(i.svcThreadCreate)
    i.svcThreadGetId                         0x08006d58   Section        0  rt_cmsis.o(i.svcThreadGetId)
    i.svcThreadTerminate                     0x08006d74   Section        0  rt_cmsis.o(i.svcThreadTerminate)
    i.svcTimerCall                           0x08006dac   Section        0  rt_cmsis.o(i.svcTimerCall)
    i.svcTimerCreate                         0x08006dc4   Section        0  rt_cmsis.o(i.svcTimerCreate)
    i.svcTimerStart                          0x08006df8   Section        0  rt_cmsis.o(i.svcTimerStart)
    i.sysTimerTick                           0x08006e40   Section        0  rt_cmsis.o(i.sysTimerTick)
    .constdata                               0x08006e94   Section       88  rtx_conf_cm.o(.constdata)
    __tagsym$$used                           0x08006ea8   Number         0  rtx_conf_cm.o(.constdata)
    __tagsym$$used                           0x08006eac   Number         0  rtx_conf_cm.o(.constdata)
    .constdata                               0x08006eec   Section      124  main.o(.constdata)
    .constdata                               0x08006f68   Section      152  atan.o(.constdata)
    atanhi                                   0x08006f68   Data          32  atan.o(.constdata)
    atanlo                                   0x08006f88   Data          32  atan.o(.constdata)
    aTodd                                    0x08006fa8   Data          40  atan.o(.constdata)
    aTeven                                   0x08006fd0   Data          48  atan.o(.constdata)
    .constdata                               0x08007000   Section      136  pow.o(.constdata)
    bp                                       0x08007000   Data          16  pow.o(.constdata)
    dp_h                                     0x08007010   Data          16  pow.o(.constdata)
    dp_l                                     0x08007020   Data          16  pow.o(.constdata)
    L                                        0x08007030   Data          48  pow.o(.constdata)
    P                                        0x08007060   Data          40  pow.o(.constdata)
    .constdata                               0x08007088   Section       48  cos_i.o(.constdata)
    C                                        0x08007088   Data          48  cos_i.o(.constdata)
    .constdata                               0x080070b8   Section        8  qnan.o(.constdata)
    .constdata                               0x080070c0   Section      200  rred.o(.constdata)
    pio2s                                    0x080070c0   Data          48  rred.o(.constdata)
    twooverpi                                0x080070f0   Data         152  rred.o(.constdata)
    .constdata                               0x08007188   Section       40  sin_i.o(.constdata)
    S                                        0x08007188   Data          40  sin_i.o(.constdata)
    .bss                                     0x10000000   Section     6992  rtx_conf_cm.o(.bss)
    .data                                    0x20000000   Section       20  system_stm32f4xx.o(.data)
    .data                                    0x20000014   Section       16  rtx_conf_cm.o(.data)
    .data                                    0x20000024   Section       60  main.o(.data)
    tid_accelerometer_thread                 0x20000024   Data           4  main.o(.data)
    tid_temperature_thread                   0x20000028   Data           4  main.o(.data)
    tid_mode_thread                          0x2000002c   Data           4  main.o(.data)
    tid_pushbutton_thread                    0x20000030   Data           4  main.o(.data)
    tid_sw_pwm_thread                        0x20000034   Data           4  main.o(.data)
    tid_hw_pwm_thread                        0x20000038   Data           4  main.o(.data)
    temperature_timer                        0x2000003c   Data           4  main.o(.data)
    orientation_mutex                        0x20000040   Data           4  main.o(.data)
    temperature_reader_mutex                 0x20000044   Data           4  main.o(.data)
    mode_mutex                               0x20000048   Data           4  main.o(.data)
    sw_pwm_mutex                             0x2000004c   Data           4  main.o(.data)
    hw_pwm_mutex                             0x20000050   Data           4  main.o(.data)
    mode                                     0x20000054   Data           4  main.o(.data)
    sw_pwm                                   0x20000058   Data           4  main.o(.data)
    hw_pwm                                   0x2000005c   Data           4  main.o(.data)
    .data                                    0x20000060   Section       16  stm32f4xx_rcc.o(.data)
    APBAHBPrescTable                         0x20000060   Data          16  stm32f4xx_rcc.o(.data)
    .data                                    0x20000070   Section        4  stm32f4_discovery_lis302dl.o(.data)
    .data                                    0x20000074   Section        4  rt_cmsis.o(.data)
    .data                                    0x20000078   Section        8  rt_task.o(.data)
    .data                                    0x20000080   Section        3  rt_system.o(.data)
    os_lock                                  0x20000080   Data           1  rt_system.o(.data)
    os_psh_flag                              0x20000081   Data           1  rt_system.o(.data)
    pend_flags                               0x20000082   Data           1  rt_system.o(.data)
    .data                                    0x20000084   Section        2  rt_time.o(.data)
    .data                                    0x20000086   Section        1  hal_cm.o(.data)
    .data                                    0x20000088   Section        8  rt_robin.o(.data)
    .data                                    0x20000090   Section        4  errno.o(.data)
    _errno                                   0x20000090   Data           4  errno.o(.data)
    .bss                                     0x20000094   Section       80  main.o(.bss)
    .bss                                     0x200000e4   Section       48  rt_task.o(.bss)
    .bss                                     0x20000114   Section       48  rt_list.o(.bss)
    STACK                                    0x20000148   Section     1024  startup_stm32f4xx.o(STACK)

    Global Symbols

    Symbol Name                              Value     Ov Type        Size  Object(Section)

    BuildAttributes$$THM_ISAv4$E$P$D$K$B$S$7EM$VFPi3$EXTD16$VFPS$VFMA$PE$A:L22UL41UL21$X:L11$S22US41US21$IEEE1$IW$USESV6$~STKCKD$USESV7$~SHL$OTIME$ROPI$IEEEX$EBA8$MICROLIB$REQ8$PRES8$EABIv2 0x00000000   Number         0  anon$$obj.o ABSOLUTE
    __ARM_use_no_argv                        0x00000000   Number         0  main.o ABSOLUTE
    __use_no_errno                           0x00000000   Number         0  useno.o ABSOLUTE
    __use_no_exception_handling              0x00000000   Number         0  useno.o ABSOLUTE
    __use_no_fp                              0x00000000   Number         0  useno.o ABSOLUTE
    __use_no_heap                            0x00000000   Number         0  useno.o ABSOLUTE
    __use_no_heap_region                     0x00000000   Number         0  useno.o ABSOLUTE
    __use_no_semihosting                     0x00000000   Number         0  useno.o ABSOLUTE
    __use_no_semihosting_swi                 0x00000000   Number         0  useno.o ABSOLUTE
    __use_no_signal_handling                 0x00000000   Number         0  useno.o ABSOLUTE
    __cpp_initialize__aeabi_                  - Undefined Weak Reference
    __cxa_finalize                            - Undefined Weak Reference
    __decompress                              - Undefined Weak Reference
    _clock_init                               - Undefined Weak Reference
    _microlib_exit                            - Undefined Weak Reference
    __Vectors_Size                           0x00000188   Number         0  startup_stm32f4xx.o ABSOLUTE
    __RL_RTX_VER                             0x00000422   Number         0  rt_system.o ABSOLUTE
    __Vectors                                0x08000000   Data           4  startup_stm32f4xx.o(RESET)
    __Vectors_End                            0x08000188   Data           0  startup_stm32f4xx.o(RESET)
    __main                                   0x08000189   Thumb Code     0  entry.o(.ARM.Collect$$$$00000000)
    _main_stk                                0x08000189   Thumb Code     0  entry2.o(.ARM.Collect$$$$00000001)
    _main_scatterload                        0x0800018d   Thumb Code     0  entry5.o(.ARM.Collect$$$$00000004)
    __main_after_scatterload                 0x08000191   Thumb Code     0  entry5.o(.ARM.Collect$$$$00000004)
    __rt_final_cpp                           0x08000191   Thumb Code     0  entry10a.o(.ARM.Collect$$$$0000000D)
    __rt_final_exit                          0x08000191   Thumb Code     0  entry11a.o(.ARM.Collect$$$$0000000F)
    _main_clock                              0x08000191   Thumb Code     0  entry7b.o(.ARM.Collect$$$$00000008)
    _main_cpp_init                           0x08000191   Thumb Code     0  entry8b.o(.ARM.Collect$$$$0000000A)
    _main_init                               0x08000191   Thumb Code    10  rtx_conf_cm.o(.ARM.Collect$$$$000000FF)
    rt_set_PSP                               0x080001a5   Thumb Code     6  hal_cm4.o(.emb_text)
    os_set_env                               0x080001ab   Thumb Code    26  hal_cm4.o(.emb_text)
    _alloc_box                               0x080001c9   Thumb Code    28  hal_cm4.o(.emb_text)
    _free_box                                0x080001e9   Thumb Code    28  hal_cm4.o(.emb_text)
    SVC_Handler                              0x08000209   Thumb Code   152  hal_cm4.o(.emb_text)
    PendSV_Handler                           0x080002ad   Thumb Code     0  hal_cm4.o(.emb_text)
    Sys_Handler                              0x080002ad   Thumb Code   104  hal_cm4.o(.emb_text)
    SysTick_Handler                          0x0800030d   Thumb Code     0  hal_cm4.o(.emb_text)
    SystemInit                               0x080003f3   Thumb Code    88  system_stm32f4xx.o(.text)
    SystemCoreClockUpdate                    0x0800044b   Thumb Code   174  system_stm32f4xx.o(.text)
    Reset_Handler                            0x08000525   Thumb Code     8  startup_stm32f4xx.o(.text)
    NMI_Handler                              0x0800052d   Thumb Code     2  startup_stm32f4xx.o(.text)
    HardFault_Handler                        0x0800052f   Thumb Code     2  startup_stm32f4xx.o(.text)
    MemManage_Handler                        0x08000531   Thumb Code     2  startup_stm32f4xx.o(.text)
    BusFault_Handler                         0x08000533   Thumb Code     2  startup_stm32f4xx.o(.text)
    UsageFault_Handler                       0x08000535   Thumb Code     2  startup_stm32f4xx.o(.text)
    DebugMon_Handler                         0x08000539   Thumb Code     2  startup_stm32f4xx.o(.text)
    ADC_IRQHandler                           0x0800053f   Thumb Code     0  startup_stm32f4xx.o(.text)
    CAN1_RX0_IRQHandler                      0x0800053f   Thumb Code     0  startup_stm32f4xx.o(.text)
    CAN1_RX1_IRQHandler                      0x0800053f   Thumb Code     0  startup_stm32f4xx.o(.text)
    CAN1_SCE_IRQHandler                      0x0800053f   Thumb Code     0  startup_stm32f4xx.o(.text)
    CAN1_TX_IRQHandler                       0x0800053f   Thumb Code     0  startup_stm32f4xx.o(.text)
    CAN2_RX0_IRQHandler                      0x0800053f   Thumb Code     0  startup_stm32f4xx.o(.text)
    CAN2_RX1_IRQHandler                      0x0800053f   Thumb Code     0  startup_stm32f4xx.o(.text)
    CAN2_SCE_IRQHandler                      0x0800053f   Thumb Code     0  startup_stm32f4xx.o(.text)
    CAN2_TX_IRQHandler                       0x0800053f   Thumb Code     0  startup_stm32f4xx.o(.text)
    CRYP_IRQHandler                          0x0800053f   Thumb Code     0  startup_stm32f4xx.o(.text)
    DCMI_IRQHandler                          0x0800053f   Thumb Code     0  startup_stm32f4xx.o(.text)
    DMA1_Stream0_IRQHandler                  0x0800053f   Thumb Code     0  startup_stm32f4xx.o(.text)
    DMA1_Stream1_IRQHandler                  0x0800053f   Thumb Code     0  startup_stm32f4xx.o(.text)
    DMA1_Stream2_IRQHandler                  0x0800053f   Thumb Code     0  startup_stm32f4xx.o(.text)
    DMA1_Stream3_IRQHandler                  0x0800053f   Thumb Code     0  startup_stm32f4xx.o(.text)
    DMA1_Stream4_IRQHandler                  0x0800053f   Thumb Code     0  startup_stm32f4xx.o(.text)
    DMA1_Stream5_IRQHandler                  0x0800053f   Thumb Code     0  startup_stm32f4xx.o(.text)
    DMA1_Stream6_IRQHandler                  0x0800053f   Thumb Code     0  startup_stm32f4xx.o(.text)
    DMA1_Stream7_IRQHandler                  0x0800053f   Thumb Code     0  startup_stm32f4xx.o(.text)
    DMA2_Stream0_IRQHandler                  0x0800053f   Thumb Code     0  startup_stm32f4xx.o(.text)
    DMA2_Stream1_IRQHandler                  0x0800053f   Thumb Code     0  startup_stm32f4xx.o(.text)
    DMA2_Stream2_IRQHandler                  0x0800053f   Thumb Code     0  startup_stm32f4xx.o(.text)
    DMA2_Stream3_IRQHandler                  0x0800053f   Thumb Code     0  startup_stm32f4xx.o(.text)
    DMA2_Stream4_IRQHandler                  0x0800053f   Thumb Code     0  startup_stm32f4xx.o(.text)
    DMA2_Stream5_IRQHandler                  0x0800053f   Thumb Code     0  startup_stm32f4xx.o(.text)
    DMA2_Stream6_IRQHandler                  0x0800053f   Thumb Code     0  startup_stm32f4xx.o(.text)
    DMA2_Stream7_IRQHandler                  0x0800053f   Thumb Code     0  startup_stm32f4xx.o(.text)
    ETH_IRQHandler                           0x0800053f   Thumb Code     0  startup_stm32f4xx.o(.text)
    ETH_WKUP_IRQHandler                      0x0800053f   Thumb Code     0  startup_stm32f4xx.o(.text)
    EXTI0_IRQHandler                         0x0800053f   Thumb Code     0  startup_stm32f4xx.o(.text)
    EXTI15_10_IRQHandler                     0x0800053f   Thumb Code     0  startup_stm32f4xx.o(.text)
    EXTI2_IRQHandler                         0x0800053f   Thumb Code     0  startup_stm32f4xx.o(.text)
    EXTI3_IRQHandler                         0x0800053f   Thumb Code     0  startup_stm32f4xx.o(.text)
    EXTI4_IRQHandler                         0x0800053f   Thumb Code     0  startup_stm32f4xx.o(.text)
    EXTI9_5_IRQHandler                       0x0800053f   Thumb Code     0  startup_stm32f4xx.o(.text)
    FLASH_IRQHandler                         0x0800053f   Thumb Code     0  startup_stm32f4xx.o(.text)
    FPU_IRQHandler                           0x0800053f   Thumb Code     0  startup_stm32f4xx.o(.text)
    FSMC_IRQHandler                          0x0800053f   Thumb Code     0  startup_stm32f4xx.o(.text)
    HASH_RNG_IRQHandler                      0x0800053f   Thumb Code     0  startup_stm32f4xx.o(.text)
    I2C1_ER_IRQHandler                       0x0800053f   Thumb Code     0  startup_stm32f4xx.o(.text)
    I2C1_EV_IRQHandler                       0x0800053f   Thumb Code     0  startup_stm32f4xx.o(.text)
    I2C2_ER_IRQHandler                       0x0800053f   Thumb Code     0  startup_stm32f4xx.o(.text)
    I2C2_EV_IRQHandler                       0x0800053f   Thumb Code     0  startup_stm32f4xx.o(.text)
    I2C3_ER_IRQHandler                       0x0800053f   Thumb Code     0  startup_stm32f4xx.o(.text)
    I2C3_EV_IRQHandler                       0x0800053f   Thumb Code     0  startup_stm32f4xx.o(.text)
    OTG_FS_IRQHandler                        0x0800053f   Thumb Code     0  startup_stm32f4xx.o(.text)
    OTG_FS_WKUP_IRQHandler                   0x0800053f   Thumb Code     0  startup_stm32f4xx.o(.text)
    OTG_HS_EP1_IN_IRQHandler                 0x0800053f   Thumb Code     0  startup_stm32f4xx.o(.text)
    OTG_HS_EP1_OUT_IRQHandler                0x0800053f   Thumb Code     0  startup_stm32f4xx.o(.text)
    OTG_HS_IRQHandler                        0x0800053f   Thumb Code     0  startup_stm32f4xx.o(.text)
    OTG_HS_WKUP_IRQHandler                   0x0800053f   Thumb Code     0  startup_stm32f4xx.o(.text)
    PVD_IRQHandler                           0x0800053f   Thumb Code     0  startup_stm32f4xx.o(.text)
    RCC_IRQHandler                           0x0800053f   Thumb Code     0  startup_stm32f4xx.o(.text)
    RTC_Alarm_IRQHandler                     0x0800053f   Thumb Code     0  startup_stm32f4xx.o(.text)
    RTC_WKUP_IRQHandler                      0x0800053f   Thumb Code     0  startup_stm32f4xx.o(.text)
    SDIO_IRQHandler                          0x0800053f   Thumb Code     0  startup_stm32f4xx.o(.text)
    SPI1_IRQHandler                          0x0800053f   Thumb Code     0  startup_stm32f4xx.o(.text)
    SPI2_IRQHandler                          0x0800053f   Thumb Code     0  startup_stm32f4xx.o(.text)
    SPI3_IRQHandler                          0x0800053f   Thumb Code     0  startup_stm32f4xx.o(.text)
    TAMP_STAMP_IRQHandler                    0x0800053f   Thumb Code     0  startup_stm32f4xx.o(.text)
    TIM1_BRK_TIM9_IRQHandler                 0x0800053f   Thumb Code     0  startup_stm32f4xx.o(.text)
    TIM1_CC_IRQHandler                       0x0800053f   Thumb Code     0  startup_stm32f4xx.o(.text)
    TIM1_TRG_COM_TIM11_IRQHandler            0x0800053f   Thumb Code     0  startup_stm32f4xx.o(.text)
    TIM1_UP_TIM10_IRQHandler                 0x0800053f   Thumb Code     0  startup_stm32f4xx.o(.text)
    TIM3_IRQHandler                          0x0800053f   Thumb Code     0  startup_stm32f4xx.o(.text)
    TIM5_IRQHandler                          0x0800053f   Thumb Code     0  startup_stm32f4xx.o(.text)
    TIM6_DAC_IRQHandler                      0x0800053f   Thumb Code     0  startup_stm32f4xx.o(.text)
    TIM7_IRQHandler                          0x0800053f   Thumb Code     0  startup_stm32f4xx.o(.text)
    TIM8_BRK_TIM12_IRQHandler                0x0800053f   Thumb Code     0  startup_stm32f4xx.o(.text)
    TIM8_CC_IRQHandler                       0x0800053f   Thumb Code     0  startup_stm32f4xx.o(.text)
    TIM8_TRG_COM_TIM14_IRQHandler            0x0800053f   Thumb Code     0  startup_stm32f4xx.o(.text)
    TIM8_UP_TIM13_IRQHandler                 0x0800053f   Thumb Code     0  startup_stm32f4xx.o(.text)
    UART4_IRQHandler                         0x0800053f   Thumb Code     0  startup_stm32f4xx.o(.text)
    UART5_IRQHandler                         0x0800053f   Thumb Code     0  startup_stm32f4xx.o(.text)
    USART1_IRQHandler                        0x0800053f   Thumb Code     0  startup_stm32f4xx.o(.text)
    USART2_IRQHandler                        0x0800053f   Thumb Code     0  startup_stm32f4xx.o(.text)
    USART3_IRQHandler                        0x0800053f   Thumb Code     0  startup_stm32f4xx.o(.text)
    USART6_IRQHandler                        0x0800053f   Thumb Code     0  startup_stm32f4xx.o(.text)
    WWDG_IRQHandler                          0x0800053f   Thumb Code     0  startup_stm32f4xx.o(.text)
    os_idle_demon                            0x08000549   Thumb Code     4  rtx_conf_cm.o(.text)
    os_error                                 0x0800054d   Thumb Code     4  rtx_conf_cm.o(.text)
    main                                     0x08000551   Thumb Code   270  main.o(.text)
    accelerometer_thread                     0x0800065f   Thumb Code    58  main.o(.text)
    temperature_thread                       0x08000699   Thumb Code    58  main.o(.text)
    mode_thread                              0x080006d3   Thumb Code   250  main.o(.text)
    pushbutton_thread                        0x080007cd   Thumb Code    68  main.o(.text)
    sw_pwm_thread                            0x08000811   Thumb Code     2  main.o(.text)
    hw_pwm_thread                            0x08000813   Thumb Code     2  main.o(.text)
    TIM2_IRQHandler                          0x08000815   Thumb Code    32  main.o(.text)
    TIM4_IRQHandler                          0x08000835   Thumb Code    26  main.o(.text)
    EXTI1_IRQHandler                         0x0800084f   Thumb Code    30  main.o(.text)
    temperature_timer_callback               0x0800086d   Thumb Code    16  main.o(.text)
    init_TIM2                                0x080008f1   Thumb Code   114  lab4_init.o(.text)
    init_TIM4                                0x08000963   Thumb Code   160  lab4_init.o(.text)
    init_EXTI                                0x08000a03   Thumb Code   132  lab4_init.o(.text)
    init_accelerometer                       0x08000a87   Thumb Code   138  lab4_init.o(.text)
    init_LEDS_HW_PWM                         0x08000b11   Thumb Code    86  lab4_init.o(.text)
    init_LEDS                                0x08000b67   Thumb Code    54  lab4_init.o(.text)
    init_adc                                 0x08000b9d   Thumb Code    70  lab4_init.o(.text)
    init_temp_sensor                         0x08000be3   Thumb Code    22  lab4_init.o(.text)
    init_pushbutton                          0x08000bf9   Thumb Code    54  lab4_init.o(.text)
    update_orientation                       0x0800114f   Thumb Code    60  lab4_accelerometer.o(.text)
    init_orientation                         0x0800118b   Thumb Code    68  lab4_accelerometer.o(.text)
    display_orientation                      0x080011cf   Thumb Code   190  lab4_accelerometer.o(.text)
    init_moving_average                      0x08001299   Thumb Code    36  lab4_filter.o(.text)
    insert_value                             0x080012bd   Thumb Code    30  lab4_filter.o(.text)
    calculate_average                        0x080012db   Thumb Code   130  lab4_filter.o(.text)
    rotate_led                               0x080013a3   Thumb Code   128  lab4_temp.o(.text)
    init_temp_reader                         0x08001423   Thumb Code    26  lab4_temp.o(.text)
    read_temp                                0x0800143d   Thumb Code    74  lab4_temp.o(.text)
    init_LED_PWM                             0x080014a1   Thumb Code    24  lab4_hw_pwm.o(.text)
    update_led_pwm_intensity_pulse           0x080014b9   Thumb Code   378  lab4_hw_pwm.o(.text)
    update_led_intensities                   0x08001633   Thumb Code    46  lab4_hw_pwm.o(.text)
    NVIC_PriorityGroupConfig                 0x08001685   Thumb Code    10  misc.o(.text)
    NVIC_Init                                0x0800168f   Thumb Code   108  misc.o(.text)
    NVIC_SetVectorTable                      0x080016fb   Thumb Code    14  misc.o(.text)
    NVIC_SystemLPConfig                      0x08001709   Thumb Code    34  misc.o(.text)
    SysTick_CLKSourceConfig                  0x0800172b   Thumb Code    40  misc.o(.text)
    ADC_DeInit                               0x08001769   Thumb Code    22  stm32f4xx_adc.o(.text)
    ADC_Init                                 0x0800177f   Thumb Code    74  stm32f4xx_adc.o(.text)
    ADC_StructInit                           0x080017c9   Thumb Code    20  stm32f4xx_adc.o(.text)
    ADC_CommonInit                           0x080017dd   Thumb Code    44  stm32f4xx_adc.o(.text)
    ADC_CommonStructInit                     0x08001809   Thumb Code    12  stm32f4xx_adc.o(.text)
    ADC_Cmd                                  0x08001815   Thumb Code    22  stm32f4xx_adc.o(.text)
    ADC_AnalogWatchdogCmd                    0x0800182b   Thumb Code    16  stm32f4xx_adc.o(.text)
    ADC_AnalogWatchdogThresholdsConfig       0x0800183b   Thumb Code     6  stm32f4xx_adc.o(.text)
    ADC_AnalogWatchdogSingleChannelConfig    0x08001841   Thumb Code    16  stm32f4xx_adc.o(.text)
    ADC_TempSensorVrefintCmd                 0x08001851   Thumb Code    34  stm32f4xx_adc.o(.text)
    ADC_VBATCmd                              0x08001873   Thumb Code    34  stm32f4xx_adc.o(.text)
    ADC_RegularChannelConfig                 0x08001895   Thumb Code   184  stm32f4xx_adc.o(.text)
    ADC_SoftwareStartConv                    0x0800194d   Thumb Code    10  stm32f4xx_adc.o(.text)
    ADC_GetSoftwareStartConvStatus           0x08001957   Thumb Code    20  stm32f4xx_adc.o(.text)
    ADC_EOCOnEachRegularChannelCmd           0x0800196b   Thumb Code    22  stm32f4xx_adc.o(.text)
    ADC_ContinuousModeCmd                    0x08001981   Thumb Code    22  stm32f4xx_adc.o(.text)
    ADC_DiscModeChannelCountConfig           0x08001997   Thumb Code    24  stm32f4xx_adc.o(.text)
    ADC_DiscModeCmd                          0x080019af   Thumb Code    22  stm32f4xx_adc.o(.text)
    ADC_GetConversionValue                   0x080019c5   Thumb Code     8  stm32f4xx_adc.o(.text)
    ADC_GetMultiModeConversionValue          0x080019cd   Thumb Code     6  stm32f4xx_adc.o(.text)
    ADC_DMACmd                               0x080019d3   Thumb Code    22  stm32f4xx_adc.o(.text)
    ADC_DMARequestAfterLastTransferCmd       0x080019e9   Thumb Code    22  stm32f4xx_adc.o(.text)
    ADC_MultiModeDMARequestAfterLastTransferCmd 0x080019ff   Thumb Code    34  stm32f4xx_adc.o(.text)
    ADC_InjectedChannelConfig                0x08001a21   Thumb Code   130  stm32f4xx_adc.o(.text)
    ADC_InjectedSequencerLengthConfig        0x08001aa3   Thumb Code    24  stm32f4xx_adc.o(.text)
    ADC_SetInjectedOffset                    0x08001abb   Thumb Code    20  stm32f4xx_adc.o(.text)
    ADC_ExternalTrigInjectedConvConfig       0x08001acf   Thumb Code    16  stm32f4xx_adc.o(.text)
    ADC_ExternalTrigInjectedConvEdgeConfig   0x08001adf   Thumb Code    16  stm32f4xx_adc.o(.text)
    ADC_SoftwareStartInjectedConv            0x08001aef   Thumb Code    10  stm32f4xx_adc.o(.text)
    ADC_GetSoftwareStartInjectedConvCmdStatus 0x08001af9   Thumb Code    20  stm32f4xx_adc.o(.text)
    ADC_AutoInjectedConvCmd                  0x08001b0d   Thumb Code    22  stm32f4xx_adc.o(.text)
    ADC_InjectedDiscModeCmd                  0x08001b23   Thumb Code    22  stm32f4xx_adc.o(.text)
    ADC_GetInjectedConversionValue           0x08001b39   Thumb Code    28  stm32f4xx_adc.o(.text)
    ADC_ITConfig                             0x08001b55   Thumb Code    60  stm32f4xx_adc.o(.text)
    ADC_GetFlagStatus                        0x08001b91   Thumb Code    18  stm32f4xx_adc.o(.text)
    ADC_ClearFlag                            0x08001ba3   Thumb Code     6  stm32f4xx_adc.o(.text)
    ADC_GetITStatus                          0x08001ba9   Thumb Code    38  stm32f4xx_adc.o(.text)
    ADC_ClearITPendingBit                    0x08001bcf   Thumb Code    10  stm32f4xx_adc.o(.text)
    EXTI_DeInit                              0x08001bd9   Thumb Code    28  stm32f4xx_exti.o(.text)
    EXTI_Init                                0x08001bf5   Thumb Code   142  stm32f4xx_exti.o(.text)
    EXTI_StructInit                          0x08001c83   Thumb Code    16  stm32f4xx_exti.o(.text)
    EXTI_GenerateSWInterrupt                 0x08001c93   Thumb Code    16  stm32f4xx_exti.o(.text)
    EXTI_GetFlagStatus                       0x08001ca3   Thumb Code    22  stm32f4xx_exti.o(.text)
    EXTI_ClearFlag                           0x08001cb9   Thumb Code     8  stm32f4xx_exti.o(.text)
    EXTI_GetITStatus                         0x08001cc1   Thumb Code    34  stm32f4xx_exti.o(.text)
    EXTI_ClearITPendingBit                   0x08001ce3   Thumb Code     8  stm32f4xx_exti.o(.text)
    GPIO_DeInit                              0x08001cf5   Thumb Code   220  stm32f4xx_gpio.o(.text)
    GPIO_Init                                0x08001dd1   Thumb Code   144  stm32f4xx_gpio.o(.text)
    GPIO_StructInit                          0x08001e61   Thumb Code    18  stm32f4xx_gpio.o(.text)
    GPIO_PinLockConfig                       0x08001e73   Thumb Code    34  stm32f4xx_gpio.o(.text)
    GPIO_ReadInputDataBit                    0x08001e95   Thumb Code    18  stm32f4xx_gpio.o(.text)
    GPIO_ReadInputData                       0x08001ea7   Thumb Code     8  stm32f4xx_gpio.o(.text)
    GPIO_ReadOutputDataBit                   0x08001eaf   Thumb Code    18  stm32f4xx_gpio.o(.text)
    GPIO_ReadOutputData                      0x08001ec1   Thumb Code     8  stm32f4xx_gpio.o(.text)
    GPIO_SetBits                             0x08001ec9   Thumb Code     4  stm32f4xx_gpio.o(.text)
    GPIO_ResetBits                           0x08001ecd   Thumb Code     4  stm32f4xx_gpio.o(.text)
    GPIO_WriteBit                            0x08001ed1   Thumb Code    10  stm32f4xx_gpio.o(.text)
    GPIO_Write                               0x08001edb   Thumb Code     4  stm32f4xx_gpio.o(.text)
    GPIO_ToggleBits                          0x08001edf   Thumb Code     8  stm32f4xx_gpio.o(.text)
    GPIO_PinAFConfig                         0x08001ee7   Thumb Code    70  stm32f4xx_gpio.o(.text)
    RCC_DeInit                               0x08001f51   Thumb Code    60  stm32f4xx_rcc.o(.text)
    RCC_HSEConfig                            0x08001f8d   Thumb Code    14  stm32f4xx_rcc.o(.text)
    RCC_GetFlagStatus                        0x08001f9b   Thumb Code    60  stm32f4xx_rcc.o(.text)
    RCC_WaitForHSEStartUp                    0x08001fd7   Thumb Code    56  stm32f4xx_rcc.o(.text)
    RCC_AdjustHSICalibrationValue            0x0800200f   Thumb Code    20  stm32f4xx_rcc.o(.text)
    RCC_HSICmd                               0x08002023   Thumb Code     6  stm32f4xx_rcc.o(.text)
    RCC_LSEConfig                            0x08002029   Thumb Code    46  stm32f4xx_rcc.o(.text)
    RCC_LSICmd                               0x08002057   Thumb Code     6  stm32f4xx_rcc.o(.text)
    RCC_PLLConfig                            0x0800205d   Thumb Code    32  stm32f4xx_rcc.o(.text)
    RCC_PLLCmd                               0x0800207d   Thumb Code     6  stm32f4xx_rcc.o(.text)
    RCC_PLLI2SConfig                         0x08002083   Thumb Code    14  stm32f4xx_rcc.o(.text)
    RCC_PLLI2SCmd                            0x08002091   Thumb Code     6  stm32f4xx_rcc.o(.text)
    RCC_ClockSecuritySystemCmd               0x08002097   Thumb Code     6  stm32f4xx_rcc.o(.text)
    RCC_MCO1Config                           0x0800209d   Thumb Code    28  stm32f4xx_rcc.o(.text)
    RCC_MCO2Config                           0x080020b9   Thumb Code    28  stm32f4xx_rcc.o(.text)
    RCC_SYSCLKConfig                         0x080020d5   Thumb Code    20  stm32f4xx_rcc.o(.text)
    RCC_GetSYSCLKSource                      0x080020e9   Thumb Code    12  stm32f4xx_rcc.o(.text)
    RCC_HCLKConfig                           0x080020f5   Thumb Code    20  stm32f4xx_rcc.o(.text)
    RCC_PCLK1Config                          0x08002109   Thumb Code    20  stm32f4xx_rcc.o(.text)
    RCC_PCLK2Config                          0x0800211d   Thumb Code    22  stm32f4xx_rcc.o(.text)
    RCC_GetClocksFreq                        0x08002133   Thumb Code   222  stm32f4xx_rcc.o(.text)
    RCC_RTCCLKConfig                         0x08002211   Thumb Code    54  stm32f4xx_rcc.o(.text)
    RCC_RTCCLKCmd                            0x08002247   Thumb Code     8  stm32f4xx_rcc.o(.text)
    RCC_BackupResetCmd                       0x0800224f   Thumb Code     8  stm32f4xx_rcc.o(.text)
    RCC_I2SCLKConfig                         0x08002257   Thumb Code     6  stm32f4xx_rcc.o(.text)
    RCC_AHB1PeriphClockCmd                   0x0800225d   Thumb Code    34  stm32f4xx_rcc.o(.text)
    RCC_AHB2PeriphClockCmd                   0x0800227f   Thumb Code    34  stm32f4xx_rcc.o(.text)
    RCC_AHB3PeriphClockCmd                   0x080022a1   Thumb Code    34  stm32f4xx_rcc.o(.text)
    RCC_APB1PeriphClockCmd                   0x080022c3   Thumb Code    34  stm32f4xx_rcc.o(.text)
    RCC_APB2PeriphClockCmd                   0x080022e5   Thumb Code    34  stm32f4xx_rcc.o(.text)
    RCC_AHB1PeriphResetCmd                   0x08002307   Thumb Code    34  stm32f4xx_rcc.o(.text)
    RCC_AHB2PeriphResetCmd                   0x08002329   Thumb Code    72  stm32f4xx_rcc.o(.text)
    RCC_AHB3PeriphResetCmd                   0x08002371   Thumb Code    34  stm32f4xx_rcc.o(.text)
    RCC_APB1PeriphResetCmd                   0x08002393   Thumb Code    34  stm32f4xx_rcc.o(.text)
    RCC_APB2PeriphResetCmd                   0x080023b5   Thumb Code    34  stm32f4xx_rcc.o(.text)
    RCC_AHB1PeriphClockLPModeCmd             0x080023d7   Thumb Code    34  stm32f4xx_rcc.o(.text)
    RCC_AHB2PeriphClockLPModeCmd             0x080023f9   Thumb Code    34  stm32f4xx_rcc.o(.text)
    RCC_AHB3PeriphClockLPModeCmd             0x0800241b   Thumb Code    34  stm32f4xx_rcc.o(.text)
    RCC_APB1PeriphClockLPModeCmd             0x0800243d   Thumb Code    34  stm32f4xx_rcc.o(.text)
    RCC_APB2PeriphClockLPModeCmd             0x0800245f   Thumb Code    34  stm32f4xx_rcc.o(.text)
    RCC_ITConfig                             0x08002481   Thumb Code    34  stm32f4xx_rcc.o(.text)
    RCC_ClearFlag                            0x080024a3   Thumb Code    18  stm32f4xx_rcc.o(.text)
    RCC_GetITStatus                          0x080024b5   Thumb Code    22  stm32f4xx_rcc.o(.text)
    RCC_ClearITPendingBit                    0x080024cb   Thumb Code     8  stm32f4xx_rcc.o(.text)
    SPI_I2S_DeInit                           0x080024d9   Thumb Code    76  stm32f4xx_spi.o(.text)
    SPI_Init                                 0x08002525   Thumb Code    60  stm32f4xx_spi.o(.text)
    I2S_Init                                 0x08002561   Thumb Code   346  stm32f4xx_spi.o(.text)
    SPI_StructInit                           0x080026bb   Thumb Code    24  stm32f4xx_spi.o(.text)
    I2S_StructInit                           0x080026d3   Thumb Code    20  stm32f4xx_spi.o(.text)
    SPI_Cmd                                  0x080026e7   Thumb Code    24  stm32f4xx_spi.o(.text)
    I2S_Cmd                                  0x080026ff   Thumb Code    24  stm32f4xx_spi.o(.text)
    SPI_DataSizeConfig                       0x08002717   Thumb Code    18  stm32f4xx_spi.o(.text)
    SPI_BiDirectionalLineConfig              0x08002729   Thumb Code    28  stm32f4xx_spi.o(.text)
    SPI_NSSInternalSoftwareConfig            0x08002745   Thumb Code    30  stm32f4xx_spi.o(.text)
    SPI_SSOutputCmd                          0x08002763   Thumb Code    24  stm32f4xx_spi.o(.text)
    SPI_TIModeCmd                            0x0800277b   Thumb Code    24  stm32f4xx_spi.o(.text)
    I2S_FullDuplexConfig                     0x08002793   Thumb Code    80  stm32f4xx_spi.o(.text)
    SPI_I2S_ReceiveData                      0x080027e3   Thumb Code     6  stm32f4xx_spi.o(.text)
    SPI_I2S_SendData                         0x080027e9   Thumb Code     4  stm32f4xx_spi.o(.text)
    SPI_CalculateCRC                         0x080027ed   Thumb Code    24  stm32f4xx_spi.o(.text)
    SPI_TransmitCRC                          0x08002805   Thumb Code    10  stm32f4xx_spi.o(.text)
    SPI_GetCRC                               0x0800280f   Thumb Code    16  stm32f4xx_spi.o(.text)
    SPI_GetCRCPolynomial                     0x0800281f   Thumb Code     6  stm32f4xx_spi.o(.text)
    SPI_I2S_DMACmd                           0x08002825   Thumb Code    18  stm32f4xx_spi.o(.text)
    SPI_I2S_ITConfig                         0x08002837   Thumb Code    32  stm32f4xx_spi.o(.text)
    SPI_I2S_GetFlagStatus                    0x08002857   Thumb Code    18  stm32f4xx_spi.o(.text)
    SPI_I2S_ClearFlag                        0x08002869   Thumb Code     6  stm32f4xx_spi.o(.text)
    SPI_I2S_GetITStatus                      0x0800286f   Thumb Code    52  stm32f4xx_spi.o(.text)
    SPI_I2S_ClearITPendingBit                0x080028a3   Thumb Code    20  stm32f4xx_spi.o(.text)
    SYSCFG_DeInit                            0x080028cd   Thumb Code    22  stm32f4xx_syscfg.o(.text)
    SYSCFG_MemoryRemapConfig                 0x080028e3   Thumb Code     6  stm32f4xx_syscfg.o(.text)
    SYSCFG_EXTILineConfig                    0x080028e9   Thumb Code    66  stm32f4xx_syscfg.o(.text)
    SYSCFG_ETH_MediaInterfaceConfig          0x0800292b   Thumb Code     6  stm32f4xx_syscfg.o(.text)
    SYSCFG_CompensationCellCmd               0x08002931   Thumb Code     6  stm32f4xx_syscfg.o(.text)
    SYSCFG_GetCompensationCellStatus         0x08002937   Thumb Code    22  stm32f4xx_syscfg.o(.text)
    TIM_DeInit                               0x08002959   Thumb Code   346  stm32f4xx_tim.o(.text)
    TIM_TimeBaseInit                         0x08002ab3   Thumb Code   104  stm32f4xx_tim.o(.text)
    TIM_TimeBaseStructInit                   0x08002b1b   Thumb Code    18  stm32f4xx_tim.o(.text)
    TIM_PrescalerConfig                      0x08002b2d   Thumb Code     6  stm32f4xx_tim.o(.text)
    TIM_CounterModeConfig                    0x08002b33   Thumb Code    18  stm32f4xx_tim.o(.text)
    TIM_SetCounter                           0x08002b45   Thumb Code     4  stm32f4xx_tim.o(.text)
    TIM_SetAutoreload                        0x08002b49   Thumb Code     4  stm32f4xx_tim.o(.text)
    TIM_GetCounter                           0x08002b4d   Thumb Code     6  stm32f4xx_tim.o(.text)
    TIM_GetPrescaler                         0x08002b53   Thumb Code     6  stm32f4xx_tim.o(.text)
    TIM_UpdateDisableConfig                  0x08002b59   Thumb Code    24  stm32f4xx_tim.o(.text)
    TIM_UpdateRequestConfig                  0x08002b71   Thumb Code    24  stm32f4xx_tim.o(.text)
    TIM_ARRPreloadConfig                     0x08002b89   Thumb Code    24  stm32f4xx_tim.o(.text)
    TIM_SelectOnePulseMode                   0x08002ba1   Thumb Code    18  stm32f4xx_tim.o(.text)
    TIM_SetClockDivision                     0x08002bb3   Thumb Code    18  stm32f4xx_tim.o(.text)
    TIM_Cmd                                  0x08002bc5   Thumb Code    24  stm32f4xx_tim.o(.text)
    TIM_OC1Init                              0x08002bdd   Thumb Code   114  stm32f4xx_tim.o(.text)
    TIM_OC2Init                              0x08002c4f   Thumb Code   154  stm32f4xx_tim.o(.text)
    TIM_OC3Init                              0x08002ce9   Thumb Code   204  stm32f4xx_tim.o(.text)
    TIM_OC4Init                              0x08002db5   Thumb Code   112  stm32f4xx_tim.o(.text)
    TIM_OCStructInit                         0x08002e25   Thumb Code    20  stm32f4xx_tim.o(.text)
    TIM_SelectOCxM                           0x08002e39   Thumb Code    86  stm32f4xx_tim.o(.text)
    TIM_SetCompare1                          0x08002e8f   Thumb Code     4  stm32f4xx_tim.o(.text)
    TIM_SetCompare2                          0x08002e93   Thumb Code     4  stm32f4xx_tim.o(.text)
    TIM_SetCompare3                          0x08002e97   Thumb Code     4  stm32f4xx_tim.o(.text)
    TIM_SetCompare4                          0x08002e9b   Thumb Code     4  stm32f4xx_tim.o(.text)
    TIM_ForcedOC1Config                      0x08002e9f   Thumb Code    18  stm32f4xx_tim.o(.text)
    TIM_ForcedOC2Config                      0x08002eb1   Thumb Code    26  stm32f4xx_tim.o(.text)
    TIM_ForcedOC3Config                      0x08002ecb   Thumb Code    18  stm32f4xx_tim.o(.text)
    TIM_ForcedOC4Config                      0x08002edd   Thumb Code    26  stm32f4xx_tim.o(.text)
    TIM_OC1PreloadConfig                     0x08002ef7   Thumb Code    18  stm32f4xx_tim.o(.text)
    TIM_OC2PreloadConfig                     0x08002f09   Thumb Code    26  stm32f4xx_tim.o(.text)
    TIM_OC3PreloadConfig                     0x08002f23   Thumb Code    18  stm32f4xx_tim.o(.text)
    TIM_OC4PreloadConfig                     0x08002f35   Thumb Code    26  stm32f4xx_tim.o(.text)
    TIM_OC1FastConfig                        0x08002f4f   Thumb Code    18  stm32f4xx_tim.o(.text)
    TIM_OC2FastConfig                        0x08002f61   Thumb Code    26  stm32f4xx_tim.o(.text)
    TIM_OC3FastConfig                        0x08002f7b   Thumb Code    18  stm32f4xx_tim.o(.text)
    TIM_OC4FastConfig                        0x08002f8d   Thumb Code    26  stm32f4xx_tim.o(.text)
    TIM_ClearOC1Ref                          0x08002fa7   Thumb Code    18  stm32f4xx_tim.o(.text)
    TIM_ClearOC2Ref                          0x08002fb9   Thumb Code    24  stm32f4xx_tim.o(.text)
    TIM_ClearOC3Ref                          0x08002fd1   Thumb Code    18  stm32f4xx_tim.o(.text)
    TIM_ClearOC4Ref                          0x08002fe3   Thumb Code    24  stm32f4xx_tim.o(.text)
    TIM_OC1PolarityConfig                    0x08002ffb   Thumb Code    18  stm32f4xx_tim.o(.text)
    TIM_OC1NPolarityConfig                   0x0800300d   Thumb Code    18  stm32f4xx_tim.o(.text)
    TIM_OC2PolarityConfig                    0x0800301f   Thumb Code    26  stm32f4xx_tim.o(.text)
    TIM_OC2NPolarityConfig                   0x08003039   Thumb Code    26  stm32f4xx_tim.o(.text)
    TIM_OC3PolarityConfig                    0x08003053   Thumb Code    26  stm32f4xx_tim.o(.text)
    TIM_OC3NPolarityConfig                   0x0800306d   Thumb Code    26  stm32f4xx_tim.o(.text)
    TIM_OC4PolarityConfig                    0x08003087   Thumb Code    26  stm32f4xx_tim.o(.text)
    TIM_CCxCmd                               0x080030a1   Thumb Code    30  stm32f4xx_tim.o(.text)
    TIM_CCxNCmd                              0x080030bf   Thumb Code    30  stm32f4xx_tim.o(.text)
    TIM_SetIC4Prescaler                      0x080030dd   Thumb Code    26  stm32f4xx_tim.o(.text)
    TIM_SetIC3Prescaler                      0x08003147   Thumb Code    18  stm32f4xx_tim.o(.text)
    TIM_SetIC2Prescaler                      0x080031a1   Thumb Code    26  stm32f4xx_tim.o(.text)
    TIM_SetIC1Prescaler                      0x08003215   Thumb Code    18  stm32f4xx_tim.o(.text)
    TIM_ICInit                               0x08003261   Thumb Code   110  stm32f4xx_tim.o(.text)
    TIM_ICStructInit                         0x080032cf   Thumb Code    18  stm32f4xx_tim.o(.text)
    TIM_PWMIConfig                           0x080032e1   Thumb Code   124  stm32f4xx_tim.o(.text)
    TIM_GetCapture1                          0x0800335d   Thumb Code     6  stm32f4xx_tim.o(.text)
    TIM_GetCapture2                          0x08003363   Thumb Code     6  stm32f4xx_tim.o(.text)
    TIM_GetCapture3                          0x08003369   Thumb Code     6  stm32f4xx_tim.o(.text)
    TIM_GetCapture4                          0x0800336f   Thumb Code     6  stm32f4xx_tim.o(.text)
    TIM_BDTRConfig                           0x08003375   Thumb Code    32  stm32f4xx_tim.o(.text)
    TIM_BDTRStructInit                       0x08003395   Thumb Code    18  stm32f4xx_tim.o(.text)
    TIM_CtrlPWMOutputs                       0x080033a7   Thumb Code    30  stm32f4xx_tim.o(.text)
    TIM_SelectCOM                            0x080033c5   Thumb Code    24  stm32f4xx_tim.o(.text)
    TIM_CCPreloadControl                     0x080033dd   Thumb Code    24  stm32f4xx_tim.o(.text)
    TIM_ITConfig                             0x080033f5   Thumb Code    18  stm32f4xx_tim.o(.text)
    TIM_GenerateEvent                        0x08003407   Thumb Code     4  stm32f4xx_tim.o(.text)
    TIM_GetFlagStatus                        0x0800340b   Thumb Code    18  stm32f4xx_tim.o(.text)
    TIM_ClearFlag                            0x0800341d   Thumb Code     6  stm32f4xx_tim.o(.text)
    TIM_GetITStatus                          0x08003423   Thumb Code    34  stm32f4xx_tim.o(.text)
    TIM_ClearITPendingBit                    0x08003445   Thumb Code     6  stm32f4xx_tim.o(.text)
    TIM_DMAConfig                            0x0800344b   Thumb Code    10  stm32f4xx_tim.o(.text)
    TIM_DMACmd                               0x08003455   Thumb Code    18  stm32f4xx_tim.o(.text)
    TIM_SelectCCDMA                          0x08003467   Thumb Code    24  stm32f4xx_tim.o(.text)
    TIM_InternalClockConfig                  0x0800347f   Thumb Code    12  stm32f4xx_tim.o(.text)
    TIM_SelectInputTrigger                   0x0800348b   Thumb Code    18  stm32f4xx_tim.o(.text)
    TIM_ITRxExternalClockConfig              0x0800349d   Thumb Code    24  stm32f4xx_tim.o(.text)
    TIM_TIxExternalClockConfig               0x080034b5   Thumb Code    62  stm32f4xx_tim.o(.text)
    TIM_ETRConfig                            0x080034f3   Thumb Code    28  stm32f4xx_tim.o(.text)
    TIM_ETRClockMode1Config                  0x0800350f   Thumb Code    54  stm32f4xx_tim.o(.text)
    TIM_ETRClockMode2Config                  0x08003545   Thumb Code    32  stm32f4xx_tim.o(.text)
    TIM_SelectOutputTrigger                  0x08003565   Thumb Code    18  stm32f4xx_tim.o(.text)
    TIM_SelectSlaveMode                      0x08003577   Thumb Code    18  stm32f4xx_tim.o(.text)
    TIM_SelectMasterSlaveMode                0x08003589   Thumb Code    18  stm32f4xx_tim.o(.text)
    TIM_EncoderInterfaceConfig               0x0800359b   Thumb Code    66  stm32f4xx_tim.o(.text)
    TIM_SelectHallSensor                     0x080035dd   Thumb Code    24  stm32f4xx_tim.o(.text)
    TIM_RemapConfig                          0x080035f5   Thumb Code     6  stm32f4xx_tim.o(.text)
    LIS302DL_TIMEOUT_UserCallback            0x080035fd   Thumb Code     4  stm32f4_discovery_lis302dl.o(.text)
    LIS302DL_Write                           0x08003663   Thumb Code    58  stm32f4_discovery_lis302dl.o(.text)
    LIS302DL_Init                            0x080037c3   Thumb Code    44  stm32f4_discovery_lis302dl.o(.text)
    LIS302DL_Read                            0x080037ef   Thumb Code    66  stm32f4_discovery_lis302dl.o(.text)
    LIS302DL_FilterConfig                    0x08003831   Thumb Code    58  stm32f4_discovery_lis302dl.o(.text)
    LIS302DL_InterruptConfig                 0x0800386b   Thumb Code    42  stm32f4_discovery_lis302dl.o(.text)
    LIS302DL_LowpowerCmd                     0x08003895   Thumb Code    44  stm32f4_discovery_lis302dl.o(.text)
    LIS302DL_DataRateCmd                     0x080038c1   Thumb Code    44  stm32f4_discovery_lis302dl.o(.text)
    LIS302DL_FullScaleCmd                    0x080038ed   Thumb Code    44  stm32f4_discovery_lis302dl.o(.text)
    LIS302DL_RebootCmd                       0x08003919   Thumb Code    34  stm32f4_discovery_lis302dl.o(.text)
    LIS302DL_ReadACC                         0x0800393b   Thumb Code   112  stm32f4_discovery_lis302dl.o(.text)
    __aeabi_memcpy                           0x080039bd   Thumb Code    36  memcpya.o(.text)
    __aeabi_memcpy4                          0x080039bd   Thumb Code     0  memcpya.o(.text)
    __aeabi_memcpy8                          0x080039bd   Thumb Code     0  memcpya.o(.text)
    __aeabi_dadd                             0x080039e1   Thumb Code   322  dadd.o(.text)
    __aeabi_dsub                             0x08003b23   Thumb Code     6  dadd.o(.text)
    __aeabi_drsub                            0x08003b29   Thumb Code     6  dadd.o(.text)
    __aeabi_dmul                             0x08003b2f   Thumb Code   228  dmul.o(.text)
    __aeabi_ddiv                             0x08003c13   Thumb Code   222  ddiv.o(.text)
    __aeabi_i2d                              0x08003cf1   Thumb Code    34  dflti.o(.text)
    __aeabi_ui2d                             0x08003d13   Thumb Code    26  dfltui.o(.text)
    __aeabi_d2iz                             0x08003d2d   Thumb Code    62  dfixi.o(.text)
    __aeabi_d2uiz                            0x08003d6b   Thumb Code    50  dfixui.o(.text)
    __aeabi_f2d                              0x08003d9d   Thumb Code    38  f2d.o(.text)
    __aeabi_d2f                              0x08003dc3   Thumb Code    56  d2f.o(.text)
    __aeabi_llsl                             0x08003dfb   Thumb Code    30  llshl.o(.text)
    _ll_shift_l                              0x08003dfb   Thumb Code     0  llshl.o(.text)
    __aeabi_llsr                             0x08003e19   Thumb Code    32  llushr.o(.text)
    _ll_ushift_r                             0x08003e19   Thumb Code     0  llushr.o(.text)
    __aeabi_lasr                             0x08003e39   Thumb Code    36  llsshr.o(.text)
    _ll_sshift_r                             0x08003e39   Thumb Code     0  llsshr.o(.text)
    __I$use$fp                               0x08003e5d   Thumb Code     0  iusefp.o(.text)
    _float_round                             0x08003e5d   Thumb Code    18  fepilogue.o(.text)
    _float_epilogue                          0x08003e6f   Thumb Code    90  fepilogue.o(.text)
    _double_round                            0x08003ec9   Thumb Code    26  depilogue.o(.text)
    _double_epilogue                         0x08003ee3   Thumb Code   164  depilogue.o(.text)
    __ARM_scalbn                             0x08003f87   Thumb Code    46  dscalb.o(.text)
    scalbn                                   0x08003f87   Thumb Code     0  dscalb.o(.text)
    _dsqrt                                   0x08003fb5   Thumb Code   162  dsqrt.o(.text)
    __aeabi_cdrcmple                         0x08004059   Thumb Code    38  cdrcmple.o(.text)
    __scatterload                            0x08004081   Thumb Code    28  init.o(.text)
    __scatterload_rt2                        0x08004081   Thumb Code     0  init.o(.text)
    SVC_Count                                0x080040a4   Data           4  SVC_Table.o(SVC_TABLE)
    SVC_Table                                0x080040a8   Data           0  SVC_Table.o(SVC_TABLE)
    __ARM_fpclassify                         0x080040a9   Thumb Code    48  fpclassify.o(i.__ARM_fpclassify)
    __hardfp_atan                            0x080040d9   Thumb Code   636  atan.o(i.__hardfp_atan)
    __hardfp_cos                             0x080043c1   Thumb Code   200  cos.o(i.__hardfp_cos)
    __hardfp_pow                             0x08004499   Thumb Code  3132  pow.o(i.__hardfp_pow)
    __hardfp_sqrt                            0x08005129   Thumb Code   122  sqrt.o(i.__hardfp_sqrt)
    __ieee754_rem_pio2                       0x080051a9   Thumb Code   972  rred.o(i.__ieee754_rem_pio2)
    __kernel_cos                             0x08005601   Thumb Code   322  cos_i.o(i.__kernel_cos)
    __kernel_poly                            0x08005771   Thumb Code   248  poly.o(i.__kernel_poly)
    __kernel_sin                             0x08005869   Thumb Code   280  sin_i.o(i.__kernel_sin)
    __mathlib_dbl_underflow                  0x08005999   Thumb Code    24  dunder.o(i.__mathlib_dbl_underflow)
    __scatterload_copy                       0x080059b9   Thumb Code    14  handlers.o(i.__scatterload_copy)
    __scatterload_null                       0x080059c7   Thumb Code     2  handlers.o(i.__scatterload_null)
    __scatterload_zeroinit                   0x080059c9   Thumb Code    14  handlers.o(i.__scatterload_zeroinit)
    __set_errno                              0x080059d9   Thumb Code     6  errno.o(i.__set_errno)
    _init_box                                0x080059e5   Thumb Code    70  rt_membox.o(i._init_box)
    dbg_init                                 0x08005a2d   Thumb Code    34  hal_cm.o(i.dbg_init)
    dbg_task_notify                          0x08005a5d   Thumb Code    32  hal_cm.o(i.dbg_task_notify)
    dbg_task_switch                          0x08005a7d   Thumb Code    16  hal_cm.o(i.dbg_task_switch)
    fabs                                     0x08005a8d   Thumb Code    32  fabs.o(i.fabs)
    isr_evt_set                              0x08005ad9   Thumb Code    34  rt_event.o(i.isr_evt_set)
    isr_mbx_receive                          0x08005b01   Thumb Code    80  rt_mailbox.o(i.isr_mbx_receive)
    isr_mbx_send                             0x08005b51   Thumb Code    14  rt_mailbox.o(i.isr_mbx_send)
    osDelay                                  0x08005b61   Thumb Code    18  rt_cmsis.o(i.osDelay)
    osKernelStart                            0x08005b79   Thumb Code    94  rt_cmsis.o(i.osKernelStart)
    osMessageGet                             0x08005be1   Thumb Code    64  rt_cmsis.o(i.osMessageGet)
    osMutexCreate                            0x08005c25   Thumb Code    18  rt_cmsis.o(i.osMutexCreate)
    osMutexRelease                           0x08005c3d   Thumb Code    18  rt_cmsis.o(i.osMutexRelease)
    osMutexWait                              0x08005c55   Thumb Code    18  rt_cmsis.o(i.osMutexWait)
    osSignalSet                              0x08005c6d   Thumb Code    48  rt_cmsis.o(i.osSignalSet)
    osSignalWait                             0x08005ca1   Thumb Code    18  rt_cmsis.o(i.osSignalWait)
    osThreadCreate                           0x08005cb9   Thumb Code    18  rt_cmsis.o(i.osThreadCreate)
    osThreadExit                             0x08005cd1   Thumb Code    14  rt_cmsis.o(i.osThreadExit)
    osTimerCall                              0x08005ce9   Thumb Code     8  rt_cmsis.o(i.osTimerCall)
    osTimerCreate                            0x08005cf5   Thumb Code    18  rt_cmsis.o(i.osTimerCreate)
    osTimerStart                             0x08005d0d   Thumb Code    18  rt_cmsis.o(i.osTimerStart)
    osTimerThread                            0x08005d25   Thumb Code    38  rt_cmsis.o(i.osTimerThread)
    rt_alloc_box                             0x08005d51   Thumb Code    28  rt_membox.o(i.rt_alloc_box)
    rt_alloc_mem                             0x08005d6d   Thumb Code    60  rt_memory.o(i.rt_alloc_mem)
    rt_block                                 0x08005da9   Thumb Code    48  rt_task.o(i.rt_block)
    rt_chk_robin                             0x08005de1   Thumb Code    58  rt_robin.o(i.rt_chk_robin)
    rt_dec_dly                               0x08005e29   Thumb Code   102  rt_list.o(i.rt_dec_dly)
    rt_dispatch                              0x08005e99   Thumb Code    60  rt_task.o(i.rt_dispatch)
    rt_dly_wait                              0x08005edd   Thumb Code     6  rt_time.o(i.rt_dly_wait)
    rt_evt_psh                               0x08005ee5   Thumb Code    76  rt_event.o(i.rt_evt_psh)
    rt_evt_set                               0x08005f35   Thumb Code    88  rt_event.o(i.rt_evt_set)
    rt_evt_wait                              0x08005f91   Thumb Code    58  rt_event.o(i.rt_evt_wait)
    rt_free_box                              0x08005fd1   Thumb Code    32  rt_membox.o(i.rt_free_box)
    rt_free_mem                              0x08005ff1   Thumb Code    40  rt_memory.o(i.rt_free_mem)
    rt_get_first                             0x08006019   Thumb Code    40  rt_list.o(i.rt_get_first)
    rt_init_mem                              0x08006089   Thumb Code    26  rt_memory.o(i.rt_init_mem)
    rt_init_robin                            0x080060a5   Thumb Code    14  rt_robin.o(i.rt_init_robin)
    rt_init_stack                            0x080060bd   Thumb Code    70  hal_cm.o(i.rt_init_stack)
    rt_mbx_check                             0x0800610d   Thumb Code     8  rt_mailbox.o(i.rt_mbx_check)
    rt_mbx_init                              0x08006115   Thumb Code    26  rt_mailbox.o(i.rt_mbx_init)
    rt_mbx_psh                               0x08006131   Thumb Code   248  rt_mailbox.o(i.rt_mbx_psh)
    rt_mbx_wait                              0x0800622d   Thumb Code   174  rt_mailbox.o(i.rt_mbx_wait)
    rt_mut_init                              0x0800631d   Thumb Code    16  rt_mutex.o(i.rt_mut_init)
    rt_mut_release                           0x0800632d   Thumb Code   150  rt_mutex.o(i.rt_mut_release)
    rt_mut_wait                              0x080063cd   Thumb Code    96  rt_mutex.o(i.rt_mut_wait)
    rt_pop_req                               0x08006431   Thumb Code   106  rt_system.o(i.rt_pop_req)
    rt_psh_req                               0x080064a9   Thumb Code    22  rt_system.o(i.rt_psh_req)
    rt_psq_enq                               0x080064c9   Thumb Code    82  rt_list.o(i.rt_psq_enq)
    rt_put_dly                               0x08006521   Thumb Code    88  rt_list.o(i.rt_put_dly)
    rt_put_prio                              0x0800657d   Thumb Code    56  rt_list.o(i.rt_put_prio)
    rt_put_rdy_first                         0x080065b5   Thumb Code    14  rt_list.o(i.rt_put_rdy_first)
    rt_resort_prio                           0x080065c9   Thumb Code    46  rt_list.o(i.rt_resort_prio)
    rt_ret_val                               0x0800660d   Thumb Code    12  hal_cm.o(i.rt_ret_val)
    rt_ret_val2                              0x08006619   Thumb Code    16  hal_cm.o(i.rt_ret_val2)
    rt_rmv_dly                               0x08006629   Thumb Code    40  rt_list.o(i.rt_rmv_dly)
    rt_rmv_list                              0x08006651   Thumb Code    44  rt_list.o(i.rt_rmv_list)
    rt_sem_psh                               0x08006681   Thumb Code    48  rt_semaphore.o(i.rt_sem_psh)
    rt_stk_check                             0x080066b5   Thumb Code    28  rt_system.o(i.rt_stk_check)
    rt_switch_req                            0x080066d9   Thumb Code    30  rt_task.o(i.rt_switch_req)
    rt_sys_init                              0x08006701   Thumb Code   242  rt_task.o(i.rt_sys_init)
    rt_systick                               0x08006841   Thumb Code    48  rt_system.o(i.rt_systick)
    rt_tsk_create                            0x08006909   Thumb Code   112  rt_task.o(i.rt_tsk_create)
    rt_tsk_delete                            0x08006989   Thumb Code   146  rt_task.o(i.rt_tsk_delete)
    rt_tsk_self                              0x08006a35   Thumb Code    12  rt_task.o(i.rt_tsk_self)
    sqrt                                     0x08006a45   Thumb Code   110  sqrt.o(i.sqrt)
    svcDelay                                 0x08006ab3   Thumb Code    20  rt_cmsis.o(i.svcDelay)
    svcKernelStart                           0x08006ac9   Thumb Code   174  rt_cmsis.o(i.svcKernelStart)
    svcMessageCreate                         0x08006b9d   Thumb Code    36  rt_cmsis.o(i.svcMessageCreate)
    svcMessageGet                            0x08006bc1   Thumb Code    58  rt_cmsis.o(i.svcMessageGet)
    svcMutexCreate                           0x08006bfb   Thumb Code    28  rt_cmsis.o(i.svcMutexCreate)
    svcMutexRelease                          0x08006c17   Thumb Code    34  rt_cmsis.o(i.svcMutexRelease)
    svcMutexWait                             0x08006c39   Thumb Code    54  rt_cmsis.o(i.svcMutexWait)
    svcSignalSet                             0x08006c6f   Thumb Code    36  rt_cmsis.o(i.svcSignalSet)
    svcSignalWait                            0x08006c95   Thumb Code    80  rt_cmsis.o(i.svcSignalWait)
    svcThreadCreate                          0x08006ce9   Thumb Code   100  rt_cmsis.o(i.svcThreadCreate)
    svcThreadGetId                           0x08006d59   Thumb Code    22  rt_cmsis.o(i.svcThreadGetId)
    svcThreadTerminate                       0x08006d75   Thumb Code    52  rt_cmsis.o(i.svcThreadTerminate)
    svcTimerCall                             0x08006dad   Thumb Code    24  rt_cmsis.o(i.svcTimerCall)
    svcTimerCreate                           0x08006dc5   Thumb Code    48  rt_cmsis.o(i.svcTimerCreate)
    svcTimerStart                            0x08006df9   Thumb Code    72  rt_cmsis.o(i.svcTimerStart)
    sysTimerTick                             0x08006e41   Thumb Code    76  rt_cmsis.o(i.sysTimerTick)
    os_maxtaskrun                            0x08006e94   Data           2  rtx_conf_cm.o(.constdata)
    os_stackinfo                             0x08006e98   Data           4  rtx_conf_cm.o(.constdata)
    os_rrobin                                0x08006e9c   Data           4  rtx_conf_cm.o(.constdata)
    os_trv                                   0x08006ea0   Data           4  rtx_conf_cm.o(.constdata)
    os_flags                                 0x08006ea4   Data           1  rtx_conf_cm.o(.constdata)
    os_clockrate                             0x08006ea8   Data           4  rtx_conf_cm.o(.constdata)
    os_timernum                              0x08006eac   Data           4  rtx_conf_cm.o(.constdata)
    mp_tcb_size                              0x08006eb0   Data           2  rtx_conf_cm.o(.constdata)
    mp_stk_size                              0x08006eb4   Data           4  rtx_conf_cm.o(.constdata)
    os_stack_sz                              0x08006eb8   Data           4  rtx_conf_cm.o(.constdata)
    os_fifo_size                             0x08006ebc   Data           1  rtx_conf_cm.o(.constdata)
    os_thread_def_osTimerThread              0x08006ec0   Data          16  rtx_conf_cm.o(.constdata)
    os_messageQ_def_osTimerMessageQ          0x08006ed0   Data           8  rtx_conf_cm.o(.constdata)
    mp_tmr_size                              0x08006ed8   Data           2  rtx_conf_cm.o(.constdata)
    os_thread_def_main                       0x08006edc   Data          16  rtx_conf_cm.o(.constdata)
    os_thread_def_accelerometer_thread       0x08006eec   Data          16  main.o(.constdata)
    os_thread_def_temperature_thread         0x08006efc   Data          16  main.o(.constdata)
    os_thread_def_mode_thread                0x08006f0c   Data          16  main.o(.constdata)
    os_thread_def_pushbutton_thread          0x08006f1c   Data          16  main.o(.constdata)
    os_thread_def_sw_pwm_thread              0x08006f2c   Data          16  main.o(.constdata)
    os_thread_def_hw_pwm_thread              0x08006f3c   Data          16  main.o(.constdata)
    os_mutex_def_orientation_mutex           0x08006f4c   Data           4  main.o(.constdata)
    os_mutex_def_temperature_reader_mutex    0x08006f50   Data           4  main.o(.constdata)
    os_mutex_def_mode_mutex                  0x08006f54   Data           4  main.o(.constdata)
    os_mutex_def_sw_pwm_mutex                0x08006f58   Data           4  main.o(.constdata)
    os_mutex_def_hw_pwm_mutex                0x08006f5c   Data           4  main.o(.constdata)
    os_timer_def_temperature_timer           0x08006f60   Data           8  main.o(.constdata)
    __mathlib_zero                           0x080070b8   Data           8  qnan.o(.constdata)
    Region$$Table$$Base                      0x080071b0   Number         0  anon$$obj.o(Region$$Table)
    Region$$Table$$Limit                     0x080071e0   Number         0  anon$$obj.o(Region$$Table)
    mp_tcb                                   0x10000000   Data         348  rtx_conf_cm.o(.bss)
    mp_stk                                   0x10000160   Data        4816  rtx_conf_cm.o(.bss)
    os_stack_mem                             0x10001430   Data        1632  rtx_conf_cm.o(.bss)
    os_fifo                                  0x10001a90   Data         132  rtx_conf_cm.o(.bss)
    os_active_TCB                            0x10001b14   Data          28  rtx_conf_cm.o(.bss)
    os_messageQ_q_osTimerMessageQ            0x10001b30   Data          32  rtx_conf_cm.o(.bss)
    SystemCoreClock                          0x20000000   Data           4  system_stm32f4xx.o(.data)
    AHBPrescTable                            0x20000004   Data          16  system_stm32f4xx.o(.data)
    os_tmr                                   0x20000014   Data           4  rtx_conf_cm.o(.data)
    m_tmr                                    0x20000018   Data           4  rtx_conf_cm.o(.data)
    osThreadId_osTimerThread                 0x2000001c   Data           4  rtx_conf_cm.o(.data)
    osMessageQId_osTimerMessageQ             0x20000020   Data           4  rtx_conf_cm.o(.data)
    LIS302DLTimeout                          0x20000070   Data           4  stm32f4_discovery_lis302dl.o(.data)
    os_timer_head                            0x20000074   Data           4  rt_cmsis.o(.data)
    os_tsk                                   0x20000078   Data           8  rt_task.o(.data)
    os_time                                  0x20000084   Data           2  rt_time.o(.data)
    dbg_msg                                  0x20000086   Data           1  hal_cm.o(.data)
    os_robin                                 0x20000088   Data           8  rt_robin.o(.data)
    os_mutex_cb_orientation_mutex            0x20000094   Data          12  main.o(.bss)
    os_mutex_cb_temperature_reader_mutex     0x200000a0   Data          12  main.o(.bss)
    os_mutex_cb_mode_mutex                   0x200000ac   Data          12  main.o(.bss)
    os_mutex_cb_sw_pwm_mutex                 0x200000b8   Data          12  main.o(.bss)
    os_mutex_cb_hw_pwm_mutex                 0x200000c4   Data          12  main.o(.bss)
    os_timer_cb_temperature_timer            0x200000d0   Data          20  main.o(.bss)
    os_idle_TCB                              0x200000e4   Data          48  rt_task.o(.bss)
    os_rdy                                   0x20000114   Data          24  rt_list.o(.bss)
    os_dly                                   0x2000012c   Data          24  rt_list.o(.bss)
    __initial_sp                             0x20000548   Data           0  startup_stm32f4xx.o(STACK)



==============================================================================

Memory Map of the image

  Image Entry point : 0x08000189

  Load Region LR_IROM1 (Base: 0x08000000, Size: 0x00007274, Max: 0x00100000, ABSOLUTE)

    Execution Region ER_IROM1 (Base: 0x08000000, Size: 0x000071e0, Max: 0x00100000, ABSOLUTE)

    Base Addr    Size         Type   Attr      Idx    E Section Name        Object

    0x08000000   0x00000188   Data   RO          132    RESET               startup_stm32f4xx.o
    0x08000188   0x00000000   Code   RO         2255  * .ARM.Collect$$$$00000000  mc_w.l(entry.o)
    0x08000188   0x00000004   Code   RO         2309    .ARM.Collect$$$$00000001  mc_w.l(entry2.o)
    0x0800018c   0x00000004   Code   RO         2312    .ARM.Collect$$$$00000004  mc_w.l(entry5.o)
    0x08000190   0x00000000   Code   RO         2314    .ARM.Collect$$$$00000008  mc_w.l(entry7b.o)
    0x08000190   0x00000000   Code   RO         2316    .ARM.Collect$$$$0000000A  mc_w.l(entry8b.o)
    0x08000190   0x00000000   Code   RO         2317    .ARM.Collect$$$$0000000D  mc_w.l(entry10a.o)
    0x08000190   0x00000000   Code   RO         2319    .ARM.Collect$$$$0000000F  mc_w.l(entry11a.o)
    0x08000190   0x00000010   Code   RO          137    .ARM.Collect$$$$000000FF  rtx_conf_cm.o
    0x080001a0   0x00000004   Code   RO         2310    .ARM.Collect$$$$00002712  mc_w.l(entry2.o)
    0x080001a4   0x00000174   Code   RO         2190    .emb_text           RTX_CM4.lib(hal_cm4.o)
    0x08000318   0x0000020c   Code   RO            3    .text               system_stm32f4xx.o
    0x08000524   0x00000024   Code   RO          133    .text               startup_stm32f4xx.o
    0x08000548   0x00000008   Code   RO          138    .text               rtx_conf_cm.o
    0x08000550   0x000003a0   Code   RO          171    .text               main.o
    0x080008f0   0x00000358   Code   RO          235    .text               lab4_init.o
    0x08000c48   0x00000650   Code   RO          258    .text               lab4_accelerometer.o
    0x08001298   0x000000d8   Code   RO          284    .text               lab4_filter.o
    0x08001370   0x00000130   Code   RO          304    .text               lab4_temp.o
    0x080014a0   0x000001e4   Code   RO          362    .text               lab4_hw_pwm.o
    0x08001684   0x000000e4   Code   RO          382    .text               misc.o
    0x08001768   0x00000470   Code   RO          480    .text               stm32f4xx_adc.o
    0x08001bd8   0x0000011c   Code   RO          721    .text               stm32f4xx_exti.o
    0x08001cf4   0x0000025c   Code   RO          790    .text               stm32f4xx_gpio.o
    0x08001f50   0x00000588   Code   RO          939    .text               stm32f4xx_rcc.o
    0x080024d8   0x000003f4   Code   RO         1030    .text               stm32f4xx_spi.o
    0x080028cc   0x0000008c   Code   RO         1053    .text               stm32f4xx_syscfg.o
    0x08002958   0x00000ca2   Code   RO         1073    .text               stm32f4xx_tim.o
    0x080035fa   0x00000002   PAD
    0x080035fc   0x000003c0   Code   RO         1139    .text               stm32f4_discovery_lis302dl.o
    0x080039bc   0x00000024   Code   RO         2258    .text               mc_w.l(memcpya.o)
    0x080039e0   0x0000014e   Code   RO         2262    .text               mf_w.l(dadd.o)
    0x08003b2e   0x000000e4   Code   RO         2264    .text               mf_w.l(dmul.o)
    0x08003c12   0x000000de   Code   RO         2266    .text               mf_w.l(ddiv.o)
    0x08003cf0   0x00000022   Code   RO         2270    .text               mf_w.l(dflti.o)
    0x08003d12   0x0000001a   Code   RO         2272    .text               mf_w.l(dfltui.o)
    0x08003d2c   0x0000003e   Code   RO         2274    .text               mf_w.l(dfixi.o)
    0x08003d6a   0x00000032   Code   RO         2276    .text               mf_w.l(dfixui.o)
    0x08003d9c   0x00000026   Code   RO         2278    .text               mf_w.l(f2d.o)
    0x08003dc2   0x00000038   Code   RO         2280    .text               mf_w.l(d2f.o)
    0x08003dfa   0x0000001e   Code   RO         2321    .text               mc_w.l(llshl.o)
    0x08003e18   0x00000020   Code   RO         2323    .text               mc_w.l(llushr.o)
    0x08003e38   0x00000024   Code   RO         2325    .text               mc_w.l(llsshr.o)
    0x08003e5c   0x00000000   Code   RO         2334    .text               mc_w.l(iusefp.o)
    0x08003e5c   0x0000006c   Code   RO         2335    .text               mf_w.l(fepilogue.o)
    0x08003ec8   0x000000be   Code   RO         2337    .text               mf_w.l(depilogue.o)
    0x08003f86   0x0000002e   Code   RO         2339    .text               mf_w.l(dscalb.o)
    0x08003fb4   0x000000a2   Code   RO         2341    .text               mf_w.l(dsqrt.o)
    0x08004056   0x00000002   PAD
    0x08004058   0x00000028   Code   RO         2345    .text               mf_w.l(cdrcmple.o)
    0x08004080   0x00000024   Code   RO         2347    .text               mc_w.l(init.o)
    0x080040a4   0x00000004   Code   RO         2200    SVC_TABLE           RTX_CM4.lib(SVC_Table.o)
    0x080040a8   0x00000030   Code   RO         2293    i.__ARM_fpclassify  m_wm.l(fpclassify.o)
    0x080040d8   0x000002e8   Code   RO         2203    i.__hardfp_atan     m_wm.l(atan.o)
    0x080043c0   0x000000d8   Code   RO         2217    i.__hardfp_cos      m_wm.l(cos.o)
    0x08004498   0x00000c90   Code   RO         2229    i.__hardfp_pow      m_wm.l(pow.o)
    0x08005128   0x0000007a   Code   RO         2243    i.__hardfp_sqrt     m_wm.l(sqrt.o)
    0x080051a2   0x00000006   PAD
    0x080051a8   0x00000458   Code   RO         2298    i.__ieee754_rem_pio2  m_wm.l(rred.o)
    0x08005600   0x00000170   Code   RO         2282    i.__kernel_cos      m_wm.l(cos_i.o)
    0x08005770   0x000000f8   Code   RO         2295    i.__kernel_poly     m_wm.l(poly.o)
    0x08005868   0x00000130   Code   RO         2303    i.__kernel_sin      m_wm.l(sin_i.o)
    0x08005998   0x00000020   Code   RO         2285    i.__mathlib_dbl_underflow  m_wm.l(dunder.o)
    0x080059b8   0x0000000e   Code   RO         2351    i.__scatterload_copy  mc_w.l(handlers.o)
    0x080059c6   0x00000002   Code   RO         2352    i.__scatterload_null  mc_w.l(handlers.o)
    0x080059c8   0x0000000e   Code   RO         2353    i.__scatterload_zeroinit  mc_w.l(handlers.o)
    0x080059d6   0x00000002   PAD
    0x080059d8   0x0000000c   Code   RO         2329    i.__set_errno       mc_w.l(errno.o)
    0x080059e4   0x00000046   Code   RO         2063    i._init_box         RTX_CM4.lib(rt_membox.o)
    0x08005a2a   0x00000002   PAD
    0x08005a2c   0x00000030   Code   RO         2116    i.dbg_init          RTX_CM4.lib(hal_cm.o)
    0x08005a5c   0x00000020   Code   RO         2117    i.dbg_task_notify   RTX_CM4.lib(hal_cm.o)
    0x08005a7c   0x00000010   Code   RO         2118    i.dbg_task_switch   RTX_CM4.lib(hal_cm.o)
    0x08005a8c   0x00000020   Code   RO         2289    i.fabs              m_wm.l(fabs.o)
    0x08005aac   0x0000002c   Code   RO         1162    i.isrMessagePut     RTX_CM4.lib(rt_cmsis.o)
    0x08005ad8   0x00000028   Code   RO         1809    i.isr_evt_set       RTX_CM4.lib(rt_event.o)
    0x08005b00   0x00000050   Code   RO         1927    i.isr_mbx_receive   RTX_CM4.lib(rt_mailbox.o)
    0x08005b50   0x0000000e   Code   RO         1928    i.isr_mbx_send      RTX_CM4.lib(rt_mailbox.o)
    0x08005b5e   0x00000002   PAD
    0x08005b60   0x00000018   Code   RO         1163    i.osDelay           RTX_CM4.lib(rt_cmsis.o)
    0x08005b78   0x00000068   Code   RO         1165    i.osKernelStart     RTX_CM4.lib(rt_cmsis.o)
    0x08005be0   0x00000044   Code   RO         1173    i.osMessageGet      RTX_CM4.lib(rt_cmsis.o)
    0x08005c24   0x00000018   Code   RO         1175    i.osMutexCreate     RTX_CM4.lib(rt_cmsis.o)
    0x08005c3c   0x00000018   Code   RO         1176    i.osMutexRelease    RTX_CM4.lib(rt_cmsis.o)
    0x08005c54   0x00000018   Code   RO         1177    i.osMutexWait       RTX_CM4.lib(rt_cmsis.o)
    0x08005c6c   0x00000034   Code   RO         1187    i.osSignalSet       RTX_CM4.lib(rt_cmsis.o)
    0x08005ca0   0x00000018   Code   RO         1188    i.osSignalWait      RTX_CM4.lib(rt_cmsis.o)
    0x08005cb8   0x00000018   Code   RO         1189    i.osThreadCreate    RTX_CM4.lib(rt_cmsis.o)
    0x08005cd0   0x00000018   Code   RO         1190    i.osThreadExit      RTX_CM4.lib(rt_cmsis.o)
    0x08005ce8   0x0000000c   Code   RO         1196    i.osTimerCall       RTX_CM4.lib(rt_cmsis.o)
    0x08005cf4   0x00000018   Code   RO         1197    i.osTimerCreate     RTX_CM4.lib(rt_cmsis.o)
    0x08005d0c   0x00000018   Code   RO         1198    i.osTimerStart      RTX_CM4.lib(rt_cmsis.o)
    0x08005d24   0x0000002c   Code   RO         1200    i.osTimerThread     RTX_CM4.lib(rt_cmsis.o)
    0x08005d50   0x0000001c   Code   RO         2064    i.rt_alloc_box      RTX_CM4.lib(rt_membox.o)
    0x08005d6c   0x0000003c   Code   RO         2092    i.rt_alloc_mem      RTX_CM4.lib(rt_memory.o)
    0x08005da8   0x00000038   Code   RO         1684    i.rt_block          RTX_CM4.lib(rt_task.o)
    0x08005de0   0x00000048   Code   RO         2169    i.rt_chk_robin      RTX_CM4.lib(rt_robin.o)
    0x08005e28   0x00000070   Code   RO         1851    i.rt_dec_dly        RTX_CM4.lib(rt_list.o)
    0x08005e98   0x00000044   Code   RO         1685    i.rt_dispatch       RTX_CM4.lib(rt_task.o)
    0x08005edc   0x00000006   Code   RO         2011    i.rt_dly_wait       RTX_CM4.lib(rt_time.o)
    0x08005ee2   0x00000002   PAD
    0x08005ee4   0x00000050   Code   RO         1812    i.rt_evt_psh        RTX_CM4.lib(rt_event.o)
    0x08005f34   0x0000005c   Code   RO         1813    i.rt_evt_set        RTX_CM4.lib(rt_event.o)
    0x08005f90   0x00000040   Code   RO         1814    i.rt_evt_wait       RTX_CM4.lib(rt_event.o)
    0x08005fd0   0x00000020   Code   RO         2065    i.rt_free_box       RTX_CM4.lib(rt_membox.o)
    0x08005ff0   0x00000028   Code   RO         2093    i.rt_free_mem       RTX_CM4.lib(rt_memory.o)
    0x08006018   0x00000028   Code   RO         1852    i.rt_get_first      RTX_CM4.lib(rt_list.o)
    0x08006040   0x00000008   Code   RO         1203    i.rt_id2obj         RTX_CM4.lib(rt_cmsis.o)
    0x08006048   0x00000040   Code   RO         1686    i.rt_init_context   RTX_CM4.lib(rt_task.o)
    0x08006088   0x0000001a   Code   RO         2094    i.rt_init_mem       RTX_CM4.lib(rt_memory.o)
    0x080060a2   0x00000002   PAD
    0x080060a4   0x00000018   Code   RO         2170    i.rt_init_robin     RTX_CM4.lib(rt_robin.o)
    0x080060bc   0x00000050   Code   RO         2119    i.rt_init_stack     RTX_CM4.lib(hal_cm.o)
    0x0800610c   0x00000008   Code   RO         1929    i.rt_mbx_check      RTX_CM4.lib(rt_mailbox.o)
    0x08006114   0x0000001a   Code   RO         1930    i.rt_mbx_init       RTX_CM4.lib(rt_mailbox.o)
    0x0800612e   0x00000002   PAD
    0x08006130   0x000000fc   Code   RO         1931    i.rt_mbx_psh        RTX_CM4.lib(rt_mailbox.o)
    0x0800622c   0x000000b4   Code   RO         1933    i.rt_mbx_wait       RTX_CM4.lib(rt_mailbox.o)
    0x080062e0   0x0000003c   Code   RO         1204    i.rt_ms2tick        RTX_CM4.lib(rt_cmsis.o)
    0x0800631c   0x00000010   Code   RO         2038    i.rt_mut_init       RTX_CM4.lib(rt_mutex.o)
    0x0800632c   0x000000a0   Code   RO         2039    i.rt_mut_release    RTX_CM4.lib(rt_mutex.o)
    0x080063cc   0x00000064   Code   RO         2040    i.rt_mut_wait       RTX_CM4.lib(rt_mutex.o)
    0x08006430   0x00000078   Code   RO         1763    i.rt_pop_req        RTX_CM4.lib(rt_system.o)
    0x080064a8   0x00000020   Code   RO         1764    i.rt_psh_req        RTX_CM4.lib(rt_system.o)
    0x080064c8   0x00000058   Code   RO         1854    i.rt_psq_enq        RTX_CM4.lib(rt_list.o)
    0x08006520   0x0000005c   Code   RO         1855    i.rt_put_dly        RTX_CM4.lib(rt_list.o)
    0x0800657c   0x00000038   Code   RO         1856    i.rt_put_prio       RTX_CM4.lib(rt_list.o)
    0x080065b4   0x00000014   Code   RO         1857    i.rt_put_rdy_first  RTX_CM4.lib(rt_list.o)
    0x080065c8   0x00000034   Code   RO         1858    i.rt_resort_prio    RTX_CM4.lib(rt_list.o)
    0x080065fc   0x00000010   Code   RO         2120    i.rt_ret_regs       RTX_CM4.lib(hal_cm.o)
    0x0800660c   0x0000000c   Code   RO         2121    i.rt_ret_val        RTX_CM4.lib(hal_cm.o)
    0x08006618   0x00000010   Code   RO         2122    i.rt_ret_val2       RTX_CM4.lib(hal_cm.o)
    0x08006628   0x00000028   Code   RO         1859    i.rt_rmv_dly        RTX_CM4.lib(rt_list.o)
    0x08006650   0x00000030   Code   RO         1860    i.rt_rmv_list       RTX_CM4.lib(rt_list.o)
    0x08006680   0x00000034   Code   RO         1977    i.rt_sem_psh        RTX_CM4.lib(rt_semaphore.o)
    0x080066b4   0x00000024   Code   RO         1765    i.rt_stk_check      RTX_CM4.lib(rt_system.o)
    0x080066d8   0x00000028   Code   RO         1687    i.rt_switch_req     RTX_CM4.lib(rt_task.o)
    0x08006700   0x00000140   Code   RO         1688    i.rt_sys_init       RTX_CM4.lib(rt_task.o)
    0x08006840   0x0000003c   Code   RO         1766    i.rt_systick        RTX_CM4.lib(rt_system.o)
    0x0800687c   0x00000012   Code   RO         1205    i.rt_tid2ptcb       RTX_CM4.lib(rt_cmsis.o)
    0x0800688e   0x00000002   PAD
    0x08006890   0x0000003c   Code   RO         1206    i.rt_timer_insert   RTX_CM4.lib(rt_cmsis.o)
    0x080068cc   0x0000003c   Code   RO         1207    i.rt_timer_remove   RTX_CM4.lib(rt_cmsis.o)
    0x08006908   0x00000080   Code   RO         1689    i.rt_tsk_create     RTX_CM4.lib(rt_task.o)
    0x08006988   0x000000ac   Code   RO         1690    i.rt_tsk_delete     RTX_CM4.lib(rt_task.o)
    0x08006a34   0x00000010   Code   RO         1693    i.rt_tsk_self       RTX_CM4.lib(rt_task.o)
    0x08006a44   0x0000006e   Code   RO         2245    i.sqrt              m_wm.l(sqrt.o)
    0x08006ab2   0x00000014   Code   RO         1208    i.svcDelay          RTX_CM4.lib(rt_cmsis.o)
    0x08006ac6   0x00000002   PAD
    0x08006ac8   0x000000d4   Code   RO         1209    i.svcKernelStart    RTX_CM4.lib(rt_cmsis.o)
    0x08006b9c   0x00000024   Code   RO         1211    i.svcMessageCreate  RTX_CM4.lib(rt_cmsis.o)
    0x08006bc0   0x0000003a   Code   RO         1212    i.svcMessageGet     RTX_CM4.lib(rt_cmsis.o)
    0x08006bfa   0x0000001c   Code   RO         1214    i.svcMutexCreate    RTX_CM4.lib(rt_cmsis.o)
    0x08006c16   0x00000022   Code   RO         1215    i.svcMutexRelease   RTX_CM4.lib(rt_cmsis.o)
    0x08006c38   0x00000036   Code   RO         1216    i.svcMutexWait      RTX_CM4.lib(rt_cmsis.o)
    0x08006c6e   0x00000024   Code   RO         1223    i.svcSignalSet      RTX_CM4.lib(rt_cmsis.o)
    0x08006c92   0x00000002   PAD
    0x08006c94   0x00000054   Code   RO         1224    i.svcSignalWait     RTX_CM4.lib(rt_cmsis.o)
    0x08006ce8   0x00000070   Code   RO         1225    i.svcThreadCreate   RTX_CM4.lib(rt_cmsis.o)
    0x08006d58   0x0000001c   Code   RO         1226    i.svcThreadGetId    RTX_CM4.lib(rt_cmsis.o)
    0x08006d74   0x00000038   Code   RO         1229    i.svcThreadTerminate  RTX_CM4.lib(rt_cmsis.o)
    0x08006dac   0x00000018   Code   RO         1231    i.svcTimerCall      RTX_CM4.lib(rt_cmsis.o)
    0x08006dc4   0x00000034   Code   RO         1232    i.svcTimerCreate    RTX_CM4.lib(rt_cmsis.o)
    0x08006df8   0x00000048   Code   RO         1233    i.svcTimerStart     RTX_CM4.lib(rt_cmsis.o)
    0x08006e40   0x00000054   Code   RO         1239    i.sysTimerTick      RTX_CM4.lib(rt_cmsis.o)
    0x08006e94   0x00000058   Data   RO          140    .constdata          rtx_conf_cm.o
    0x08006eec   0x0000007c   Data   RO          173    .constdata          main.o
    0x08006f68   0x00000098   Data   RO         2206    .constdata          m_wm.l(atan.o)
    0x08007000   0x00000088   Data   RO         2232    .constdata          m_wm.l(pow.o)
    0x08007088   0x00000030   Data   RO         2283    .constdata          m_wm.l(cos_i.o)
    0x080070b8   0x00000008   Data   RO         2297    .constdata          m_wm.l(qnan.o)
    0x080070c0   0x000000c8   Data   RO         2300    .constdata          m_wm.l(rred.o)
    0x08007188   0x00000028   Data   RO         2304    .constdata          m_wm.l(sin_i.o)
    0x080071b0   0x00000030   Data   RO         2349    Region$$Table       anon$$obj.o


    Execution Region RW_IRAM1 (Base: 0x10000000, Size: 0x00001b50, Max: 0x0001ffff, ABSOLUTE)

    Base Addr    Size         Type   Attr      Idx    E Section Name        Object

    0x10000000   0x00001b50   Zero   RW          139    .bss                rtx_conf_cm.o


    Execution Region RW_IRAM2 (Base: 0x20000000, Size: 0x00000548, Max: 0x0001ffff, ABSOLUTE)

    Base Addr    Size         Type   Attr      Idx    E Section Name        Object

    0x20000000   0x00000014   Data   RW            4    .data               system_stm32f4xx.o
    0x20000014   0x00000010   Data   RW          141    .data               rtx_conf_cm.o
    0x20000024   0x0000003c   Data   RW          174    .data               main.o
    0x20000060   0x00000010   Data   RW          940    .data               stm32f4xx_rcc.o
    0x20000070   0x00000004   Data   RW         1140    .data               stm32f4_discovery_lis302dl.o
    0x20000074   0x00000004   Data   RW         1240    .data               RTX_CM4.lib(rt_cmsis.o)
    0x20000078   0x00000008   Data   RW         1695    .data               RTX_CM4.lib(rt_task.o)
    0x20000080   0x00000003   Data   RW         1769    .data               RTX_CM4.lib(rt_system.o)
    0x20000083   0x00000001   PAD
    0x20000084   0x00000002   Data   RW         2014    .data               RTX_CM4.lib(rt_time.o)
    0x20000086   0x00000001   Data   RW         2123    .data               RTX_CM4.lib(hal_cm.o)
    0x20000087   0x00000001   PAD
    0x20000088   0x00000008   Data   RW         2171    .data               RTX_CM4.lib(rt_robin.o)
    0x20000090   0x00000004   Data   RW         2330    .data               mc_w.l(errno.o)
    0x20000094   0x00000050   Zero   RW          172    .bss                main.o
    0x200000e4   0x00000030   Zero   RW         1694    .bss                RTX_CM4.lib(rt_task.o)
    0x20000114   0x00000030   Zero   RW         1861    .bss                RTX_CM4.lib(rt_list.o)
    0x20000144   0x00000004   PAD
    0x20000148   0x00000400   Zero   RW          130    STACK               startup_stm32f4xx.o


==============================================================================

Image component sizes


      Code (inc. data)   RO Data    RW Data    ZI Data      Debug   Object Name

      1616        132          0          0          0       2886   lab4_accelerometer.o
       216         20          0          0          0       1513   lab4_filter.o
       484         36          0          0          0       1845   lab4_hw_pwm.o
       856         26          0          0          0       7804   lab4_init.o
       304         34          0          0          0       1512   lab4_temp.o
       928        116        124         60         80      28566   main.o
       228         22          0          0          0       3561   misc.o
        24          6         88         16       6992       6420   rtx_conf_cm.o
        36          8        392          0       1024        764   startup_stm32f4xx.o
       960         18          0          4          0       4200   stm32f4_discovery_lis302dl.o
      1136         28          0          0          0      24442   stm32f4xx_adc.o
       284         10          0          0          0       4743   stm32f4xx_exti.o
       604         36          0          0          0      10473   stm32f4xx_gpio.o
      1416         48          0         16          0      23883   stm32f4xx_rcc.o
      1012         22          0          0          0      14901   stm32f4xx_spi.o
       140         12          0          0          0       1683   stm32f4xx_syscfg.o
      3234         60          0          0          0      42120   stm32f4xx_tim.o
       524         44          0         20          0     265359   system_stm32f4xx.o

    ----------------------------------------------------------------------
     14004        678        652        116       8096     446675   Object Totals
         0          0         48          0          0          0   (incl. Generated)
         2          0          0          0          0          0   (incl. Padding)

    ----------------------------------------------------------------------

      Code (inc. data)   RO Data    RW Data    ZI Data      Debug   Library Member Name

         4          4          0          0          0        132   SVC_Table.o
       220         24          0          1          0       3876   hal_cm.o
       372         32          0          0          0        616   hal_cm4.o
      1736        180          0          4          0      36568   rt_cmsis.o
       276         20          0          0          0       2550   rt_event.o
       548         36          0          0         48       7201   rt_list.o
       560         10          0          0          0       3829   rt_mailbox.o
       130          0          0          0          0       1837   rt_membox.o
       126          0          0          0          0       2159   rt_memory.o
       276         14          0          0          0       1869   rt_mutex.o
        96         24          0          8          0       1042   rt_robin.o
        52          4          0          0          0        557   rt_semaphore.o
       248         44          0          3          0       2066   rt_system.o
       864        154          0          8         48       7224   rt_task.o
         6          0          0          2          0        572   rt_time.o
       744        108        152          0          0        220   atan.o
       216         16          0          0          0        152   cos.o
       368         46         48          0          0        200   cos_i.o
        32          8          0          0          0        124   dunder.o
        32          0          0          0          0        124   fabs.o
        48          0          0          0          0        124   fpclassify.o
       248          0          0          0          0        152   poly.o
      3216        310        136          0          0        216   pow.o
         0          0          8          0          0          0   qnan.o
      1112        140        200          0          0        188   rred.o
       304         24         40          0          0        208   sin_i.o
       232          0          0          0          0        296   sqrt.o
         0          0          0          0          0          0   entry.o
         0          0          0          0          0          0   entry10a.o
         0          0          0          0          0          0   entry11a.o
         8          4          0          0          0          0   entry2.o
         4          0          0          0          0          0   entry5.o
         0          0          0          0          0          0   entry7b.o
         0          0          0          0          0          0   entry8b.o
        12          6          0          4          0         68   errno.o
        30          0          0          0          0          0   handlers.o
        36          8          0          0          0         68   init.o
         0          0          0          0          0          0   iusefp.o
        30          0          0          0          0         68   llshl.o
        36          0          0          0          0         68   llsshr.o
        32          0          0          0          0         68   llushr.o
        36          0          0          0          0         68   memcpya.o
        40          2          0          0          0         68   cdrcmple.o
        56          0          0          0          0         88   d2f.o
       334          0          0          0          0        148   dadd.o
       222          0          0          0          0        100   ddiv.o
       190          0          0          0          0        176   depilogue.o
        62          0          0          0          0         80   dfixi.o
        50          0          0          0          0         76   dfixui.o
        34          0          0          0          0         76   dflti.o
        26          0          0          0          0         76   dfltui.o
       228          0          0          0          0         96   dmul.o
        46          0          0          0          0         80   dscalb.o
       162          0          0          0          0        100   dsqrt.o
        38          0          0          0          0         68   f2d.o
       108          0          0          0          0        168   fepilogue.o

    ----------------------------------------------------------------------
     13912       1218        584         32        100      75910   Library Totals
        26          0          0          2          4          0   (incl. Padding)

    ----------------------------------------------------------------------

      Code (inc. data)   RO Data    RW Data    ZI Data      Debug   Library Name

      5514        546          0         26         96      72098   RTX_CM4.lib
      6552        652        584          0          0       2004   m_wm.l
       224         18          0          4          0        408   mc_w.l
      1596          2          0          0          0       1400   mf_w.l

    ----------------------------------------------------------------------
     13912       1218        584         32        100      75910   Library Totals

    ----------------------------------------------------------------------

==============================================================================


      Code (inc. data)   RO Data    RW Data    ZI Data      Debug   

     27916       1896       1236        148       8196     508301   Grand Totals
     27916       1896       1236        148       8196     508301   ELF Image Totals
     27916       1896       1236        148          0          0   ROM Totals

==============================================================================

    Total RO  Size (Code + RO Data)                29152 (  28.47kB)
    Total RW  Size (RW Data + ZI Data)              8344 (   8.15kB)
    Total ROM Size (Code + RO Data + RW Data)      29300 (  28.61kB)

==============================================================================

